Archive member included to satisfy reference by file (symbol)

/home/daniel/.pico-sdk/toolchain/14_2_Rel1/bin/../lib/gcc/arm-none-eabi/14.2.1/thumb/v6-m/nofp/libgcc.a(_dvmd_tls.o)
                              CMakeFiles/lamp-setup.dir/home/daniel/.pico-sdk/sdk/2.1.1/src/rp2_common/pico_divider/divider_hardware.S.o (__aeabi_idiv0)
/home/daniel/.pico-sdk/toolchain/14_2_Rel1/bin/../lib/gcc/arm-none-eabi/14.2.1/../../../../arm-none-eabi/lib/thumb/v6-m/nofp/libg.a(libc_a-calloc.o)
                              CMakeFiles/lamp-setup.dir/home/daniel/.pico-sdk/sdk/2.1.1/src/rp2_common/pico_malloc/malloc.c.o (calloc)
/home/daniel/.pico-sdk/toolchain/14_2_Rel1/bin/../lib/gcc/arm-none-eabi/14.2.1/../../../../arm-none-eabi/lib/thumb/v6-m/nofp/libg.a(libc_a-callocr.o)
                              /home/daniel/.pico-sdk/toolchain/14_2_Rel1/bin/../lib/gcc/arm-none-eabi/14.2.1/../../../../arm-none-eabi/lib/thumb/v6-m/nofp/libg.a(libc_a-calloc.o) (_calloc_r)
/home/daniel/.pico-sdk/toolchain/14_2_Rel1/bin/../lib/gcc/arm-none-eabi/14.2.1/../../../../arm-none-eabi/lib/thumb/v6-m/nofp/libg.a(libc_a-malloc.o)
                              CMakeFiles/lamp-setup.dir/home/daniel/.pico-sdk/sdk/2.1.1/src/rp2_common/pico_malloc/malloc.c.o (malloc)
/home/daniel/.pico-sdk/toolchain/14_2_Rel1/bin/../lib/gcc/arm-none-eabi/14.2.1/../../../../arm-none-eabi/lib/thumb/v6-m/nofp/libg.a(libc_a-mallocr.o)
                              /home/daniel/.pico-sdk/toolchain/14_2_Rel1/bin/../lib/gcc/arm-none-eabi/14.2.1/../../../../arm-none-eabi/lib/thumb/v6-m/nofp/libg.a(libc_a-callocr.o) (_malloc_r)
/home/daniel/.pico-sdk/toolchain/14_2_Rel1/bin/../lib/gcc/arm-none-eabi/14.2.1/../../../../arm-none-eabi/lib/thumb/v6-m/nofp/libg.a(libc_a-mlock.o)
                              /home/daniel/.pico-sdk/toolchain/14_2_Rel1/bin/../lib/gcc/arm-none-eabi/14.2.1/../../../../arm-none-eabi/lib/thumb/v6-m/nofp/libg.a(libc_a-mallocr.o) (__malloc_lock)
/home/daniel/.pico-sdk/toolchain/14_2_Rel1/bin/../lib/gcc/arm-none-eabi/14.2.1/../../../../arm-none-eabi/lib/thumb/v6-m/nofp/libg.a(libc_a-realloc.o)
                              CMakeFiles/lamp-setup.dir/home/daniel/.pico-sdk/sdk/2.1.1/src/rp2_common/pico_malloc/malloc.c.o (realloc)
/home/daniel/.pico-sdk/toolchain/14_2_Rel1/bin/../lib/gcc/arm-none-eabi/14.2.1/../../../../arm-none-eabi/lib/thumb/v6-m/nofp/libg.a(libc_a-reallocr.o)
                              /home/daniel/.pico-sdk/toolchain/14_2_Rel1/bin/../lib/gcc/arm-none-eabi/14.2.1/../../../../arm-none-eabi/lib/thumb/v6-m/nofp/libg.a(libc_a-realloc.o) (_realloc_r)
/home/daniel/.pico-sdk/toolchain/14_2_Rel1/bin/../lib/gcc/arm-none-eabi/14.2.1/../../../../arm-none-eabi/lib/thumb/v6-m/nofp/libg.a(libc_a-memcmp.o)
                              CMakeFiles/lamp-setup.dir/home/daniel/.pico-sdk/sdk/2.1.1/src/rp2_common/pico_atomic/atomic.c.o (memcmp)
/home/daniel/.pico-sdk/toolchain/14_2_Rel1/bin/../lib/gcc/arm-none-eabi/14.2.1/../../../../arm-none-eabi/lib/thumb/v6-m/nofp/libg.a(libc_a-memmove.o)
                              /home/daniel/.pico-sdk/toolchain/14_2_Rel1/bin/../lib/gcc/arm-none-eabi/14.2.1/../../../../arm-none-eabi/lib/thumb/v6-m/nofp/libg.a(libc_a-reallocr.o) (memmove)
/home/daniel/.pico-sdk/toolchain/14_2_Rel1/bin/../lib/gcc/arm-none-eabi/14.2.1/../../../../arm-none-eabi/lib/thumb/v6-m/nofp/libg.a(libc_a-lcltime_r.o)
                              CMakeFiles/lamp-setup.dir/home/daniel/.pico-sdk/sdk/2.1.1/src/common/pico_util/datetime.c.o (localtime_r)
/home/daniel/.pico-sdk/toolchain/14_2_Rel1/bin/../lib/gcc/arm-none-eabi/14.2.1/../../../../arm-none-eabi/lib/thumb/v6-m/nofp/libg.a(libc_a-mktime.o)
                              CMakeFiles/lamp-setup.dir/home/daniel/.pico-sdk/sdk/2.1.1/src/common/pico_util/datetime.c.o (mktime)
/home/daniel/.pico-sdk/toolchain/14_2_Rel1/bin/../lib/gcc/arm-none-eabi/14.2.1/../../../../arm-none-eabi/lib/thumb/v6-m/nofp/libg.a(libc_a-month_lengths.o)
                              /home/daniel/.pico-sdk/toolchain/14_2_Rel1/bin/../lib/gcc/arm-none-eabi/14.2.1/../../../../arm-none-eabi/lib/thumb/v6-m/nofp/libg.a(libc_a-lcltime_r.o) (__month_lengths)
/home/daniel/.pico-sdk/toolchain/14_2_Rel1/bin/../lib/gcc/arm-none-eabi/14.2.1/../../../../arm-none-eabi/lib/thumb/v6-m/nofp/libg.a(libc_a-tzcalc_limits.o)
                              /home/daniel/.pico-sdk/toolchain/14_2_Rel1/bin/../lib/gcc/arm-none-eabi/14.2.1/../../../../arm-none-eabi/lib/thumb/v6-m/nofp/libg.a(libc_a-lcltime_r.o) (__tzcalc_limits)
/home/daniel/.pico-sdk/toolchain/14_2_Rel1/bin/../lib/gcc/arm-none-eabi/14.2.1/../../../../arm-none-eabi/lib/thumb/v6-m/nofp/libg.a(libc_a-tzlock.o)
                              /home/daniel/.pico-sdk/toolchain/14_2_Rel1/bin/../lib/gcc/arm-none-eabi/14.2.1/../../../../arm-none-eabi/lib/thumb/v6-m/nofp/libg.a(libc_a-lcltime_r.o) (__tz_lock)
/home/daniel/.pico-sdk/toolchain/14_2_Rel1/bin/../lib/gcc/arm-none-eabi/14.2.1/../../../../arm-none-eabi/lib/thumb/v6-m/nofp/libg.a(libc_a-tzset.o)
[...]
Memory Configuration

Name             Origin             Length             Attributes
FLASH            0x10000000         0x00800000         xr
RAM              0x20000000         0x00040000         xrw
SCRATCH_X        0x20040000         0x00001000         xrw
SCRATCH_Y        0x20041000         0x00001000         xrw
*default*        0x00000000         0xffffffff

Linker script and memory map

LOAD /home/daniel/.pico-sdk/toolchain/14_2_Rel1/bin/../lib/gcc/arm-none-eabi/14.2.1/thumb/v6-m/nofp/crti.o
LOAD /home/daniel/.pico-sdk/toolchain/14_2_Rel1/bin/../lib/gcc/arm-none-eabi/14.2.1/thumb/v6-m/nofp/crtbegin.o
LOAD /home/daniel/.pico-sdk/toolchain/14_2_Rel1/bin/../lib/gcc/arm-none-eabi/14.2.1/../../../../arm-none-eabi/lib/thumb/v6-m/nofp/crt0.o

.flash_begin    0x10000000        0x0
                0x10000000                        __flash_binary_start = .

.boot2          0x10000000      0x100
                0x10000000                        __boot2_start__ = .
 *(.boot2)
 .boot2         0x10000000      0x100 pico-sdk/src/rp2040/boot_stage2/CMakeFiles/bs2_default_library.dir/./bs2_default_padded_checksummed.S.o
                0x10000100                        __boot2_end__ = .
                0x00000001                        ASSERT (((__boot2_end__ - __boot2_start__) == 0x100), ERROR: Pico second stage bootloader must be 256 bytes in size)

.text           0x10000100     0x3860
                0x10000100                        __logical_binary_start = .
 *(.vectors)
 .vectors       0x10000100       0xd4 CMakeFiles/lamp-setup.dir/home/daniel/.pico-sdk/sdk/2.1.1/src/rp2_common/pico_crt0/crt0.S.o
                0x10000100                __vectors
                0x10000100                __VECTOR_TABLE
                0x100001c0                isr_invalid
                0x100001c0                __default_isrs_start
                0x100001c2                isr_nmi
                0x100001c4                isr_hardfault
                0x100001c6                isr_svcall
                0x100001c8                isr_pendsv
                0x100001ca                isr_systick
                0x100001cc                isr_irq30
                0x100001cc                __unhandled_user_irq
                0x100001cc                isr_irq13
                0x100001cc                isr_irq27
                0x100001cc                isr_irq31
                0x100001cc                isr_irq5
                0x100001cc                isr_irq11
                0x100001cc                isr_irq23
                0x100001cc                isr_irq18
                0x100001cc                isr_irq28
                0x100001cc                isr_irq19
                0x100001cc                isr_irq0
                0x100001cc                isr_irq6
                0x100001cc                isr_irq22
                0x100001cc                isr_irq17
                0x100001cc                isr_irq14
                0x100001cc                isr_irq2
                0x100001cc                isr_irq10
                0x100001cc                isr_irq8
                0x100001cc                isr_irq24
                0x100001cc                isr_irq1
                0x100001cc                isr_irq7
                0x100001cc                isr_irq21
                0x100001cc                isr_irq20
                0x100001cc                isr_irq15
                0x100001cc                isr_irq25
                0x100001cc                isr_irq4
                0x100001cc                isr_irq16
                0x100001cc                isr_irq29
                0x100001cc                isr_irq26
                0x100001cc                __default_isrs_end
                0x100001cc                isr_irq3
                0x100001cc                isr_irq12
                0x100001cc                isr_irq9
                0x100001d2                unhandled_user_irq_num_in_r0
 *(.binary_info_header)
 .binary_info_header
                0x100001d4       0x14 CMakeFiles/lamp-setup.dir/home/daniel/.pico-sdk/sdk/2.1.1/src/rp2_common/pico_crt0/crt0.S.o
                0x100001e8                        __binary_info_header_end = .
 *(.embedded_block)
                0x100001e8                        __embedded_block_end = .
 *(.reset)
 .reset         0x100001e8       0x9c CMakeFiles/lamp-setup.dir/home/daniel/.pico-sdk/sdk/2.1.1/src/rp2_common/pico_crt0/crt0.S.o
                0x100001e8                _entry_point
 *(.init)
 .init          0x10000284        0x4 /home/daniel/.pico-sdk/toolchain/14_2_Rel1/bin/../lib/gcc/arm-none-eabi/14.2.1/thumb/v6-m/nofp/crti.o
                0x10000284                _init
 *(EXCLUDE_FILE(*libm.a: *libc.a:*lib_a-mem*.o *libgcc.a:) .text*)
 .text.register_tm_clones
                0x10000288       0x28 /home/daniel/.pico-sdk/toolchain/14_2_Rel1/bin/../lib/gcc/arm-none-eabi/14.2.1/thumb/v6-m/nofp/crtbegin.o
 .text.frame_dummy
                0x100002b0       0x24 /home/daniel/.pico-sdk/toolchain/14_2_Rel1/bin/../lib/gcc/arm-none-eabi/14.2.1/thumb/v6-m/nofp/crtbegin.o
 .text.startup.main
                0x100002d4      0x198 CMakeFiles/lamp-setup.dir/lamp-setup.c.o
                0x100002d4                main
 .text.gpio_set_function
                0x1000046c       0x34 CMakeFiles/lamp-setup.dir/home/daniel/.pico-sdk/sdk/2.1.1/src/rp2_common/hardware_gpio/gpio.c.o
                0x1000046c                gpio_set_function
 .text.gpio_set_pulls
                0x100004a0       0x28 CMakeFiles/lamp-setup.dir/home/daniel/.pico-sdk/sdk/2.1.1/src/rp2_common/hardware_gpio/gpio.c.o
                0x100004a0                gpio_set_pulls
 .text.gpio_set_input_enabled
                0x100004c8       0x28 CMakeFiles/lamp-setup.dir/home/daniel/.pico-sdk/sdk/2.1.1/src/rp2_common/hardware_gpio/gpio.c.o
                0x100004c8                gpio_set_input_enabled
 .text.gpio_init
                0x100004f0       0x40 CMakeFiles/lamp-setup.dir/home/daniel/.pico-sdk/sdk/2.1.1/src/rp2_common/hardware_gpio/gpio.c.o
                0x100004f0                gpio_init
 .text.panic    0x10000530       0x30 CMakeFiles/lamp-setup.dir/home/daniel/.pico-sdk/sdk/2.1.1/src/rp2_common/pico_platform_panic/panic.c.o
                0x10000530                panic
 .text.hw_claim_or_assert
                0x10000560       0x44 CMakeFiles/lamp-setup.dir/home/daniel/.pico-sdk/sdk/2.1.1/src/common/hardware_claim/claim.c.o
                0x10000560                hw_claim_or_assert
 .text.next_striped_spin_lock_num
                0x100005a4       0x18 CMakeFiles/lamp-setup.dir/home/daniel/.pico-sdk/sdk/2.1.1/src/rp2_common/hardware_sync/sync.c.o
                0x100005a4                next_striped_spin_lock_num
 .text.spin_locks_reset
                0x100005bc       0x1c CMakeFiles/lamp-setup.dir/home/daniel/.pico-sdk/sdk/2.1.1/src/rp2_common/hardware_sync_spin_lock/sync_spin_lock.c.o
                0x100005bc                spin_locks_reset
 .text.runtime_init_per_core_irq_priorities
                0x100005d8       0x24 CMakeFiles/lamp-setup.dir/home/daniel/.pico-sdk/sdk/2.1.1/src/rp2_common/hardware_irq/irq.c.o
                0x100005d8                runtime_init_per_core_irq_priorities
 .text.irq_set_enabled
                0x100005fc       0x24 CMakeFiles/lamp-setup.dir/home/daniel/.pico-sdk/sdk/2.1.1/src/rp2_common/hardware_irq/irq.c.o
                0x100005fc                irq_set_enabled
 .text.irq_set_exclusive_handler
                0x10000620       0x54 CMakeFiles/lamp-setup.dir/home/daniel/.pico-sdk/sdk/2.1.1/src/rp2_common/hardware_irq/irq.c.o
                0x10000620                irq_set_exclusive_handler
 .text.lock_init
                0x10000674       0x10 CMakeFiles/lamp-setup.dir/home/daniel/.pico-sdk/sdk/2.1.1/src/common/pico_sync/lock_core.c.o
                0x10000674                lock_init
 .text.runtime_init_mutex
                0x10000684       0x50 CMakeFiles/lamp-setup.dir/home/daniel/.pico-sdk/sdk/2.1.1/src/common/pico_sync/mutex.c.o
                0x10000684                runtime_init_mutex
 .text.sleep_until_callback
                0x100006d4       0x30 CMakeFiles/lamp-setup.dir/home/daniel/.pico-sdk/sdk/2.1.1/src/common/pico_time/time.c.o
 .text.alarm_pool_irq_handler
                0x10000704      0x300 CMakeFiles/lamp-setup.dir/home/daniel/.pico-sdk/sdk/2.1.1/src/common/pico_time/time.c.o
 .text.runtime_init_default_alarm_pool
                0x10000a04       0xdc CMakeFiles/lamp-setup.dir/home/daniel/.pico-sdk/sdk/2.1.1/src/common/pico_time/time.c.o
                0x10000a04                runtime_init_default_alarm_pool
 .text.alarm_pool_add_alarm_at_force_in_context
                0x10000ae0       0xb0 CMakeFiles/lamp-setup.dir/home/daniel/.pico-sdk/sdk/2.1.1/src/common/pico_time/time.c.o
                0x10000ae0                alarm_pool_add_alarm_at_force_in_context
 .text.alarm_pool_cancel_alarm
                0x10000b90       0x74 CMakeFiles/lamp-setup.dir/home/daniel/.pico-sdk/sdk/2.1.1/src/common/pico_time/time.c.o
                0x10000b90                alarm_pool_cancel_alarm
 .text.sleep_ms
                0x10000c04       0xfc CMakeFiles/lamp-setup.dir/home/daniel/.pico-sdk/sdk/2.1.1/src/common/pico_time/time.c.o
                0x10000c04                sleep_ms
 .text.best_effort_wfe_or_timeout
                0x10000d00      0x10c CMakeFiles/lamp-setup.dir/home/daniel/.pico-sdk/sdk/2.1.1/src/common/pico_time/time.c.o
                0x10000d00                best_effort_wfe_or_timeout
 .text.timer_hardware_alarm_claim
                0x10000e0c       0x14 CMakeFiles/lamp-setup.dir/home/daniel/.pico-sdk/sdk/2.1.1/src/rp2_common/hardware_timer/timer.c.o
                0x10000e0c                timer_hardware_alarm_claim
 .text.timer_time_us_64
                0x10000e20       0x10 CMakeFiles/lamp-setup.dir/home/daniel/.pico-sdk/sdk/2.1.1/src/rp2_common/hardware_timer/timer.c.o
                0x10000e20                timer_time_us_64
 .text.time_us_64
                0x10000e30       0x14 CMakeFiles/lamp-setup.dir/home/daniel/.pico-sdk/sdk/2.1.1/src/rp2_common/hardware_timer/timer.c.o
                0x10000e30                time_us_64
 .text.busy_wait_until
                0x10000e44       0x20 CMakeFiles/lamp-setup.dir/home/daniel/.pico-sdk/sdk/2.1.1/src/rp2_common/hardware_timer/timer.c.o
                0x10000e44                busy_wait_until
 .text.clock_configure_int_divider
                0x10000e64       0xf4 CMakeFiles/lamp-setup.dir/home/daniel/.pico-sdk/sdk/2.1.1/src/rp2_common/hardware_clocks/clocks.c.o
                0x10000e64                clock_configure_int_divider
 .text.clock_configure_undivided
                0x10000f58       0xe8 CMakeFiles/lamp-setup.dir/home/daniel/.pico-sdk/sdk/2.1.1/src/rp2_common/hardware_clocks/clocks.c.o
                0x10000f58                clock_configure_undivided
 .text.clock_get_hz
                0x10001040        0xc CMakeFiles/lamp-setup.dir/home/daniel/.pico-sdk/sdk/2.1.1/src/rp2_common/hardware_clocks/clocks.c.o
                0x10001040                clock_get_hz
 .text.pll_init
                0x1000104c       0xa4 CMakeFiles/lamp-setup.dir/home/daniel/.pico-sdk/sdk/2.1.1/src/rp2_common/hardware_pll/pll.c.o
                0x1000104c                pll_init
 .text.tick_start
                0x100010f0       0x10 CMakeFiles/lamp-setup.dir/home/daniel/.pico-sdk/sdk/2.1.1/src/rp2_common/hardware_ticks/ticks.c.o
                0x100010f0                tick_start
 .text.rom_func_lookup
                0x10001100       0x10 CMakeFiles/lamp-setup.dir/home/daniel/.pico-sdk/sdk/2.1.1/src/rp2_common/pico_bootrom/bootrom.c.o
                0x10001100                rom_func_lookup
 .text.rom_data_lookup
                0x10001110       0x10 CMakeFiles/lamp-setup.dir/home/daniel/.pico-sdk/sdk/2.1.1/src/rp2_common/pico_bootrom/bootrom.c.o
                0x10001110                rom_data_lookup
 .text.rom_funcs_lookup
                0x10001120       0x44 CMakeFiles/lamp-setup.dir/home/daniel/.pico-sdk/sdk/2.1.1/src/rp2_common/pico_bootrom/bootrom.c.o
                0x10001120                rom_funcs_lookup
 .text.xosc_init
                0x10001164       0x28 CMakeFiles/lamp-setup.dir/home/daniel/.pico-sdk/sdk/2.1.1/src/rp2_common/hardware_xosc/xosc.c.o
                0x10001164                xosc_init
 .text.first_per_core_initializer
                0x1000118c        0x4 CMakeFiles/lamp-setup.dir/home/daniel/.pico-sdk/sdk/2.1.1/src/rp2_common/pico_runtime/runtime.c.o
 .text.hard_assertion_failure
                0x10001190        0xc CMakeFiles/lamp-setup.dir/home/daniel/.pico-sdk/sdk/2.1.1/src/rp2_common/pico_runtime/runtime.c.o
                0x10001190                hard_assertion_failure
 .text.runtime_run_initializers
                0x1000119c       0x28 CMakeFiles/lamp-setup.dir/home/daniel/.pico-sdk/sdk/2.1.1/src/rp2_common/pico_runtime/runtime.c.o
                0x1000119c                runtime_run_initializers
 .text.runtime_init_early_resets
                0x100011c4       0x2c CMakeFiles/lamp-setup.dir/home/daniel/.pico-sdk/sdk/2.1.1/src/rp2_common/pico_runtime_init/runtime_init.c.o
                0x100011c4                runtime_init_early_resets
 .text.runtime_init_usb_power_down
                0x100011f0       0x1c CMakeFiles/lamp-setup.dir/home/daniel/.pico-sdk/sdk/2.1.1/src/rp2_common/pico_runtime_init/runtime_init.c.o
                0x100011f0                runtime_init_usb_power_down
 .text.runtime_init_post_clock_resets
                0x1000120c       0x20 CMakeFiles/lamp-setup.dir/home/daniel/.pico-sdk/sdk/2.1.1/src/rp2_common/pico_runtime_init/runtime_init.c.o
                0x1000120c                runtime_init_post_clock_resets
 .text.runtime_init_rp2040_gpio_ie_disable
                0x1000122c       0x14 CMakeFiles/lamp-setup.dir/home/daniel/.pico-sdk/sdk/2.1.1/src/rp2_common/pico_runtime_init/runtime_init.c.o
                0x1000122c                runtime_init_rp2040_gpio_ie_disable
 .text.runtime_init_spin_locks_reset
                0x10001240        0x8 CMakeFiles/lamp-setup.dir/home/daniel/.pico-sdk/sdk/2.1.1/src/rp2_common/pico_runtime_init/runtime_init.c.o
                0x10001240                runtime_init_spin_locks_reset
 .text.runtime_init_install_ram_vector_table
                0x10001248       0x1c CMakeFiles/lamp-setup.dir/home/daniel/.pico-sdk/sdk/2.1.1/src/rp2_common/pico_runtime_init/runtime_init.c.o
                0x10001248                runtime_init_install_ram_vector_table
 .text.runtime_init_clocks
                0x10001264       0xd8 CMakeFiles/lamp-setup.dir/home/daniel/.pico-sdk/sdk/2.1.1/src/rp2_common/pico_runtime_init/runtime_init_clocks.c.o
                0x10001264                runtime_init_clocks
 .text          0x1000133c       0x10 CMakeFiles/lamp-setup.dir/home/daniel/.pico-sdk/sdk/2.1.1/src/rp2_common/pico_bit_ops/bit_ops_aeabi.S.o
 .text.__wrap___aeabi_idiv
                0x1000134c       0x50 CMakeFiles/lamp-setup.dir/home/daniel/.pico-sdk/sdk/2.1.1/src/rp2_common/pico_divider/divider_hardware.S.o
                0x1000134c                __wrap___aeabi_idivmod
                0x1000134c                divmod_s32s32
                0x1000134c                div_s32s32
                0x1000134c                __wrap___aeabi_idiv
                0x10001354                divmod_s32s32_unsafe
                0x10001380                divmod_s32s32_savestate
 .text.__wrap___aeabi_uidiv
                0x1000139c       0x4c CMakeFiles/lamp-setup.dir/home/daniel/.pico-sdk/sdk/2.1.1/src/rp2_common/pico_divider/divider_hardware.S.o
                0x1000139c                __wrap___aeabi_uidiv
                0x1000139c                __wrap___aeabi_uidivmod
                0x1000139c                div_u32u32
                0x1000139c                divmod_u32u32
                0x100013a4                divmod_u32u32_unsafe
                0x100013cc                divmod_u32u32_savestate
 .text.__wrap___aeabi_ldiv
                0x100013e8      0x424 CMakeFiles/lamp-setup.dir/home/daniel/.pico-sdk/sdk/2.1.1/src/rp2_common/pico_divider/divider_hardware.S.o
                0x100013e8                div_s64s64
                0x100013e8                divmod_s64s64
                0x100013e8                __wrap___aeabi_ldivmod
                0x10001418                div_u64u64
                0x10001418                divmod_u64u64
                0x10001418                __wrap___aeabi_uldivmod
                0x10001428                divmod_u64u64_savestate
                0x10001448                divmod_s64s64_unsafe
                0x100014d0                divmod_u64u64_unsafe
 .text.__wrap___aeabi_darithmetic
                0x1000180c       0x60 CMakeFiles/lamp-setup.dir/home/daniel/.pico-sdk/sdk/2.1.1/src/rp2_common/pico_double/double_aeabi_rp2040.S.o
                0x1000180c                __wrap___aeabi_drsub
                0x10001812                __wrap___aeabi_dsub
                0x1000181c                __wrap___aeabi_dadd
                0x10001826                __wrap___aeabi_ddiv
                0x1000185a                __wrap___aeabi_dmul
 .text.__wrap___aeabi_cdcmple
                0x1000186c       0x6c CMakeFiles/lamp-setup.dir/home/daniel/.pico-sdk/sdk/2.1.1/src/rp2_common/pico_double/double_aeabi_rp2040.S.o
                0x1000186c                __wrap___aeabi_cdrcmple
                0x1000187c                __wrap___aeabi_cdcmple
                0x1000187c                __wrap___aeabi_cdcmpeq
 .text.__wrap___aeabi_dcmplt
                0x100018d8        0xc CMakeFiles/lamp-setup.dir/home/daniel/.pico-sdk/sdk/2.1.1/src/rp2_common/pico_double/double_aeabi_rp2040.S.o
                0x100018d8                __wrap___aeabi_dcmplt
 .text.__wrap___aeabi_dcmple
                0x100018e4       0x10 CMakeFiles/lamp-setup.dir/home/daniel/.pico-sdk/sdk/2.1.1/src/rp2_common/pico_double/double_aeabi_rp2040.S.o
                0x100018e4                __wrap___aeabi_dcmple
 .text.__wrap___aeabi_dcmpge
                0x100018f4       0x10 CMakeFiles/lamp-setup.dir/home/daniel/.pico-sdk/sdk/2.1.1/src/rp2_common/pico_double/double_aeabi_rp2040.S.o
                0x100018f4                __wrap___aeabi_dcmpge
 .text.__wrap___aeabi_dcmpgt
                0x10001904        0xa CMakeFiles/lamp-setup.dir/home/daniel/.pico-sdk/sdk/2.1.1/src/rp2_common/pico_double/double_aeabi_rp2040.S.o
                0x10001904                __wrap___aeabi_dcmpgt
 .text.__wrap___aeabi_dcmpun
                0x1000190e       0x18 CMakeFiles/lamp-setup.dir/home/daniel/.pico-sdk/sdk/2.1.1/src/rp2_common/pico_double/double_aeabi_rp2040.S.o
                0x1000190e                __wrap___aeabi_dcmpun
 *fill*         0x10001926        0x2 
 .text.__wrap___aeabi_i2d
                0x10001928       0x38 CMakeFiles/lamp-setup.dir/home/daniel/.pico-sdk/sdk/2.1.1/src/rp2_common/pico_double/double_aeabi_rp2040.S.o
                0x10001928                __wrap___aeabi_ui2d
                0x10001928                uint2double
                0x10001930                __wrap___aeabi_i2d
                0x10001930                int2double
 .text.__wrap___aeabi_d2iz
                0x10001960       0x48 CMakeFiles/lamp-setup.dir/home/daniel/.pico-sdk/sdk/2.1.1/src/rp2_common/pico_double/double_aeabi_rp2040.S.o
                0x10001960                __wrap___aeabi_d2iz
                0x10001960                double2int_z
 .text.__wrap___aeabi_d2uiz
                0x100019a8       0x10 CMakeFiles/lamp-setup.dir/home/daniel/.pico-sdk/sdk/2.1.1/src/rp2_common/pico_double/double_aeabi_rp2040.S.o
                0x100019a8                double2uint_z
                0x100019a8                double2uint
                0x100019a8                __wrap___aeabi_d2uiz
 .text.missing_double_func_shim
                0x100019b8        0xc CMakeFiles/lamp-setup.dir/home/daniel/.pico-sdk/sdk/2.1.1/src/rp2_common/pico_double/double_init_rom_rp2040.c.o
 .text.__aeabi_double_init
                0x100019c4       0xa0 CMakeFiles/lamp-setup.dir/home/daniel/.pico-sdk/sdk/2.1.1/src/rp2_common/pico_double/double_init_rom_rp2040.c.o
                0x100019c4                __aeabi_double_init
 .text.double_table_shim_on_use_helper
                0x10001a64       0x2c CMakeFiles/lamp-setup.dir/home/daniel/.pico-sdk/sdk/2.1.1/src/rp2_common/pico_double/double_v1_rom_shim_rp2040.S.o
                0x10001a64                double_table_shim_on_use_helper
 .text.__aeabi_lmul
                0x10001a90       0x32 CMakeFiles/lamp-setup.dir/home/daniel/.pico-sdk/sdk/2.1.1/src/rp2_common/pico_int64_ops/pico_int64_ops_aeabi.S.o
                0x10001a90                __wrap___aeabi_lmul
 *fill*         0x10001ac2        0x2 
 .text.missing_float_func_shim
                0x10001ac4        0xc CMakeFiles/lamp-setup.dir/home/daniel/.pico-sdk/sdk/2.1.1/src/rp2_common/pico_float/float_init_rom_rp2040.c.o
 .text.__aeabi_float_init
                0x10001ad0       0x5c CMakeFiles/lamp-setup.dir/home/daniel/.pico-sdk/sdk/2.1.1/src/rp2_common/pico_float/float_init_rom_rp2040.c.o
                0x10001ad0                __aeabi_float_init
 .text          0x10001b2c       0x10 CMakeFiles/lamp-setup.dir/home/daniel/.pico-sdk/sdk/2.1.1/src/rp2_common/pico_mem_ops/mem_ops_aeabi.S.o
                0x10001b2c                __aeabi_mem_init
 .text.memcpy   0x10001b3c        0xc CMakeFiles/lamp-setup.dir/home/daniel/.pico-sdk/sdk/2.1.1/src/rp2_common/pico_mem_ops/mem_ops_aeabi.S.o
                0x10001b3c                __wrap___aeabi_memcpy
                0x10001b3c                __wrap_memcpy
 .text._out_null
                0x10001b48        0x4 CMakeFiles/lamp-setup.dir/home/daniel/.pico-sdk/sdk/2.1.1/src/rp2_common/pico_printf/printf.c.o
 .text._out_rev
                0x10001b4c       0xac CMakeFiles/lamp-setup.dir/home/daniel/.pico-sdk/sdk/2.1.1/src/rp2_common/pico_printf/printf.c.o
 .text._ntoa_format
                0x10001bf8      0x1cc CMakeFiles/lamp-setup.dir/home/daniel/.pico-sdk/sdk/2.1.1/src/rp2_common/pico_printf/printf.c.o
 .text._out_char
                0x10001dc4       0x10 CMakeFiles/lamp-setup.dir/home/daniel/.pico-sdk/sdk/2.1.1/src/rp2_common/pico_printf/printf.c.o
 .text._out_fct
                0x10001dd4       0x10 CMakeFiles/lamp-setup.dir/home/daniel/.pico-sdk/sdk/2.1.1/src/rp2_common/pico_printf/printf.c.o
 .text._ftoa    0x10001de4      0x4a8 CMakeFiles/lamp-setup.dir/home/daniel/.pico-sdk/sdk/2.1.1/src/rp2_common/pico_printf/printf.c.o
 .text._etoa    0x1000228c      0x57c CMakeFiles/lamp-setup.dir/home/daniel/.pico-sdk/sdk/2.1.1/src/rp2_common/pico_printf/printf.c.o
 .text._vsnprintf
                0x10002808      0xbe0 CMakeFiles/lamp-setup.dir/home/daniel/.pico-sdk/sdk/2.1.1/src/rp2_common/pico_printf/printf.c.o
 .text.vfctprintf
                0x100033e8       0x24 CMakeFiles/lamp-setup.dir/home/daniel/.pico-sdk/sdk/2.1.1/src/rp2_common/pico_printf/printf.c.o
                0x100033e8                vfctprintf
 .text.weak_raw_vprintf
                0x1000340c       0x30 CMakeFiles/lamp-setup.dir/home/daniel/.pico-sdk/sdk/2.1.1/src/rp2_common/pico_printf/printf.c.o
                0x1000340c                weak_raw_vprintf
 .text._exit    0x1000343c        0x4 CMakeFiles/lamp-setup.dir/home/daniel/.pico-sdk/sdk/2.1.1/src/rp2_common/pico_clib_interface/newlib_interface.c.o
                0x1000343c                _exit
 .text.exit     0x10003440        0x8 CMakeFiles/lamp-setup.dir/home/daniel/.pico-sdk/sdk/2.1.1/src/rp2_common/pico_clib_interface/newlib_interface.c.o
                0x10003440                exit
 .text.runtime_init
                0x10003448       0x2c CMakeFiles/lamp-setup.dir/home/daniel/.pico-sdk/sdk/2.1.1/src/rp2_common/pico_clib_interface/newlib_interface.c.o
                0x10003448                runtime_init
 .text.stdio_out_chars_no_crlf
                0x10003474       0x10 CMakeFiles/lamp-setup.dir/home/daniel/.pico-sdk/sdk/2.1.1/src/rp2_common/pico_stdio/stdio.c.o
 .text.stdio_out_chars_crlf
                0x10003484       0xb0 CMakeFiles/lamp-setup.dir/home/daniel/.pico-sdk/sdk/2.1.1/src/rp2_common/pico_stdio/stdio.c.o
 .text.stdio_buffered_printer
                0x10003534       0x64 CMakeFiles/lamp-setup.dir/home/daniel/.pico-sdk/sdk/2.1.1/src/rp2_common/pico_stdio/stdio.c.o
 .text.stdio_put_string
                0x10003598       0xfc CMakeFiles/lamp-setup.dir/home/daniel/.pico-sdk/sdk/2.1.1/src/rp2_common/pico_stdio/stdio.c.o
                0x10003598                stdio_put_string
 .text.__wrap_putchar
                0x10003694       0x94 CMakeFiles/lamp-setup.dir/home/daniel/.pico-sdk/sdk/2.1.1/src/rp2_common/pico_stdio/stdio.c.o
                0x10003694                stdio_putchar
                0x10003694                __wrap_putchar
 .text.__wrap_puts
                0x10003728       0x3c CMakeFiles/lamp-setup.dir/home/daniel/.pico-sdk/sdk/2.1.1/src/rp2_common/pico_stdio/stdio.c.o
                0x10003728                __wrap_puts
                0x10003728                stdio_puts
 .text.__wrap_vprintf
                0x10003764       0xcc CMakeFiles/lamp-setup.dir/home/daniel/.pico-sdk/sdk/2.1.1/src/rp2_common/pico_stdio/stdio.c.o
                0x10003764                __wrap_vprintf
                0x10003764                stdio_vprintf
 .text.__wrap_printf
                0x10003830       0x18 CMakeFiles/lamp-setup.dir/home/daniel/.pico-sdk/sdk/2.1.1/src/rp2_common/pico_stdio/stdio.c.o
                0x10003830                stdio_printf
                0x10003830                __wrap_printf
 .text.adc_init
                0x10003848       0x38 CMakeFiles/lamp-setup.dir/home/daniel/.pico-sdk/sdk/2.1.1/src/rp2_common/hardware_adc/adc.c.o
                0x10003848                adc_init
 .text.strlen   0x10003880       0x5c /home/daniel/.pico-sdk/toolchain/14_2_Rel1/bin/../lib/gcc/arm-none-eabi/14.2.1/../../../../arm-none-eabi/lib/thumb/v6-m/nofp/libg.a(libc_a-strlen-stub.o)
                0x10003880                strlen
 *(.fini)
 .fini          0x100038dc        0x4 /home/daniel/.pico-sdk/toolchain/14_2_Rel1/bin/../lib/gcc/arm-none-eabi/14.2.1/thumb/v6-m/nofp/crti.o
                0x100038dc                _fini
 .fini.__stub   0x100038e0       0x40 linker stubs
 *crtbegin.o(.ctors)
 *crtbegin?.o(.ctors)
 *(EXCLUDE_FILE(*crtend.o *crtend?.o) .ctors)
 *(SORT_BY_NAME(.ctors.*))
 *(.ctors)
 *crtbegin.o(.dtors)
 *crtbegin?.o(.dtors)
 *(EXCLUDE_FILE(*crtend.o *crtend?.o) .dtors)
 *(SORT_BY_NAME(.dtors.*))
 *(.dtors)
                0x10003920                        . = ALIGN (0x4)
                0x10003920                        PROVIDE (__preinit_array_start = .)
 *(SORT_BY_NAME(.preinit_array.*))
 .preinit_array.00100
                0x10003920        0x4 CMakeFiles/lamp-setup.dir/home/daniel/.pico-sdk/sdk/2.1.1/src/rp2_common/pico_runtime_init/runtime_init.c.o
                0x10003920                __pre_init_runtime_init_early_resets
 .preinit_array.00101
                0x10003924        0x4 CMakeFiles/lamp-setup.dir/home/daniel/.pico-sdk/sdk/2.1.1/src/rp2_common/pico_runtime_init/runtime_init.c.o
                0x10003924                __pre_init_runtime_init_usb_power_down
 .preinit_array.00275
                0x10003928        0x4 CMakeFiles/lamp-setup.dir/home/daniel/.pico-sdk/sdk/2.1.1/src/rp2_common/pico_bit_ops/bit_ops_aeabi.S.o
 .preinit_array.00300
                0x1000392c        0x4 CMakeFiles/lamp-setup.dir/home/daniel/.pico-sdk/sdk/2.1.1/src/rp2_common/pico_mem_ops/mem_ops_aeabi.S.o
 .preinit_array.00350
                0x10003930        0x4 CMakeFiles/lamp-setup.dir/home/daniel/.pico-sdk/sdk/2.1.1/src/rp2_common/pico_double/double_aeabi_rp2040.S.o
 .preinit_array.00350
                0x10003934        0x4 CMakeFiles/lamp-setup.dir/home/daniel/.pico-sdk/sdk/2.1.1/src/rp2_common/pico_float/float_aeabi_rp2040.S.o
 .preinit_array.00500
                0x10003938        0x4 CMakeFiles/lamp-setup.dir/home/daniel/.pico-sdk/sdk/2.1.1/src/rp2_common/pico_runtime_init/runtime_init.c.o
                0x10003938                __pre_init_runtime_init_clocks
 .preinit_array.00600
                0x1000393c        0x4 CMakeFiles/lamp-setup.dir/home/daniel/.pico-sdk/sdk/2.1.1/src/rp2_common/pico_runtime_init/runtime_init.c.o
                0x1000393c                __pre_init_runtime_init_post_clock_resets
 .preinit_array.00700
                0x10003940        0x4 CMakeFiles/lamp-setup.dir/home/daniel/.pico-sdk/sdk/2.1.1/src/rp2_common/pico_runtime_init/runtime_init.c.o
                0x10003940                __pre_init_runtime_init_rp2040_gpio_ie_disable
 .preinit_array.01000
                0x10003944        0x4 CMakeFiles/lamp-setup.dir/home/daniel/.pico-sdk/sdk/2.1.1/src/rp2_common/pico_runtime_init/runtime_init.c.o
                0x10003944                __pre_init_runtime_init_spin_locks_reset
 .preinit_array.01100
                0x10003948        0x4 CMakeFiles/lamp-setup.dir/home/daniel/.pico-sdk/sdk/2.1.1/src/common/pico_sync/mutex.c.o
                0x10003948                __pre_init_runtime_init_mutex
 .preinit_array.10080
                0x1000394c        0x4 CMakeFiles/lamp-setup.dir/home/daniel/.pico-sdk/sdk/2.1.1/src/rp2_common/pico_runtime_init/runtime_init.c.o
                0x1000394c                __pre_init_runtime_init_install_ram_vector_table
 .preinit_array.11000
                0x10003950        0x4 CMakeFiles/lamp-setup.dir/home/daniel/.pico-sdk/sdk/2.1.1/src/common/pico_time/time.c.o
                0x10003950                __pre_init_runtime_init_default_alarm_pool
 .preinit_array.YYYYY
                0x10003954        0x4 CMakeFiles/lamp-setup.dir/home/daniel/.pico-sdk/sdk/2.1.1/src/rp2_common/pico_runtime/runtime.c.o
                0x10003954                __pre_init_first_per_core_initializer
 .preinit_array.ZZZZZ.01200
                0x10003958        0x4 CMakeFiles/lamp-setup.dir/home/daniel/.pico-sdk/sdk/2.1.1/src/rp2_common/hardware_irq/irq.c.o
                0x10003958                __pre_init_runtime_init_per_core_irq_priorities
 *(.preinit_array)
                0x1000395c                        PROVIDE (__preinit_array_end = .)
                0x1000395c                        . = ALIGN (0x4)
                0x1000395c                        PROVIDE (__init_array_start = .)
 *(SORT_BY_NAME(.init_array.*))
 *(.init_array)
 .init_array    0x1000395c        0x4 /home/daniel/.pico-sdk/toolchain/14_2_Rel1/bin/../lib/gcc/arm-none-eabi/14.2.1/thumb/v6-m/nofp/crtbegin.o
                0x10003960                        PROVIDE (__init_array_end = .)
                0x10003960                        . = ALIGN (0x4)
                [!provide]                        PROVIDE (__fini_array_start = .)
 *(SORT_BY_NAME(.fini_array.*))
 *(.fini_array)
                [!provide]                        PROVIDE (__fini_array_end = .)
 *(.eh_frame*)
 .eh_frame      0x10003960        0x0 /home/daniel/.pico-sdk/toolchain/14_2_Rel1/bin/../lib/gcc/arm-none-eabi/14.2.1/thumb/v6-m/nofp/crtbegin.o
                0x10003960                        . = ALIGN (0x4)

.glue_7         0x10003960        0x0
 .glue_7        0x10003960        0x0 linker stubs

.glue_7t        0x10003960        0x0
 .glue_7t       0x10003960        0x0 linker stubs

.vfp11_veneer   0x10003960        0x0
 .vfp11_veneer  0x10003960        0x0 linker stubs

.v4_bx          0x10003960        0x0
 .v4_bx         0x10003960        0x0 linker stubs

.iplt           0x10003960        0x0
 .iplt          0x10003960        0x0 /home/daniel/.pico-sdk/toolchain/14_2_Rel1/bin/../lib/gcc/arm-none-eabi/14.2.1/thumb/v6-m/nofp/crtbegin.o

.rodata         0x10003960      0x364
 *(EXCLUDE_FILE(*libm.a: *libc.a:*lib_a-mem*.o *libgcc.a:) .rodata*)
 .rodata.main.str1.4
                0x10003960       0xfd CMakeFiles/lamp-setup.dir/lamp-setup.c.o
                                 0x33 (size before relaxing)
 *fill*         0x10003a5d        0x3 
 .rodata.main   0x10003a60       0x14 CMakeFiles/lamp-setup.dir/lamp-setup.c.o
 .rodata.panic.str1.4
                0x10003a74       0x12 CMakeFiles/lamp-setup.dir/home/daniel/.pico-sdk/sdk/2.1.1/src/rp2_common/pico_platform_panic/panic.c.o
 .rodata.timer_hardware_alarm_claim.str1.4
                0x10003a74       0x22 CMakeFiles/lamp-setup.dir/home/daniel/.pico-sdk/sdk/2.1.1/src/rp2_common/hardware_timer/timer.c.o
 .rodata.hard_assertion_failure.str1.4
                0x10003a74        0xc CMakeFiles/lamp-setup.dir/home/daniel/.pico-sdk/sdk/2.1.1/src/rp2_common/pico_runtime/runtime.c.o
 .rodata.missing_double_func_shim.str1.4
                0x10003a74       0x18 CMakeFiles/lamp-setup.dir/home/daniel/.pico-sdk/sdk/2.1.1/src/rp2_common/pico_double/double_init_rom_rp2040.c.o
 .rodata.missing_float_func_shim.str1.4
                0x10003a74        0x1 CMakeFiles/lamp-setup.dir/home/daniel/.pico-sdk/sdk/2.1.1/src/rp2_common/pico_float/float_init_rom_rp2040.c.o
 .rodata.str1.4
                0x10003a74       0x58 CMakeFiles/lamp-setup.dir/home/daniel/.pico-sdk/sdk/2.1.1/src/rp2_common/pico_standard_binary_info/standard_binary_info.c.o
 .rodata.__bi_84
                0x10003a74        0xc CMakeFiles/lamp-setup.dir/home/daniel/.pico-sdk/sdk/2.1.1/src/rp2_common/pico_standard_binary_info/standard_binary_info.c.o
 .rodata.__bi_78
                0x10003a80        0xc CMakeFiles/lamp-setup.dir/home/daniel/.pico-sdk/sdk/2.1.1/src/rp2_common/pico_standard_binary_info/standard_binary_info.c.o
 .rodata.__bi_60
                0x10003a8c        0xc CMakeFiles/lamp-setup.dir/home/daniel/.pico-sdk/sdk/2.1.1/src/rp2_common/pico_standard_binary_info/standard_binary_info.c.o
 .rodata.__bi_54
                0x10003a98        0xc CMakeFiles/lamp-setup.dir/home/daniel/.pico-sdk/sdk/2.1.1/src/rp2_common/pico_standard_binary_info/standard_binary_info.c.o
 .rodata.__bi_48
                0x10003aa4        0xc CMakeFiles/lamp-setup.dir/home/daniel/.pico-sdk/sdk/2.1.1/src/rp2_common/pico_standard_binary_info/standard_binary_info.c.o
 .rodata.__bi_42
                0x10003ab0        0xc CMakeFiles/lamp-setup.dir/home/daniel/.pico-sdk/sdk/2.1.1/src/rp2_common/pico_standard_binary_info/standard_binary_info.c.o
 .rodata.__bi_34
                0x10003abc        0xc CMakeFiles/lamp-setup.dir/home/daniel/.pico-sdk/sdk/2.1.1/src/rp2_common/pico_standard_binary_info/standard_binary_info.c.o
 .rodata.__bi_26
                0x10003ac8        0xc CMakeFiles/lamp-setup.dir/home/daniel/.pico-sdk/sdk/2.1.1/src/rp2_common/pico_standard_binary_info/standard_binary_info.c.o
 .rodata._ftoa.str1.4
                0x10003ad4       0x15 CMakeFiles/lamp-setup.dir/home/daniel/.pico-sdk/sdk/2.1.1/src/rp2_common/pico_printf/printf.c.o
 .rodata._vsnprintf
                0x10003ad4      0x19c CMakeFiles/lamp-setup.dir/home/daniel/.pico-sdk/sdk/2.1.1/src/rp2_common/pico_printf/printf.c.o
 .rodata.pow10.0
                0x10003c70       0x50 CMakeFiles/lamp-setup.dir/home/daniel/.pico-sdk/sdk/2.1.1/src/rp2_common/pico_printf/printf.c.o
 .rodata.crlf_str.0
                0x10003cc0        0x2 CMakeFiles/lamp-setup.dir/home/daniel/.pico-sdk/sdk/2.1.1/src/rp2_common/pico_stdio/stdio.c.o
                0x10003cc4                        . = ALIGN (0x4)
 *fill*         0x10003cc2        0x2 
 *(SORT_BY_ALIGNMENT(SORT_BY_NAME(.flashdata*)))
                0x10003cc4                        . = ALIGN (0x4)

.ARM.extab
 *(.ARM.extab* .gnu.linkonce.armextab.*)
                0x10003cc4                        __exidx_start = .

.ARM.exidx
 *(.ARM.exidx* .gnu.linkonce.armexidx.*)
                0x10003cc4                        __exidx_end = .
                0x10003cc4                        . = ALIGN (0x4)
                0x10003cc4                        __binary_info_start = .

.binary_info    0x10003cc4       0x20
 *(.binary_info.keep.*)
 .binary_info.keep.__bi_ptr84
                0x10003cc4        0x4 CMakeFiles/lamp-setup.dir/home/daniel/.pico-sdk/sdk/2.1.1/src/rp2_common/pico_standard_binary_info/standard_binary_info.c.o
 .binary_info.keep.__bi_ptr78
                0x10003cc8        0x4 CMakeFiles/lamp-setup.dir/home/daniel/.pico-sdk/sdk/2.1.1/src/rp2_common/pico_standard_binary_info/standard_binary_info.c.o
 .binary_info.keep.__bi_ptr60
                0x10003ccc        0x4 CMakeFiles/lamp-setup.dir/home/daniel/.pico-sdk/sdk/2.1.1/src/rp2_common/pico_standard_binary_info/standard_binary_info.c.o
 .binary_info.keep.__bi_ptr54
                0x10003cd0        0x4 CMakeFiles/lamp-setup.dir/home/daniel/.pico-sdk/sdk/2.1.1/src/rp2_common/pico_standard_binary_info/standard_binary_info.c.o
 .binary_info.keep.__bi_ptr48
                0x10003cd4        0x4 CMakeFiles/lamp-setup.dir/home/daniel/.pico-sdk/sdk/2.1.1/src/rp2_common/pico_standard_binary_info/standard_binary_info.c.o
 .binary_info.keep.__bi_ptr42
                0x10003cd8        0x4 CMakeFiles/lamp-setup.dir/home/daniel/.pico-sdk/sdk/2.1.1/src/rp2_common/pico_standard_binary_info/standard_binary_info.c.o
 .binary_info.keep.__bi_ptr34
                0x10003cdc        0x4 CMakeFiles/lamp-setup.dir/home/daniel/.pico-sdk/sdk/2.1.1/src/rp2_common/pico_standard_binary_info/standard_binary_info.c.o
 .binary_info.keep.__bi_ptr26
                0x10003ce0        0x4 CMakeFiles/lamp-setup.dir/home/daniel/.pico-sdk/sdk/2.1.1/src/rp2_common/pico_standard_binary_info/standard_binary_info.c.o
 *(.binary_info.*)
                0x10003ce4                        __binary_info_end = .

.rel.dyn        0x10003ce4        0x0
 .rel.iplt      0x10003ce4        0x0 /home/daniel/.pico-sdk/toolchain/14_2_Rel1/bin/../lib/gcc/arm-none-eabi/14.2.1/thumb/v6-m/nofp/crtbegin.o
                0x10003ce4                        . = ALIGN (0x4)

.ram_vector_table
                0x20000000       0xc0
 *(.ram_vector_table)
 .ram_vector_table
                0x20000000       0xc0 CMakeFiles/lamp-setup.dir/home/daniel/.pico-sdk/sdk/2.1.1/src/rp2_common/pico_runtime_init/runtime_init.c.o
                0x20000000                ram_vector_table

.uninitialized_data
                0x200000c0        0x0
                0x200000c0                        . = ALIGN (0x4)
 *(.uninitialized_data*)

.data           0x200000c0      0x128 load address 0x10003ce4
                0x200000c0                        __data_start__ = .
 *(vtable)
 *(.time_critical*)
 .time_critical.mutex_try_enter_block_until
                0x200000c0       0x98 CMakeFiles/lamp-setup.dir/home/daniel/.pico-sdk/sdk/2.1.1/src/common/pico_sync/mutex.c.o
                0x200000c0                mutex_try_enter_block_until
 .time_critical.mutex_exit
                0x20000158       0x28 CMakeFiles/lamp-setup.dir/home/daniel/.pico-sdk/sdk/2.1.1/src/common/pico_sync/mutex.c.o
                0x20000158                mutex_exit
 *(.text*)
 .text          0x20000180        0x4 /home/daniel/.pico-sdk/toolchain/14_2_Rel1/bin/../lib/gcc/arm-none-eabi/14.2.1/thumb/v6-m/nofp/libgcc.a(_dvmd_tls.o)
                0x20000180                __aeabi_ldiv0
                0x20000180                __aeabi_idiv0
 *fill*         0x20000184        0x4 
 .text.__stub   0x20000188       0x10 linker stubs
                0x20000198                        . = ALIGN (0x4)
 *(.rodata*)
                0x20000198                        . = ALIGN (0x4)
 *(.data*)
 .data.striped_spin_lock_num
                0x20000198        0x1 CMakeFiles/lamp-setup.dir/home/daniel/.pico-sdk/sdk/2.1.1/src/rp2_common/hardware_sync/sync.c.o
 *fill*         0x20000199        0x3 
 .data.default_alarm_pool
                0x2000019c       0x18 CMakeFiles/lamp-setup.dir/home/daniel/.pico-sdk/sdk/2.1.1/src/common/pico_time/time.c.o
 *fill*         0x200001b4        0xc 
 .data.aeabi_bits_funcs
                0x200001c0       0x10 CMakeFiles/lamp-setup.dir/home/daniel/.pico-sdk/sdk/2.1.1/src/rp2_common/pico_bit_ops/bit_ops_aeabi.S.o
                0x200001c0                aeabi_bits_funcs
                0x200001d0                aeabi_bits_funcs_end
 .data.aeabi_mem_funcs
                0x200001d0       0x10 CMakeFiles/lamp-setup.dir/home/daniel/.pico-sdk/sdk/2.1.1/src/rp2_common/pico_mem_ops/mem_ops_aeabi.S.o
                0x200001d0                aeabi_mem_funcs
                0x200001e0                aeabi_mem_funcs_end
                0x200001e0                        . = ALIGN (0x4)
 *(.after_data.*)
                0x200001e0                        . = ALIGN (0x4)
                0x200001e0                        PROVIDE (__mutex_array_start = .)
 *(SORT_BY_NAME(.mutex_array.*))
 *(.mutex_array)
 .mutex_array   0x200001e0        0x8 CMakeFiles/lamp-setup.dir/home/daniel/.pico-sdk/sdk/2.1.1/src/rp2_common/pico_stdio/stdio.c.o
                0x200001e8                        PROVIDE (__mutex_array_end = .)
                0x200001e8                        . = ALIGN (0x4)
 *(.jcr)
                0x200001e8                        . = ALIGN (0x4)

.tm_clone_table
                0x200001e8        0x0 load address 0x10003e0c
 .tm_clone_table
                0x200001e8        0x0 /home/daniel/.pico-sdk/toolchain/14_2_Rel1/bin/../lib/gcc/arm-none-eabi/14.2.1/thumb/v6-m/nofp/crtbegin.o
 .tm_clone_table
                0x200001e8        0x0 /home/daniel/.pico-sdk/toolchain/14_2_Rel1/bin/../lib/gcc/arm-none-eabi/14.2.1/thumb/v6-m/nofp/crtend.o

.igot.plt       0x200001e8        0x0 load address 0x10003e0c
 .igot.plt      0x200001e8        0x0 /home/daniel/.pico-sdk/toolchain/14_2_Rel1/bin/../lib/gcc/arm-none-eabi/14.2.1/thumb/v6-m/nofp/crtbegin.o

.tdata          0x200001e8        0x0 load address 0x10003e0c
                0x200001e8                        . = ALIGN (0x4)
 *(.tdata .tdata.* .gnu.linkonce.td.*)
                0x200001e8                        __tdata_end = .
                0x200001e8                        PROVIDE (__data_end__ = .)
                0x10003ce4                        __etext = LOADADDR (.data)

.tbss           0x200001e8        0x0 load address 0x10003e0c
                0x200001e8                        . = ALIGN (0x4)
                0x200001e8                        __bss_start__ = .
                0x200001e8                        __tls_base = .
 *(.tbss .tbss.* .gnu.linkonce.tb.*)
 *(.tcommon)
                0x200001e8                        __tls_end = .

.bss            0x200001e8      0x3ec load address 0x10003e0c
                0x200001e8                        . = ALIGN (0x4)
                0x200001e8                        __tbss_end = .
 *(SORT_BY_ALIGNMENT(SORT_BY_NAME(.bss*)))
 .bss.default_alarm_pool_entries
                0x200001e8      0x180 CMakeFiles/lamp-setup.dir/home/daniel/.pico-sdk/sdk/2.1.1/src/common/pico_time/time.c.o
 .bss.sd_table  0x20000368      0x100 CMakeFiles/lamp-setup.dir/home/daniel/.pico-sdk/sdk/2.1.1/src/rp2_common/pico_double/double_init_rom_rp2040.c.o
                0x20000368                sd_table
 .bss.claimed   0x20000468        0x1 CMakeFiles/lamp-setup.dir/home/daniel/.pico-sdk/sdk/2.1.1/src/rp2_common/hardware_timer/timer.c.o
 *fill*         0x20000469        0x3 
 .bss.configured_freq
                0x2000046c       0x28 CMakeFiles/lamp-setup.dir/home/daniel/.pico-sdk/sdk/2.1.1/src/rp2_common/hardware_clocks/clocks.c.o
 .bss.drivers   0x20000494        0x4 CMakeFiles/lamp-setup.dir/home/daniel/.pico-sdk/sdk/2.1.1/src/rp2_common/pico_stdio/stdio.c.o
 .bss.filter    0x20000498        0x4 CMakeFiles/lamp-setup.dir/home/daniel/.pico-sdk/sdk/2.1.1/src/rp2_common/pico_stdio/stdio.c.o
 .bss.lazy_vsnprintf
                0x2000049c        0x4 CMakeFiles/lamp-setup.dir/home/daniel/.pico-sdk/sdk/2.1.1/src/rp2_common/pico_printf/printf.c.o
 .bss.object.0  0x200004a0       0x18 /home/daniel/.pico-sdk/toolchain/14_2_Rel1/bin/../lib/gcc/arm-none-eabi/14.2.1/thumb/v6-m/nofp/crtbegin.o
 .bss.pools     0x200004b8       0x10 CMakeFiles/lamp-setup.dir/home/daniel/.pico-sdk/sdk/2.1.1/src/common/pico_time/time.c.o
 .bss.sf_clz_func
                0x200004c8        0x4 CMakeFiles/lamp-setup.dir/home/daniel/.pico-sdk/sdk/2.1.1/src/rp2_common/pico_double/double_init_rom_rp2040.c.o
                0x200004c8                sf_clz_func
 .bss.sf_table  0x200004cc      0x100 CMakeFiles/lamp-setup.dir/home/daniel/.pico-sdk/sdk/2.1.1/src/rp2_common/pico_float/float_init_rom_rp2040.c.o
                0x200004cc                sf_table
 .bss.sleep_notifier
                0x200005cc        0x4 CMakeFiles/lamp-setup.dir/home/daniel/.pico-sdk/sdk/2.1.1/src/common/pico_time/time.c.o
 .bss.fault_status
                0x200005d0        0x1 CMakeFiles/lamp-setup.dir/lamp-setup.c.o
                0x200005d0                fault_status
 .bss.tapped    0x200005d1        0x1 CMakeFiles/lamp-setup.dir/lamp-setup.c.o
                0x200005d1                tapped
 *(COMMON)
                0x200005d4                        . = ALIGN (0x4)
 *fill*         0x200005d2        0x2 
                0x200005d4                        __bss_end__ = .

.heap           0x200005d4      0x800 load address 0x10003e0c
                0x200005d4                        __end__ = .
                0x200005d4                        end = __end__
 *(.heap*)
 .heap          0x200005d4      0x800 CMakeFiles/lamp-setup.dir/home/daniel/.pico-sdk/sdk/2.1.1/src/rp2_common/pico_crt0/crt0.S.o
                0x20040000                        __HeapLimit = (ORIGIN (RAM) + LENGTH (RAM))

.scratch_x      0x20040000        0x0 load address 0x10003e0c
                0x20040000                        __scratch_x_start__ = .
 *(.scratch_x.*)
                0x20040000                        . = ALIGN (0x4)
                0x20040000                        __scratch_x_end__ = .
                0x10003e0c                        __scratch_x_source__ = LOADADDR (.scratch_x)

.scratch_y      0x20041000        0x0 load address 0x10003e0c
                0x20041000                        __scratch_y_start__ = .
 *(.scratch_y.*)
                0x20041000                        . = ALIGN (0x4)
                0x20041000                        __scratch_y_end__ = .
                0x10003e0c                        __scratch_y_source__ = LOADADDR (.scratch_y)

.stack1_dummy
 *(.stack1*)

.stack_dummy    0x20041000      0x800
 *(.stack*)
 .stack         0x20041000      0x800 CMakeFiles/lamp-setup.dir/home/daniel/.pico-sdk/sdk/2.1.1/src/rp2_common/pico_crt0/crt0.S.o

.flash_end      0x10003e0c        0x0
 *(.embedded_end_block*)
                0x10003e0c                        PROVIDE (__flash_binary_end = .)
                0x20040000                        __StackLimit = (ORIGIN (RAM) + LENGTH (RAM))
                0x20041000                        __StackOneTop = (ORIGIN (SCRATCH_X) + LENGTH (SCRATCH_X))
                0x20042000                        __StackTop = (ORIGIN (SCRATCH_Y) + LENGTH (SCRATCH_Y))
                0x20041000                        __StackOneBottom = (__StackOneTop - SIZEOF (.stack1_dummy))
                0x20041800                        __StackBottom = (__StackTop - SIZEOF (.stack_dummy))
                0x20042000                        PROVIDE (__stack = __StackTop)
                [!provide]                        PROVIDE (__heap_start = __end__)
                [!provide]                        PROVIDE (__heap_end = __HeapLimit)
                [!provide]                        PROVIDE (__tls_align = MAX (ALIGNOF (.tdata), ALIGNOF (.tbss)))
                [!provide]                        PROVIDE (__tls_size_align = (((__tls_size + __tls_align) - 0x1) & ~ ((__tls_align - 0x1))))
                [!provide]                        PROVIDE (__arm32_tls_tcb_offset = MAX (0x8, __tls_align))
                [!provide]                        PROVIDE (_end = __end__)
                [!provide]                        PROVIDE (__llvm_libc_heap_limit = __HeapLimit)
                0x00000001                        ASSERT ((__StackLimit >= __HeapLimit), region RAM overflowed)
                0x00000001                        ASSERT (((__binary_info_header_end - __logical_binary_start) <= 0x100), Binary info must be in first 256 bytes of the binary)
LOAD CMakeFiles/lamp-setup.dir/lamp-setup.c.o
LOAD CMakeFiles/lamp-setup.dir/home/daniel/.pico-sdk/sdk/2.1.1/src/rp2_common/pico_stdlib/stdlib.c.o
LOAD CMakeFiles/lamp-setup.dir/home/daniel/.pico-sdk/sdk/2.1.1/src/rp2_common/hardware_gpio/gpio.c.o
LOAD CMakeFiles/lamp-setup.dir/home/daniel/.pico-sdk/sdk/2.1.1/src/rp2040/pico_platform/platform.c.o
LOAD CMakeFiles/lamp-setup.dir/home/daniel/.pico-sdk/sdk/2.1.1/src/rp2_common/pico_platform_panic/panic.c.o
LOAD CMakeFiles/lamp-setup.dir/home/daniel/.pico-sdk/sdk/2.1.1/src/common/hardware_claim/claim.c.o
LOAD CMakeFiles/lamp-setup.dir/home/daniel/.pico-sdk/sdk/2.1.1/src/rp2_common/hardware_sync/sync.c.o
LOAD CMakeFiles/lamp-setup.dir/home/daniel/.pico-sdk/sdk/2.1.1/src/rp2_common/hardware_sync_spin_lock/sync_spin_lock.c.o
LOAD CMakeFiles/lamp-setup.dir/home/daniel/.pico-sdk/sdk/2.1.1/src/rp2_common/hardware_irq/irq.c.o
LOAD CMakeFiles/lamp-setup.dir/home/daniel/.pico-sdk/sdk/2.1.1/src/rp2_common/hardware_irq/irq_handler_chain.S.o
LOAD CMakeFiles/lamp-setup.dir/home/daniel/.pico-sdk/sdk/2.1.1/src/common/pico_sync/sem.c.o
LOAD CMakeFiles/lamp-setup.dir/home/daniel/.pico-sdk/sdk/2.1.1/src/common/pico_sync/lock_core.c.o
LOAD CMakeFiles/lamp-setup.dir/home/daniel/.pico-sdk/sdk/2.1.1/src/common/pico_sync/mutex.c.o
LOAD CMakeFiles/lamp-setup.dir/home/daniel/.pico-sdk/sdk/2.1.1/src/common/pico_sync/critical_section.c.o
LOAD CMakeFiles/lamp-setup.dir/home/daniel/.pico-sdk/sdk/2.1.1/src/common/pico_time/time.c.o
LOAD CMakeFiles/lamp-setup.dir/home/daniel/.pico-sdk/sdk/2.1.1/src/common/pico_time/timeout_helper.c.o
LOAD CMakeFiles/lamp-setup.dir/home/daniel/.pico-sdk/sdk/2.1.1/src/rp2_common/hardware_timer/timer.c.o
LOAD CMakeFiles/lamp-setup.dir/home/daniel/.pico-sdk/sdk/2.1.1/src/common/pico_util/datetime.c.o
LOAD CMakeFiles/lamp-setup.dir/home/daniel/.pico-sdk/sdk/2.1.1/src/common/pico_util/pheap.c.o
LOAD CMakeFiles/lamp-setup.dir/home/daniel/.pico-sdk/sdk/2.1.1/src/common/pico_util/queue.c.o
LOAD CMakeFiles/lamp-setup.dir/home/daniel/.pico-sdk/sdk/2.1.1/src/rp2_common/hardware_uart/uart.c.o
LOAD CMakeFiles/lamp-setup.dir/home/daniel/.pico-sdk/sdk/2.1.1/src/rp2_common/hardware_clocks/clocks.c.o
LOAD CMakeFiles/lamp-setup.dir/home/daniel/.pico-sdk/sdk/2.1.1/src/rp2_common/hardware_pll/pll.c.o
LOAD CMakeFiles/lamp-setup.dir/home/daniel/.pico-sdk/sdk/2.1.1/src/rp2_common/hardware_vreg/vreg.c.o
LOAD CMakeFiles/lamp-setup.dir/home/daniel/.pico-sdk/sdk/2.1.1/src/rp2_common/hardware_watchdog/watchdog.c.o
LOAD CMakeFiles/lamp-setup.dir/home/daniel/.pico-sdk/sdk/2.1.1/src/rp2_common/hardware_ticks/ticks.c.o
LOAD CMakeFiles/lamp-setup.dir/home/daniel/.pico-sdk/sdk/2.1.1/src/rp2_common/pico_bootrom/bootrom.c.o
LOAD CMakeFiles/lamp-setup.dir/home/daniel/.pico-sdk/sdk/2.1.1/src/rp2_common/pico_bootrom/bootrom_lock.c.o
LOAD CMakeFiles/lamp-setup.dir/home/daniel/.pico-sdk/sdk/2.1.1/src/rp2_common/hardware_boot_lock/boot_lock.c.o
LOAD CMakeFiles/lamp-setup.dir/home/daniel/.pico-sdk/sdk/2.1.1/src/rp2_common/pico_flash/flash.c.o
LOAD CMakeFiles/lamp-setup.dir/home/daniel/.pico-sdk/sdk/2.1.1/src/rp2_common/hardware_xosc/xosc.c.o
LOAD CMakeFiles/lamp-setup.dir/home/daniel/.pico-sdk/sdk/2.1.1/src/rp2_common/hardware_divider/divider.S.o
LOAD CMakeFiles/lamp-setup.dir/home/daniel/.pico-sdk/sdk/2.1.1/src/rp2_common/pico_runtime/runtime.c.o
LOAD CMakeFiles/lamp-setup.dir/home/daniel/.pico-sdk/sdk/2.1.1/src/rp2_common/pico_runtime_init/runtime_init.c.o
LOAD CMakeFiles/lamp-setup.dir/home/daniel/.pico-sdk/sdk/2.1.1/src/rp2_common/pico_runtime_init/runtime_init_clocks.c.o
LOAD CMakeFiles/lamp-setup.dir/home/daniel/.pico-sdk/sdk/2.1.1/src/rp2_common/pico_runtime_init/runtime_init_stack_guard.c.o
LOAD CMakeFiles/lamp-setup.dir/home/daniel/.pico-sdk/sdk/2.1.1/src/rp2_common/pico_bit_ops/bit_ops_aeabi.S.o
LOAD CMakeFiles/lamp-setup.dir/home/daniel/.pico-sdk/sdk/2.1.1/src/rp2_common/pico_divider/divider_hardware.S.o
LOAD CMakeFiles/lamp-setup.dir/home/daniel/.pico-sdk/sdk/2.1.1/src/rp2_common/pico_double/double_aeabi_rp2040.S.o
LOAD CMakeFiles/lamp-setup.dir/home/daniel/.pico-sdk/sdk/2.1.1/src/rp2_common/pico_double/double_init_rom_rp2040.c.o
LOAD CMakeFiles/lamp-setup.dir/home/daniel/.pico-sdk/sdk/2.1.1/src/rp2_common/pico_double/double_math.c.o
LOAD CMakeFiles/lamp-setup.dir/home/daniel/.pico-sdk/sdk/2.1.1/src/rp2_common/pico_double/double_v1_rom_shim_rp2040.S.o
LOAD CMakeFiles/lamp-setup.dir/home/daniel/.pico-sdk/sdk/2.1.1/src/rp2_common/pico_int64_ops/pico_int64_ops_aeabi.S.o
LOAD CMakeFiles/lamp-setup.dir/home/daniel/.pico-sdk/sdk/2.1.1/src/rp2_common/pico_float/float_aeabi_rp2040.S.o
LOAD CMakeFiles/lamp-setup.dir/home/daniel/.pico-sdk/sdk/2.1.1/src/rp2_common/pico_float/float_init_rom_rp2040.c.o
LOAD CMakeFiles/lamp-setup.dir/home/daniel/.pico-sdk/sdk/2.1.1/src/rp2_common/pico_float/float_math.c.o
LOAD CMakeFiles/lamp-setup.dir/home/daniel/.pico-sdk/sdk/2.1.1/src/rp2_common/pico_float/float_v1_rom_shim_rp2040.S.o
LOAD CMakeFiles/lamp-setup.dir/home/daniel/.pico-sdk/sdk/2.1.1/src/rp2_common/pico_malloc/malloc.c.o
LOAD CMakeFiles/lamp-setup.dir/home/daniel/.pico-sdk/sdk/2.1.1/src/rp2_common/pico_mem_ops/mem_ops_aeabi.S.o
LOAD CMakeFiles/lamp-setup.dir/home/daniel/.pico-sdk/sdk/2.1.1/src/rp2_common/pico_atomic/atomic.c.o
LOAD CMakeFiles/lamp-setup.dir/home/daniel/.pico-sdk/sdk/2.1.1/src/rp2_common/pico_cxx_options/new_delete.cpp.o
LOAD CMakeFiles/lamp-setup.dir/home/daniel/.pico-sdk/sdk/2.1.1/src/rp2_common/pico_standard_binary_info/standard_binary_info.c.o
LOAD CMakeFiles/lamp-setup.dir/home/daniel/.pico-sdk/sdk/2.1.1/src/rp2_common/pico_printf/printf.c.o
LOAD CMakeFiles/lamp-setup.dir/home/daniel/.pico-sdk/sdk/2.1.1/src/rp2_common/pico_crt0/crt0.S.o
LOAD CMakeFiles/lamp-setup.dir/home/daniel/.pico-sdk/sdk/2.1.1/src/rp2_common/pico_clib_interface/newlib_interface.c.o
LOAD CMakeFiles/lamp-setup.dir/home/daniel/.pico-sdk/sdk/2.1.1/src/rp2_common/pico_stdio/stdio.c.o
LOAD CMakeFiles/lamp-setup.dir/home/daniel/.pico-sdk/sdk/2.1.1/src/rp2_common/hardware_adc/adc.c.o
LOAD CMakeFiles/lamp-setup.dir/home/daniel/.pico-sdk/sdk/2.1.1/src/rp2_common/hardware_i2c/i2c.c.o
LOAD pico-sdk/src/rp2040/boot_stage2/CMakeFiles/bs2_default_library.dir/./bs2_default_padded_checksummed.S.o
LOAD /home/daniel/.pico-sdk/toolchain/14_2_Rel1/bin/../lib/gcc/arm-none-eabi/14.2.1/../../../../arm-none-eabi/lib/thumb/v6-m/nofp/libstdc++.a
LOAD /home/daniel/.pico-sdk/toolchain/14_2_Rel1/bin/../lib/gcc/arm-none-eabi/14.2.1/../../../../arm-none-eabi/lib/thumb/v6-m/nofp/libm.a
START GROUP
LOAD /home/daniel/.pico-sdk/toolchain/14_2_Rel1/bin/../lib/gcc/arm-none-eabi/14.2.1/thumb/v6-m/nofp/libgcc.a
LOAD /home/daniel/.pico-sdk/toolchain/14_2_Rel1/bin/../lib/gcc/arm-none-eabi/14.2.1/../../../../arm-none-eabi/lib/thumb/v6-m/nofp/libg.a
LOAD /home/daniel/.pico-sdk/toolchain/14_2_Rel1/bin/../lib/gcc/arm-none-eabi/14.2.1/../../../../arm-none-eabi/lib/thumb/v6-m/nofp/libc.a
END GROUP
START GROUP
LOAD /home/daniel/.pico-sdk/toolchain/14_2_Rel1/bin/../lib/gcc/arm-none-eabi/14.2.1/thumb/v6-m/nofp/libgcc.a
LOAD /home/daniel/.pico-sdk/toolchain/14_2_Rel1/bin/../lib/gcc/arm-none-eabi/14.2.1/../../../../arm-none-eabi/lib/thumb/v6-m/nofp/libc.a
LOAD /home/daniel/.pico-sdk/toolchain/14_2_Rel1/bin/../lib/gcc/arm-none-eabi/14.2.1/../../../../arm-none-eabi/lib/thumb/v6-m/nofp/libnosys.a
END GROUP
LOAD /home/daniel/.pico-sdk/toolchain/14_2_Rel1/bin/../lib/gcc/arm-none-eabi/14.2.1/thumb/v6-m/nofp/crtend.o
LOAD /home/daniel/.pico-sdk/toolchain/14_2_Rel1/bin/../lib/gcc/arm-none-eabi/14.2.1/thumb/v6-m/nofp/crtn.o
OUTPUT(lamp-setup.elf elf32-littlearm)
LOAD linker stubs

.ARM.attributes
                0x00000000       0x28
 .ARM.attributes
                0x00000000       0x1e /home/daniel/.pico-sdk/toolchain/14_2_Rel1/bin/../lib/gcc/arm-none-eabi/14.2.1/thumb/v6-m/nofp/crti.o
 .ARM.attributes
                0x0000001e       0x2c /home/daniel/.pico-sdk/toolchain/14_2_Rel1/bin/../lib/gcc/arm-none-eabi/14.2.1/thumb/v6-m/nofp/crtbegin.o
 .ARM.attributes
                0x0000004a       0x2c CMakeFiles/lamp-setup.dir/lamp-setup.c.o
 .ARM.attributes
                0x00000076       0x2c CMakeFiles/lamp-setup.dir/home/daniel/.pico-sdk/sdk/2.1.1/src/rp2_common/hardware_gpio/gpio.c.o
 .ARM.attributes
                0x000000a2       0x2c CMakeFiles/lamp-setup.dir/home/daniel/.pico-sdk/sdk/2.1.1/src/rp2_common/pico_platform_panic/panic.c.o
 .ARM.attributes
                0x000000ce       0x2c CMakeFiles/lamp-setup.dir/home/daniel/.pico-sdk/sdk/2.1.1/src/common/hardware_claim/claim.c.o
 .ARM.attributes
                0x000000fa       0x2c CMakeFiles/lamp-setup.dir/home/daniel/.pico-sdk/sdk/2.1.1/src/rp2_common/hardware_sync/sync.c.o
 .ARM.attributes
                0x00000126       0x2c CMakeFiles/lamp-setup.dir/home/daniel/.pico-sdk/sdk/2.1.1/src/rp2_common/hardware_sync_spin_lock/sync_spin_lock.c.o
 .ARM.attributes
                0x00000152       0x2c CMakeFiles/lamp-setup.dir/home/daniel/.pico-sdk/sdk/2.1.1/src/rp2_common/hardware_irq/irq.c.o
 .ARM.attributes
                0x0000017e       0x2c CMakeFiles/lamp-setup.dir/home/daniel/.pico-sdk/sdk/2.1.1/src/common/pico_sync/lock_core.c.o
 .ARM.attributes
                0x000001aa       0x2c CMakeFiles/lamp-setup.dir/home/daniel/.pico-sdk/sdk/2.1.1/src/common/pico_sync/mutex.c.o
 .ARM.attributes
                0x000001d6       0x2c CMakeFiles/lamp-setup.dir/home/daniel/.pico-sdk/sdk/2.1.1/src/common/pico_time/time.c.o
 .ARM.attributes
                0x00000202       0x2c CMakeFiles/lamp-setup.dir/home/daniel/.pico-sdk/sdk/2.1.1/src/rp2_common/hardware_timer/timer.c.o
 .ARM.attributes
                0x0000022e       0x2c CMakeFiles/lamp-setup.dir/home/daniel/.pico-sdk/sdk/2.1.1/src/rp2_common/hardware_clocks/clocks.c.o
 .ARM.attributes
                0x0000025a       0x2c CMakeFiles/lamp-setup.dir/home/daniel/.pico-sdk/sdk/2.1.1/src/rp2_common/hardware_pll/pll.c.o
 .ARM.attributes
                0x00000286       0x2c CMakeFiles/lamp-setup.dir/home/daniel/.pico-sdk/sdk/2.1.1/src/rp2_common/hardware_ticks/ticks.c.o
 .ARM.attributes
                0x000002b2       0x2c CMakeFiles/lamp-setup.dir/home/daniel/.pico-sdk/sdk/2.1.1/src/rp2_common/pico_bootrom/bootrom.c.o
 .ARM.attributes
                0x000002de       0x2c CMakeFiles/lamp-setup.dir/home/daniel/.pico-sdk/sdk/2.1.1/src/rp2_common/hardware_xosc/xosc.c.o
 .ARM.attributes
                0x0000030a       0x2c CMakeFiles/lamp-setup.dir/home/daniel/.pico-sdk/sdk/2.1.1/src/rp2_common/pico_runtime/runtime.c.o
 .ARM.attributes
                0x00000336       0x2c CMakeFiles/lamp-setup.dir/home/daniel/.pico-sdk/sdk/2.1.1/src/rp2_common/pico_runtime_init/runtime_init.c.o
 .ARM.attributes
                0x00000362       0x2c CMakeFiles/lamp-setup.dir/home/daniel/.pico-sdk/sdk/2.1.1/src/rp2_common/pico_runtime_init/runtime_init_clocks.c.o
 .ARM.attributes
                0x0000038e       0x22 CMakeFiles/lamp-setup.dir/home/daniel/.pico-sdk/sdk/2.1.1/src/rp2_common/pico_bit_ops/bit_ops_aeabi.S.o
 .ARM.attributes
                0x000003b0       0x22 CMakeFiles/lamp-setup.dir/home/daniel/.pico-sdk/sdk/2.1.1/src/rp2_common/pico_divider/divider_hardware.S.o
 .ARM.attributes
                0x000003d2       0x22 CMakeFiles/lamp-setup.dir/home/daniel/.pico-sdk/sdk/2.1.1/src/rp2_common/pico_double/double_aeabi_rp2040.S.o
 .ARM.attributes
                0x000003f4       0x2c CMakeFiles/lamp-setup.dir/home/daniel/.pico-sdk/sdk/2.1.1/src/rp2_common/pico_double/double_init_rom_rp2040.c.o
 .ARM.attributes
                0x00000420       0x22 CMakeFiles/lamp-setup.dir/home/daniel/.pico-sdk/sdk/2.1.1/src/rp2_common/pico_double/double_v1_rom_shim_rp2040.S.o
 .ARM.attributes
                0x00000442       0x22 CMakeFiles/lamp-setup.dir/home/daniel/.pico-sdk/sdk/2.1.1/src/rp2_common/pico_int64_ops/pico_int64_ops_aeabi.S.o
 .ARM.attributes
                0x00000464       0x22 CMakeFiles/lamp-setup.dir/home/daniel/.pico-sdk/sdk/2.1.1/src/rp2_common/pico_float/float_aeabi_rp2040.S.o
 .ARM.attributes
                0x00000486       0x2c CMakeFiles/lamp-setup.dir/home/daniel/.pico-sdk/sdk/2.1.1/src/rp2_common/pico_float/float_init_rom_rp2040.c.o
 .ARM.attributes
                0x000004b2       0x22 CMakeFiles/lamp-setup.dir/home/daniel/.pico-sdk/sdk/2.1.1/src/rp2_common/pico_mem_ops/mem_ops_aeabi.S.o
 .ARM.attributes
                0x000004d4       0x2c CMakeFiles/lamp-setup.dir/home/daniel/.pico-sdk/sdk/2.1.1/src/rp2_common/pico_standard_binary_info/standard_binary_info.c.o
 .ARM.attributes
                0x00000500       0x2c CMakeFiles/lamp-setup.dir/home/daniel/.pico-sdk/sdk/2.1.1/src/rp2_common/pico_printf/printf.c.o
 .ARM.attributes
                0x0000052c       0x22 CMakeFiles/lamp-setup.dir/home/daniel/.pico-sdk/sdk/2.1.1/src/rp2_common/pico_crt0/crt0.S.o
 .ARM.attributes
                0x0000054e       0x2c CMakeFiles/lamp-setup.dir/home/daniel/.pico-sdk/sdk/2.1.1/src/rp2_common/pico_clib_interface/newlib_interface.c.o
 .ARM.attributes
                0x0000057a       0x2c CMakeFiles/lamp-setup.dir/home/daniel/.pico-sdk/sdk/2.1.1/src/rp2_common/pico_stdio/stdio.c.o
 .ARM.attributes
                0x000005a6       0x2c CMakeFiles/lamp-setup.dir/home/daniel/.pico-sdk/sdk/2.1.1/src/rp2_common/hardware_adc/adc.c.o
 .ARM.attributes
                0x000005d2       0x22 pico-sdk/src/rp2040/boot_stage2/CMakeFiles/bs2_default_library.dir/./bs2_default_padded_checksummed.S.o
 .ARM.attributes
                0x000005f4       0x1e /home/daniel/.pico-sdk/toolchain/14_2_Rel1/bin/../lib/gcc/arm-none-eabi/14.2.1/thumb/v6-m/nofp/libgcc.a(_dvmd_tls.o)
 .ARM.attributes
                0x00000612       0x2c /home/daniel/.pico-sdk/toolchain/14_2_Rel1/bin/../lib/gcc/arm-none-eabi/14.2.1/../../../../arm-none-eabi/lib/thumb/v6-m/nofp/libg.a(libc_a-strlen-stub.o)
 .ARM.attributes
                0x0000063e       0x2c /home/daniel/.pico-sdk/toolchain/14_2_Rel1/bin/../lib/gcc/arm-none-eabi/14.2.1/thumb/v6-m/nofp/crtend.o

.comment        0x00000000       0x45
 .comment       0x00000000       0x45 CMakeFiles/lamp-setup.dir/lamp-setup.c.o
                                 0x46 (size before relaxing)
 .comment       0x00000045       0x46 CMakeFiles/lamp-setup.dir/home/daniel/.pico-sdk/sdk/2.1.1/src/rp2_common/hardware_gpio/gpio.c.o
 .comment       0x00000045       0x46 CMakeFiles/lamp-setup.dir/home/daniel/.pico-sdk/sdk/2.1.1/src/rp2_common/pico_platform_panic/panic.c.o
 .comment       0x00000045       0x46 CMakeFiles/lamp-setup.dir/home/daniel/.pico-sdk/sdk/2.1.1/src/common/hardware_claim/claim.c.o
 .comment       0x00000045       0x46 CMakeFiles/lamp-setup.dir/home/daniel/.pico-sdk/sdk/2.1.1/src/rp2_common/hardware_sync/sync.c.o
 .comment       0x00000045       0x46 CMakeFiles/lamp-setup.dir/home/daniel/.pico-sdk/sdk/2.1.1/src/rp2_common/hardware_sync_spin_lock/sync_spin_lock.c.o
 .comment       0x00000045       0x46 CMakeFiles/lamp-setup.dir/home/daniel/.pico-sdk/sdk/2.1.1/src/rp2_common/hardware_irq/irq.c.o
 .comment       0x00000045       0x46 CMakeFiles/lamp-setup.dir/home/daniel/.pico-sdk/sdk/2.1.1/src/common/pico_sync/lock_core.c.o
 .comment       0x00000045       0x46 CMakeFiles/lamp-setup.dir/home/daniel/.pico-sdk/sdk/2.1.1/src/common/pico_sync/mutex.c.o
 .comment       0x00000045       0x46 CMakeFiles/lamp-setup.dir/home/daniel/.pico-sdk/sdk/2.1.1/src/common/pico_time/time.c.o
 .comment       0x00000045       0x46 CMakeFiles/lamp-setup.dir/home/daniel/.pico-sdk/sdk/2.1.1/src/rp2_common/hardware_timer/timer.c.o
 .comment       0x00000045       0x46 CMakeFiles/lamp-setup.dir/home/daniel/.pico-sdk/sdk/2.1.1/src/rp2_common/hardware_clocks/clocks.c.o
 .comment       0x00000045       0x46 CMakeFiles/lamp-setup.dir/home/daniel/.pico-sdk/sdk/2.1.1/src/rp2_common/hardware_pll/pll.c.o
 .comment       0x00000045       0x46 CMakeFiles/lamp-setup.dir/home/daniel/.pico-sdk/sdk/2.1.1/src/rp2_common/hardware_ticks/ticks.c.o
 .comment       0x00000045       0x46 CMakeFiles/lamp-setup.dir/home/daniel/.pico-sdk/sdk/2.1.1/src/rp2_common/pico_bootrom/bootrom.c.o
 .comment       0x00000045       0x46 CMakeFiles/lamp-setup.dir/home/daniel/.pico-sdk/sdk/2.1.1/src/rp2_common/hardware_xosc/xosc.c.o
 .comment       0x00000045       0x46 CMakeFiles/lamp-setup.dir/home/daniel/.pico-sdk/sdk/2.1.1/src/rp2_common/pico_runtime/runtime.c.o
 .comment       0x00000045       0x46 CMakeFiles/lamp-setup.dir/home/daniel/.pico-sdk/sdk/2.1.1/src/rp2_common/pico_runtime_init/runtime_init.c.o
 .comment       0x00000045       0x46 CMakeFiles/lamp-setup.dir/home/daniel/.pico-sdk/sdk/2.1.1/src/rp2_common/pico_runtime_init/runtime_init_clocks.c.o
 .comment       0x00000045       0x46 CMakeFiles/lamp-setup.dir/home/daniel/.pico-sdk/sdk/2.1.1/src/rp2_common/pico_double/double_init_rom_rp2040.c.o
 .comment       0x00000045       0x46 CMakeFiles/lamp-setup.dir/home/daniel/.pico-sdk/sdk/2.1.1/src/rp2_common/pico_float/float_init_rom_rp2040.c.o
 .comment       0x00000045       0x46 CMakeFiles/lamp-setup.dir/home/daniel/.pico-sdk/sdk/2.1.1/src/rp2_common/pico_standard_binary_info/standard_binary_info.c.o
 .comment       0x00000045       0x46 CMakeFiles/lamp-setup.dir/home/daniel/.pico-sdk/sdk/2.1.1/src/rp2_common/pico_printf/printf.c.o
 .comment       0x00000045       0x46 CMakeFiles/lamp-setup.dir/home/daniel/.pico-sdk/sdk/2.1.1/src/rp2_common/pico_clib_interface/newlib_interface.c.o
 .comment       0x00000045       0x46 CMakeFiles/lamp-setup.dir/home/daniel/.pico-sdk/sdk/2.1.1/src/rp2_common/pico_stdio/stdio.c.o
 .comment       0x00000045       0x46 CMakeFiles/lamp-setup.dir/home/daniel/.pico-sdk/sdk/2.1.1/src/rp2_common/hardware_adc/adc.c.o

.debug_info     0x00000000    0x1b93c
 .debug_info    0x00000000     0x1a60 CMakeFiles/lamp-setup.dir/lamp-setup.c.o
 .debug_info    0x00001a60     0x242d CMakeFiles/lamp-setup.dir/home/daniel/.pico-sdk/sdk/2.1.1/src/rp2_common/hardware_gpio/gpio.c.o
 .debug_info    0x00003e8d      0x1bf CMakeFiles/lamp-setup.dir/home/daniel/.pico-sdk/sdk/2.1.1/src/rp2_common/pico_platform_panic/panic.c.o
 .debug_info    0x0000404c      0x9a1 CMakeFiles/lamp-setup.dir/home/daniel/.pico-sdk/sdk/2.1.1/src/common/hardware_claim/claim.c.o
 .debug_info    0x000049ed      0x45c CMakeFiles/lamp-setup.dir/home/daniel/.pico-sdk/sdk/2.1.1/src/rp2_common/hardware_sync/sync.c.o
 .debug_info    0x00004e49      0x245 CMakeFiles/lamp-setup.dir/home/daniel/.pico-sdk/sdk/2.1.1/src/rp2_common/hardware_sync_spin_lock/sync_spin_lock.c.o
 .debug_info    0x0000508e     0x220f CMakeFiles/lamp-setup.dir/home/daniel/.pico-sdk/sdk/2.1.1/src/rp2_common/hardware_irq/irq.c.o
 .debug_info    0x0000729d      0x15f CMakeFiles/lamp-setup.dir/home/daniel/.pico-sdk/sdk/2.1.1/src/common/pico_sync/lock_core.c.o
 .debug_info    0x000073fc     0x27f1 CMakeFiles/lamp-setup.dir/home/daniel/.pico-sdk/sdk/2.1.1/src/common/pico_sync/mutex.c.o
 .debug_info    0x00009bed     0x5036 CMakeFiles/lamp-setup.dir/home/daniel/.pico-sdk/sdk/2.1.1/src/common/pico_time/time.c.o
 .debug_info    0x0000ec23     0x2b13 CMakeFiles/lamp-setup.dir/home/daniel/.pico-sdk/sdk/2.1.1/src/rp2_common/hardware_timer/timer.c.o
 .debug_info    0x00011736     0x2991 CMakeFiles/lamp-setup.dir/home/daniel/.pico-sdk/sdk/2.1.1/src/rp2_common/hardware_clocks/clocks.c.o
 .debug_info    0x000140c7      0x4e5 CMakeFiles/lamp-setup.dir/home/daniel/.pico-sdk/sdk/2.1.1/src/rp2_common/hardware_pll/pll.c.o
 .debug_info    0x000145ac      0x248 CMakeFiles/lamp-setup.dir/home/daniel/.pico-sdk/sdk/2.1.1/src/rp2_common/hardware_ticks/ticks.c.o
 .debug_info    0x000147f4      0x678 CMakeFiles/lamp-setup.dir/home/daniel/.pico-sdk/sdk/2.1.1/src/rp2_common/pico_bootrom/bootrom.c.o
 .debug_info    0x00014e6c      0x1d0 CMakeFiles/lamp-setup.dir/home/daniel/.pico-sdk/sdk/2.1.1/src/rp2_common/hardware_xosc/xosc.c.o
 .debug_info    0x0001503c      0x21a CMakeFiles/lamp-setup.dir/home/daniel/.pico-sdk/sdk/2.1.1/src/rp2_common/pico_runtime/runtime.c.o
 .debug_info    0x00015256      0x795 CMakeFiles/lamp-setup.dir/home/daniel/.pico-sdk/sdk/2.1.1/src/rp2_common/pico_runtime_init/runtime_init.c.o
 .debug_info    0x000159eb      0x781 CMakeFiles/lamp-setup.dir/home/daniel/.pico-sdk/sdk/2.1.1/src/rp2_common/pico_runtime_init/runtime_init_clocks.c.o
 .debug_info    0x0001616c       0x23 CMakeFiles/lamp-setup.dir/home/daniel/.pico-sdk/sdk/2.1.1/src/rp2_common/pico_bit_ops/bit_ops_aeabi.S.o
 .debug_info    0x0001618f       0x23 CMakeFiles/lamp-setup.dir/home/daniel/.pico-sdk/sdk/2.1.1/src/rp2_common/pico_divider/divider_hardware.S.o
 .debug_info    0x000161b2       0x23 CMakeFiles/lamp-setup.dir/home/daniel/.pico-sdk/sdk/2.1.1/src/rp2_common/pico_double/double_aeabi_rp2040.S.o
 .debug_info    0x000161d5      0x2c4 CMakeFiles/lamp-setup.dir/home/daniel/.pico-sdk/sdk/2.1.1/src/rp2_common/pico_double/double_init_rom_rp2040.c.o
 .debug_info    0x00016499       0x24 CMakeFiles/lamp-setup.dir/home/daniel/.pico-sdk/sdk/2.1.1/src/rp2_common/pico_double/double_v1_rom_shim_rp2040.S.o
 .debug_info    0x000164bd       0x24 CMakeFiles/lamp-setup.dir/home/daniel/.pico-sdk/sdk/2.1.1/src/rp2_common/pico_int64_ops/pico_int64_ops_aeabi.S.o
 .debug_info    0x000164e1       0x23 CMakeFiles/lamp-setup.dir/home/daniel/.pico-sdk/sdk/2.1.1/src/rp2_common/pico_float/float_aeabi_rp2040.S.o
 .debug_info    0x00016504      0x2b0 CMakeFiles/lamp-setup.dir/home/daniel/.pico-sdk/sdk/2.1.1/src/rp2_common/pico_float/float_init_rom_rp2040.c.o
 .debug_info    0x000167b4       0x23 CMakeFiles/lamp-setup.dir/home/daniel/.pico-sdk/sdk/2.1.1/src/rp2_common/pico_mem_ops/mem_ops_aeabi.S.o
 .debug_info    0x000167d7      0x2e2 CMakeFiles/lamp-setup.dir/home/daniel/.pico-sdk/sdk/2.1.1/src/rp2_common/pico_standard_binary_info/standard_binary_info.c.o
 .debug_info    0x00016ab9     0x22f2 CMakeFiles/lamp-setup.dir/home/daniel/.pico-sdk/sdk/2.1.1/src/rp2_common/pico_printf/printf.c.o
 .debug_info    0x00018dab       0x23 CMakeFiles/lamp-setup.dir/home/daniel/.pico-sdk/sdk/2.1.1/src/rp2_common/pico_crt0/crt0.S.o
 .debug_info    0x00018dce      0xb54 CMakeFiles/lamp-setup.dir/home/daniel/.pico-sdk/sdk/2.1.1/src/rp2_common/pico_clib_interface/newlib_interface.c.o
 .debug_info    0x00019922     0x1c1e CMakeFiles/lamp-setup.dir/home/daniel/.pico-sdk/sdk/2.1.1/src/rp2_common/pico_stdio/stdio.c.o
 .debug_info    0x0001b540      0x3fc CMakeFiles/lamp-setup.dir/home/daniel/.pico-sdk/sdk/2.1.1/src/rp2_common/hardware_adc/adc.c.o

.debug_abbrev   0x00000000     0x4d3a
 .debug_abbrev  0x00000000      0x3ee CMakeFiles/lamp-setup.dir/lamp-setup.c.o
 .debug_abbrev  0x000003ee      0x50e CMakeFiles/lamp-setup.dir/home/daniel/.pico-sdk/sdk/2.1.1/src/rp2_common/hardware_gpio/gpio.c.o
 .debug_abbrev  0x000008fc      0x12b CMakeFiles/lamp-setup.dir/home/daniel/.pico-sdk/sdk/2.1.1/src/rp2_common/pico_platform_panic/panic.c.o
 .debug_abbrev  0x00000a27      0x328 CMakeFiles/lamp-setup.dir/home/daniel/.pico-sdk/sdk/2.1.1/src/common/hardware_claim/claim.c.o
 .debug_abbrev  0x00000d4f      0x20f CMakeFiles/lamp-setup.dir/home/daniel/.pico-sdk/sdk/2.1.1/src/rp2_common/hardware_sync/sync.c.o
 .debug_abbrev  0x00000f5e      0x1bb CMakeFiles/lamp-setup.dir/home/daniel/.pico-sdk/sdk/2.1.1/src/rp2_common/hardware_sync_spin_lock/sync_spin_lock.c.o
 .debug_abbrev  0x00001119      0x614 CMakeFiles/lamp-setup.dir/home/daniel/.pico-sdk/sdk/2.1.1/src/rp2_common/hardware_irq/irq.c.o
 .debug_abbrev  0x0000172d       0xee CMakeFiles/lamp-setup.dir/home/daniel/.pico-sdk/sdk/2.1.1/src/common/pico_sync/lock_core.c.o
 .debug_abbrev  0x0000181b      0x48c CMakeFiles/lamp-setup.dir/home/daniel/.pico-sdk/sdk/2.1.1/src/common/pico_sync/mutex.c.o
 .debug_abbrev  0x00001ca7      0x659 CMakeFiles/lamp-setup.dir/home/daniel/.pico-sdk/sdk/2.1.1/src/common/pico_time/time.c.o
 .debug_abbrev  0x00002300      0x4f2 CMakeFiles/lamp-setup.dir/home/daniel/.pico-sdk/sdk/2.1.1/src/rp2_common/hardware_timer/timer.c.o
 .debug_abbrev  0x000027f2      0x4eb CMakeFiles/lamp-setup.dir/home/daniel/.pico-sdk/sdk/2.1.1/src/rp2_common/hardware_clocks/clocks.c.o
 .debug_abbrev  0x00002cdd      0x1d2 CMakeFiles/lamp-setup.dir/home/daniel/.pico-sdk/sdk/2.1.1/src/rp2_common/hardware_pll/pll.c.o
 .debug_abbrev  0x00002eaf      0x145 CMakeFiles/lamp-setup.dir/home/daniel/.pico-sdk/sdk/2.1.1/src/rp2_common/hardware_ticks/ticks.c.o
 .debug_abbrev  0x00002ff4      0x1bc CMakeFiles/lamp-setup.dir/home/daniel/.pico-sdk/sdk/2.1.1/src/rp2_common/pico_bootrom/bootrom.c.o
 .debug_abbrev  0x000031b0      0x11d CMakeFiles/lamp-setup.dir/home/daniel/.pico-sdk/sdk/2.1.1/src/rp2_common/hardware_xosc/xosc.c.o
 .debug_abbrev  0x000032cd      0x182 CMakeFiles/lamp-setup.dir/home/daniel/.pico-sdk/sdk/2.1.1/src/rp2_common/pico_runtime/runtime.c.o
 .debug_abbrev  0x0000344f      0x222 CMakeFiles/lamp-setup.dir/home/daniel/.pico-sdk/sdk/2.1.1/src/rp2_common/pico_runtime_init/runtime_init.c.o
 .debug_abbrev  0x00003671      0x2af CMakeFiles/lamp-setup.dir/home/daniel/.pico-sdk/sdk/2.1.1/src/rp2_common/pico_runtime_init/runtime_init_clocks.c.o
 .debug_abbrev  0x00003920       0x12 CMakeFiles/lamp-setup.dir/home/daniel/.pico-sdk/sdk/2.1.1/src/rp2_common/pico_bit_ops/bit_ops_aeabi.S.o
 .debug_abbrev  0x00003932       0x12 CMakeFiles/lamp-setup.dir/home/daniel/.pico-sdk/sdk/2.1.1/src/rp2_common/pico_divider/divider_hardware.S.o
 .debug_abbrev  0x00003944       0x12 CMakeFiles/lamp-setup.dir/home/daniel/.pico-sdk/sdk/2.1.1/src/rp2_common/pico_double/double_aeabi_rp2040.S.o
 .debug_abbrev  0x00003956      0x1bb CMakeFiles/lamp-setup.dir/home/daniel/.pico-sdk/sdk/2.1.1/src/rp2_common/pico_double/double_init_rom_rp2040.c.o
 .debug_abbrev  0x00003b11       0x14 CMakeFiles/lamp-setup.dir/home/daniel/.pico-sdk/sdk/2.1.1/src/rp2_common/pico_double/double_v1_rom_shim_rp2040.S.o
 .debug_abbrev  0x00003b25       0x14 CMakeFiles/lamp-setup.dir/home/daniel/.pico-sdk/sdk/2.1.1/src/rp2_common/pico_int64_ops/pico_int64_ops_aeabi.S.o
 .debug_abbrev  0x00003b39       0x12 CMakeFiles/lamp-setup.dir/home/daniel/.pico-sdk/sdk/2.1.1/src/rp2_common/pico_float/float_aeabi_rp2040.S.o
 .debug_abbrev  0x00003b4b      0x19e CMakeFiles/lamp-setup.dir/home/daniel/.pico-sdk/sdk/2.1.1/src/rp2_common/pico_float/float_init_rom_rp2040.c.o
 .debug_abbrev  0x00003ce9       0x12 CMakeFiles/lamp-setup.dir/home/daniel/.pico-sdk/sdk/2.1.1/src/rp2_common/pico_mem_ops/mem_ops_aeabi.S.o
 .debug_abbrev  0x00003cfb       0xb8 CMakeFiles/lamp-setup.dir/home/daniel/.pico-sdk/sdk/2.1.1/src/rp2_common/pico_standard_binary_info/standard_binary_info.c.o
 .debug_abbrev  0x00003db3      0x50c CMakeFiles/lamp-setup.dir/home/daniel/.pico-sdk/sdk/2.1.1/src/rp2_common/pico_printf/printf.c.o
 .debug_abbrev  0x000042bf       0x12 CMakeFiles/lamp-setup.dir/home/daniel/.pico-sdk/sdk/2.1.1/src/rp2_common/pico_crt0/crt0.S.o
 .debug_abbrev  0x000042d1      0x352 CMakeFiles/lamp-setup.dir/home/daniel/.pico-sdk/sdk/2.1.1/src/rp2_common/pico_clib_interface/newlib_interface.c.o
 .debug_abbrev  0x00004623      0x5d5 CMakeFiles/lamp-setup.dir/home/daniel/.pico-sdk/sdk/2.1.1/src/rp2_common/pico_stdio/stdio.c.o
 .debug_abbrev  0x00004bf8      0x142 CMakeFiles/lamp-setup.dir/home/daniel/.pico-sdk/sdk/2.1.1/src/rp2_common/hardware_adc/adc.c.o

.debug_loclists
                0x00000000    0x10176
 .debug_loclists
                0x00000000      0x64a CMakeFiles/lamp-setup.dir/lamp-setup.c.o
 .debug_loclists
                0x0000064a     0x1ac0 CMakeFiles/lamp-setup.dir/home/daniel/.pico-sdk/sdk/2.1.1/src/rp2_common/hardware_gpio/gpio.c.o
 .debug_loclists
                0x0000210a      0x349 CMakeFiles/lamp-setup.dir/home/daniel/.pico-sdk/sdk/2.1.1/src/common/hardware_claim/claim.c.o
 .debug_loclists
                0x00002453      0x108 CMakeFiles/lamp-setup.dir/home/daniel/.pico-sdk/sdk/2.1.1/src/rp2_common/hardware_sync/sync.c.o
 .debug_loclists
                0x0000255b       0x7d CMakeFiles/lamp-setup.dir/home/daniel/.pico-sdk/sdk/2.1.1/src/rp2_common/hardware_sync_spin_lock/sync_spin_lock.c.o
 .debug_loclists
                0x000025d8     0x11ed CMakeFiles/lamp-setup.dir/home/daniel/.pico-sdk/sdk/2.1.1/src/rp2_common/hardware_irq/irq.c.o
 .debug_loclists
                0x000037c5       0x41 CMakeFiles/lamp-setup.dir/home/daniel/.pico-sdk/sdk/2.1.1/src/common/pico_sync/lock_core.c.o
 .debug_loclists
                0x00003806      0xaec CMakeFiles/lamp-setup.dir/home/daniel/.pico-sdk/sdk/2.1.1/src/common/pico_sync/mutex.c.o
 .debug_loclists
                0x000042f2     0x27d7 CMakeFiles/lamp-setup.dir/home/daniel/.pico-sdk/sdk/2.1.1/src/common/pico_time/time.c.o
 .debug_loclists
                0x00006ac9     0x19f6 CMakeFiles/lamp-setup.dir/home/daniel/.pico-sdk/sdk/2.1.1/src/rp2_common/hardware_timer/timer.c.o
 .debug_loclists
                0x000084bf     0x2b6f CMakeFiles/lamp-setup.dir/home/daniel/.pico-sdk/sdk/2.1.1/src/rp2_common/hardware_clocks/clocks.c.o
 .debug_loclists
                0x0000b02e      0x1e0 CMakeFiles/lamp-setup.dir/home/daniel/.pico-sdk/sdk/2.1.1/src/rp2_common/hardware_pll/pll.c.o
 .debug_loclists
                0x0000b20e       0x47 CMakeFiles/lamp-setup.dir/home/daniel/.pico-sdk/sdk/2.1.1/src/rp2_common/hardware_ticks/ticks.c.o
 .debug_loclists
                0x0000b255      0x351 CMakeFiles/lamp-setup.dir/home/daniel/.pico-sdk/sdk/2.1.1/src/rp2_common/pico_bootrom/bootrom.c.o
 .debug_loclists
                0x0000b5a6       0x48 CMakeFiles/lamp-setup.dir/home/daniel/.pico-sdk/sdk/2.1.1/src/rp2_common/hardware_xosc/xosc.c.o
 .debug_loclists
                0x0000b5ee       0x7e CMakeFiles/lamp-setup.dir/home/daniel/.pico-sdk/sdk/2.1.1/src/rp2_common/pico_runtime/runtime.c.o
 .debug_loclists
                0x0000b66c       0xba CMakeFiles/lamp-setup.dir/home/daniel/.pico-sdk/sdk/2.1.1/src/rp2_common/pico_runtime_init/runtime_init.c.o
 .debug_loclists
                0x0000b726       0x74 CMakeFiles/lamp-setup.dir/home/daniel/.pico-sdk/sdk/2.1.1/src/rp2_common/pico_runtime_init/runtime_init_clocks.c.o
 .debug_loclists
                0x0000b79a       0x35 CMakeFiles/lamp-setup.dir/home/daniel/.pico-sdk/sdk/2.1.1/src/rp2_common/pico_double/double_init_rom_rp2040.c.o
 .debug_loclists
                0x0000b7cf       0x4e CMakeFiles/lamp-setup.dir/home/daniel/.pico-sdk/sdk/2.1.1/src/rp2_common/pico_float/float_init_rom_rp2040.c.o
 .debug_loclists
                0x0000b81d     0x355f CMakeFiles/lamp-setup.dir/home/daniel/.pico-sdk/sdk/2.1.1/src/rp2_common/pico_printf/printf.c.o
 .debug_loclists
                0x0000ed7c      0x431 CMakeFiles/lamp-setup.dir/home/daniel/.pico-sdk/sdk/2.1.1/src/rp2_common/pico_clib_interface/newlib_interface.c.o
 .debug_loclists
                0x0000f1ad      0xf31 CMakeFiles/lamp-setup.dir/home/daniel/.pico-sdk/sdk/2.1.1/src/rp2_common/pico_stdio/stdio.c.o
 .debug_loclists
                0x000100de       0x98 CMakeFiles/lamp-setup.dir/home/daniel/.pico-sdk/sdk/2.1.1/src/rp2_common/hardware_adc/adc.c.o

.debug_aranges  0x00000000      0xdb8
 .debug_aranges
                0x00000000       0x38 CMakeFiles/lamp-setup.dir/lamp-setup.c.o
 .debug_aranges
                0x00000038      0x120 CMakeFiles/lamp-setup.dir/home/daniel/.pico-sdk/sdk/2.1.1/src/rp2_common/hardware_gpio/gpio.c.o
 .debug_aranges
                0x00000158       0x28 CMakeFiles/lamp-setup.dir/home/daniel/.pico-sdk/sdk/2.1.1/src/rp2_common/pico_platform_panic/panic.c.o
 .debug_aranges
                0x00000180       0x48 CMakeFiles/lamp-setup.dir/home/daniel/.pico-sdk/sdk/2.1.1/src/common/hardware_claim/claim.c.o
 .debug_aranges
                0x000001c8       0x48 CMakeFiles/lamp-setup.dir/home/daniel/.pico-sdk/sdk/2.1.1/src/rp2_common/hardware_sync/sync.c.o
 .debug_aranges
                0x00000210       0x28 CMakeFiles/lamp-setup.dir/home/daniel/.pico-sdk/sdk/2.1.1/src/rp2_common/hardware_sync_spin_lock/sync_spin_lock.c.o
 .debug_aranges
                0x00000238       0xb8 CMakeFiles/lamp-setup.dir/home/daniel/.pico-sdk/sdk/2.1.1/src/rp2_common/hardware_irq/irq.c.o
 .debug_aranges
                0x000002f0       0x20 CMakeFiles/lamp-setup.dir/home/daniel/.pico-sdk/sdk/2.1.1/src/common/pico_sync/lock_core.c.o
 .debug_aranges
                0x00000310       0x98 CMakeFiles/lamp-setup.dir/home/daniel/.pico-sdk/sdk/2.1.1/src/common/pico_sync/mutex.c.o
 .debug_aranges
                0x000003a8       0xe0 CMakeFiles/lamp-setup.dir/home/daniel/.pico-sdk/sdk/2.1.1/src/common/pico_time/time.c.o
 .debug_aranges
                0x00000488       0xf0 CMakeFiles/lamp-setup.dir/home/daniel/.pico-sdk/sdk/2.1.1/src/rp2_common/hardware_timer/timer.c.o
 .debug_aranges
                0x00000578       0x90 CMakeFiles/lamp-setup.dir/home/daniel/.pico-sdk/sdk/2.1.1/src/rp2_common/hardware_clocks/clocks.c.o
 .debug_aranges
                0x00000608       0x28 CMakeFiles/lamp-setup.dir/home/daniel/.pico-sdk/sdk/2.1.1/src/rp2_common/hardware_pll/pll.c.o
 .debug_aranges
                0x00000630       0x30 CMakeFiles/lamp-setup.dir/home/daniel/.pico-sdk/sdk/2.1.1/src/rp2_common/hardware_ticks/ticks.c.o
 .debug_aranges
                0x00000660       0x40 CMakeFiles/lamp-setup.dir/home/daniel/.pico-sdk/sdk/2.1.1/src/rp2_common/pico_bootrom/bootrom.c.o
 .debug_aranges
                0x000006a0       0x30 CMakeFiles/lamp-setup.dir/home/daniel/.pico-sdk/sdk/2.1.1/src/rp2_common/hardware_xosc/xosc.c.o
 .debug_aranges
                0x000006d0       0x38 CMakeFiles/lamp-setup.dir/home/daniel/.pico-sdk/sdk/2.1.1/src/rp2_common/pico_runtime/runtime.c.o
 .debug_aranges
                0x00000708       0x48 CMakeFiles/lamp-setup.dir/home/daniel/.pico-sdk/sdk/2.1.1/src/rp2_common/pico_runtime_init/runtime_init.c.o
 .debug_aranges
                0x00000750       0x20 CMakeFiles/lamp-setup.dir/home/daniel/.pico-sdk/sdk/2.1.1/src/rp2_common/pico_runtime_init/runtime_init_clocks.c.o
 .debug_aranges
                0x00000770       0x60 CMakeFiles/lamp-setup.dir/home/daniel/.pico-sdk/sdk/2.1.1/src/rp2_common/pico_bit_ops/bit_ops_aeabi.S.o
 .debug_aranges
                0x000007d0       0x40 CMakeFiles/lamp-setup.dir/home/daniel/.pico-sdk/sdk/2.1.1/src/rp2_common/pico_divider/divider_hardware.S.o
 .debug_aranges
                0x00000810      0x150 CMakeFiles/lamp-setup.dir/home/daniel/.pico-sdk/sdk/2.1.1/src/rp2_common/pico_double/double_aeabi_rp2040.S.o
 .debug_aranges
                0x00000960       0x28 CMakeFiles/lamp-setup.dir/home/daniel/.pico-sdk/sdk/2.1.1/src/rp2_common/pico_double/double_init_rom_rp2040.c.o
 .debug_aranges
                0x00000988       0x20 CMakeFiles/lamp-setup.dir/home/daniel/.pico-sdk/sdk/2.1.1/src/rp2_common/pico_double/double_v1_rom_shim_rp2040.S.o
 .debug_aranges
                0x000009a8       0x20 CMakeFiles/lamp-setup.dir/home/daniel/.pico-sdk/sdk/2.1.1/src/rp2_common/pico_int64_ops/pico_int64_ops_aeabi.S.o
 .debug_aranges
                0x000009c8      0x138 CMakeFiles/lamp-setup.dir/home/daniel/.pico-sdk/sdk/2.1.1/src/rp2_common/pico_float/float_aeabi_rp2040.S.o
 .debug_aranges
                0x00000b00       0x28 CMakeFiles/lamp-setup.dir/home/daniel/.pico-sdk/sdk/2.1.1/src/rp2_common/pico_float/float_init_rom_rp2040.c.o
 .debug_aranges
                0x00000b28       0x38 CMakeFiles/lamp-setup.dir/home/daniel/.pico-sdk/sdk/2.1.1/src/rp2_common/pico_mem_ops/mem_ops_aeabi.S.o
 .debug_aranges
                0x00000b60       0x18 CMakeFiles/lamp-setup.dir/home/daniel/.pico-sdk/sdk/2.1.1/src/rp2_common/pico_standard_binary_info/standard_binary_info.c.o
 .debug_aranges
                0x00000b78       0x90 CMakeFiles/lamp-setup.dir/home/daniel/.pico-sdk/sdk/2.1.1/src/rp2_common/pico_printf/printf.c.o
 .debug_aranges
                0x00000c08       0x28 CMakeFiles/lamp-setup.dir/home/daniel/.pico-sdk/sdk/2.1.1/src/rp2_common/pico_crt0/crt0.S.o
 .debug_aranges
                0x00000c30       0xa0 CMakeFiles/lamp-setup.dir/home/daniel/.pico-sdk/sdk/2.1.1/src/rp2_common/pico_clib_interface/newlib_interface.c.o
 .debug_aranges
                0x00000cd0       0xc8 CMakeFiles/lamp-setup.dir/home/daniel/.pico-sdk/sdk/2.1.1/src/rp2_common/pico_stdio/stdio.c.o
 .debug_aranges
                0x00000d98       0x20 CMakeFiles/lamp-setup.dir/home/daniel/.pico-sdk/sdk/2.1.1/src/rp2_common/hardware_adc/adc.c.o

.debug_rnglists
                0x00000000     0x2ad6
 .debug_rnglists
                0x00000000      0x166 CMakeFiles/lamp-setup.dir/lamp-setup.c.o
 .debug_rnglists
                0x00000166      0x5d0 CMakeFiles/lamp-setup.dir/home/daniel/.pico-sdk/sdk/2.1.1/src/rp2_common/hardware_gpio/gpio.c.o
 .debug_rnglists
                0x00000736       0x19 CMakeFiles/lamp-setup.dir/home/daniel/.pico-sdk/sdk/2.1.1/src/rp2_common/pico_platform_panic/panic.c.o
 .debug_rnglists
                0x0000074f       0xb6 CMakeFiles/lamp-setup.dir/home/daniel/.pico-sdk/sdk/2.1.1/src/common/hardware_claim/claim.c.o
 .debug_rnglists
                0x00000805       0x58 CMakeFiles/lamp-setup.dir/home/daniel/.pico-sdk/sdk/2.1.1/src/rp2_common/hardware_sync/sync.c.o
 .debug_rnglists
                0x0000085d       0x3d CMakeFiles/lamp-setup.dir/home/daniel/.pico-sdk/sdk/2.1.1/src/rp2_common/hardware_sync_spin_lock/sync_spin_lock.c.o
 .debug_rnglists
                0x0000089a      0x37d CMakeFiles/lamp-setup.dir/home/daniel/.pico-sdk/sdk/2.1.1/src/rp2_common/hardware_irq/irq.c.o
 .debug_rnglists
                0x00000c17       0x1f CMakeFiles/lamp-setup.dir/home/daniel/.pico-sdk/sdk/2.1.1/src/common/pico_sync/lock_core.c.o
 .debug_rnglists
                0x00000c36      0x325 CMakeFiles/lamp-setup.dir/home/daniel/.pico-sdk/sdk/2.1.1/src/common/pico_sync/mutex.c.o
 .debug_rnglists
                0x00000f5b      0x7e2 CMakeFiles/lamp-setup.dir/home/daniel/.pico-sdk/sdk/2.1.1/src/common/pico_time/time.c.o
 .debug_rnglists
                0x0000173d      0x2c6 CMakeFiles/lamp-setup.dir/home/daniel/.pico-sdk/sdk/2.1.1/src/rp2_common/hardware_timer/timer.c.o
 .debug_rnglists
                0x00001a03      0x5af CMakeFiles/lamp-setup.dir/home/daniel/.pico-sdk/sdk/2.1.1/src/rp2_common/hardware_clocks/clocks.c.o
 .debug_rnglists
                0x00001fb2       0x5c CMakeFiles/lamp-setup.dir/home/daniel/.pico-sdk/sdk/2.1.1/src/rp2_common/hardware_pll/pll.c.o
 .debug_rnglists
                0x0000200e       0x2b CMakeFiles/lamp-setup.dir/home/daniel/.pico-sdk/sdk/2.1.1/src/rp2_common/hardware_ticks/ticks.c.o
 .debug_rnglists
                0x00002039      0x112 CMakeFiles/lamp-setup.dir/home/daniel/.pico-sdk/sdk/2.1.1/src/rp2_common/pico_bootrom/bootrom.c.o
 .debug_rnglists
                0x0000214b       0x1f CMakeFiles/lamp-setup.dir/home/daniel/.pico-sdk/sdk/2.1.1/src/rp2_common/hardware_xosc/xosc.c.o
 .debug_rnglists
                0x0000216a       0x3d CMakeFiles/lamp-setup.dir/home/daniel/.pico-sdk/sdk/2.1.1/src/rp2_common/pico_runtime/runtime.c.o
 .debug_rnglists
                0x000021a7       0x49 CMakeFiles/lamp-setup.dir/home/daniel/.pico-sdk/sdk/2.1.1/src/rp2_common/pico_runtime_init/runtime_init.c.o
 .debug_rnglists
                0x000021f0       0x20 CMakeFiles/lamp-setup.dir/home/daniel/.pico-sdk/sdk/2.1.1/src/rp2_common/pico_runtime_init/runtime_init_clocks.c.o
 .debug_rnglists
                0x00002210       0x43 CMakeFiles/lamp-setup.dir/home/daniel/.pico-sdk/sdk/2.1.1/src/rp2_common/pico_bit_ops/bit_ops_aeabi.S.o
 .debug_rnglists
                0x00002253       0x2c CMakeFiles/lamp-setup.dir/home/daniel/.pico-sdk/sdk/2.1.1/src/rp2_common/pico_divider/divider_hardware.S.o
 .debug_rnglists
                0x0000227f       0xf8 CMakeFiles/lamp-setup.dir/home/daniel/.pico-sdk/sdk/2.1.1/src/rp2_common/pico_double/double_aeabi_rp2040.S.o
 .debug_rnglists
                0x00002377       0x1a CMakeFiles/lamp-setup.dir/home/daniel/.pico-sdk/sdk/2.1.1/src/rp2_common/pico_double/double_init_rom_rp2040.c.o
 .debug_rnglists
                0x00002391       0xe5 CMakeFiles/lamp-setup.dir/home/daniel/.pico-sdk/sdk/2.1.1/src/rp2_common/pico_float/float_aeabi_rp2040.S.o
 .debug_rnglists
                0x00002476       0x19 CMakeFiles/lamp-setup.dir/home/daniel/.pico-sdk/sdk/2.1.1/src/rp2_common/pico_float/float_init_rom_rp2040.c.o
 .debug_rnglists
                0x0000248f       0x25 CMakeFiles/lamp-setup.dir/home/daniel/.pico-sdk/sdk/2.1.1/src/rp2_common/pico_mem_ops/mem_ops_aeabi.S.o
 .debug_rnglists
                0x000024b4      0x2a2 CMakeFiles/lamp-setup.dir/home/daniel/.pico-sdk/sdk/2.1.1/src/rp2_common/pico_printf/printf.c.o
 .debug_rnglists
                0x00002756       0x1b CMakeFiles/lamp-setup.dir/home/daniel/.pico-sdk/sdk/2.1.1/src/rp2_common/pico_crt0/crt0.S.o
 .debug_rnglists
                0x00002771       0x7f CMakeFiles/lamp-setup.dir/home/daniel/.pico-sdk/sdk/2.1.1/src/rp2_common/pico_clib_interface/newlib_interface.c.o
 .debug_rnglists
                0x000027f0      0x2bb CMakeFiles/lamp-setup.dir/home/daniel/.pico-sdk/sdk/2.1.1/src/rp2_common/pico_stdio/stdio.c.o
 .debug_rnglists
                0x00002aab       0x2b CMakeFiles/lamp-setup.dir/home/daniel/.pico-sdk/sdk/2.1.1/src/rp2_common/hardware_adc/adc.c.o

.debug_line     0x00000000    0x15837
 .debug_line    0x00000000      0xc2b CMakeFiles/lamp-setup.dir/lamp-setup.c.o
 .debug_line    0x00000c2b     0x1c90 CMakeFiles/lamp-setup.dir/home/daniel/.pico-sdk/sdk/2.1.1/src/rp2_common/hardware_gpio/gpio.c.o
 .debug_line    0x000028bb      0x27e CMakeFiles/lamp-setup.dir/home/daniel/.pico-sdk/sdk/2.1.1/src/rp2_common/pico_platform_panic/panic.c.o
 .debug_line    0x00002b39      0x8e0 CMakeFiles/lamp-setup.dir/home/daniel/.pico-sdk/sdk/2.1.1/src/common/hardware_claim/claim.c.o
 .debug_line    0x00003419      0x4c8 CMakeFiles/lamp-setup.dir/home/daniel/.pico-sdk/sdk/2.1.1/src/rp2_common/hardware_sync/sync.c.o
 .debug_line    0x000038e1      0x3ac CMakeFiles/lamp-setup.dir/home/daniel/.pico-sdk/sdk/2.1.1/src/rp2_common/hardware_sync_spin_lock/sync_spin_lock.c.o
 .debug_line    0x00003c8d     0x175d CMakeFiles/lamp-setup.dir/home/daniel/.pico-sdk/sdk/2.1.1/src/rp2_common/hardware_irq/irq.c.o
 .debug_line    0x000053ea      0x2d7 CMakeFiles/lamp-setup.dir/home/daniel/.pico-sdk/sdk/2.1.1/src/common/pico_sync/lock_core.c.o
 .debug_line    0x000056c1     0x1b2d CMakeFiles/lamp-setup.dir/home/daniel/.pico-sdk/sdk/2.1.1/src/common/pico_sync/mutex.c.o
 .debug_line    0x000071ee     0x3534 CMakeFiles/lamp-setup.dir/home/daniel/.pico-sdk/sdk/2.1.1/src/common/pico_time/time.c.o
 .debug_line    0x0000a722     0x1cfc CMakeFiles/lamp-setup.dir/home/daniel/.pico-sdk/sdk/2.1.1/src/rp2_common/hardware_timer/timer.c.o
 .debug_line    0x0000c41e     0x20f4 CMakeFiles/lamp-setup.dir/home/daniel/.pico-sdk/sdk/2.1.1/src/rp2_common/hardware_clocks/clocks.c.o
 .debug_line    0x0000e512      0x4ee CMakeFiles/lamp-setup.dir/home/daniel/.pico-sdk/sdk/2.1.1/src/rp2_common/hardware_pll/pll.c.o
 .debug_line    0x0000ea00      0x336 CMakeFiles/lamp-setup.dir/home/daniel/.pico-sdk/sdk/2.1.1/src/rp2_common/hardware_ticks/ticks.c.o
 .debug_line    0x0000ed36      0x458 CMakeFiles/lamp-setup.dir/home/daniel/.pico-sdk/sdk/2.1.1/src/rp2_common/pico_bootrom/bootrom.c.o
 .debug_line    0x0000f18e      0x33f CMakeFiles/lamp-setup.dir/home/daniel/.pico-sdk/sdk/2.1.1/src/rp2_common/hardware_xosc/xosc.c.o
 .debug_line    0x0000f4cd      0x30d CMakeFiles/lamp-setup.dir/home/daniel/.pico-sdk/sdk/2.1.1/src/rp2_common/pico_runtime/runtime.c.o
 .debug_line    0x0000f7da      0x530 CMakeFiles/lamp-setup.dir/home/daniel/.pico-sdk/sdk/2.1.1/src/rp2_common/pico_runtime_init/runtime_init.c.o
 .debug_line    0x0000fd0a      0x551 CMakeFiles/lamp-setup.dir/home/daniel/.pico-sdk/sdk/2.1.1/src/rp2_common/pico_runtime_init/runtime_init_clocks.c.o
 .debug_line    0x0001025b      0x107 CMakeFiles/lamp-setup.dir/home/daniel/.pico-sdk/sdk/2.1.1/src/rp2_common/pico_bit_ops/bit_ops_aeabi.S.o
 .debug_line    0x00010362      0x2a9 CMakeFiles/lamp-setup.dir/home/daniel/.pico-sdk/sdk/2.1.1/src/rp2_common/pico_divider/divider_hardware.S.o
 .debug_line    0x0001060b      0x44d CMakeFiles/lamp-setup.dir/home/daniel/.pico-sdk/sdk/2.1.1/src/rp2_common/pico_double/double_aeabi_rp2040.S.o
 .debug_line    0x00010a58      0x4fa CMakeFiles/lamp-setup.dir/home/daniel/.pico-sdk/sdk/2.1.1/src/rp2_common/pico_double/double_init_rom_rp2040.c.o
 .debug_line    0x00010f52       0x5d CMakeFiles/lamp-setup.dir/home/daniel/.pico-sdk/sdk/2.1.1/src/rp2_common/pico_double/double_v1_rom_shim_rp2040.S.o
 .debug_line    0x00010faf       0x61 CMakeFiles/lamp-setup.dir/home/daniel/.pico-sdk/sdk/2.1.1/src/rp2_common/pico_int64_ops/pico_int64_ops_aeabi.S.o
 .debug_line    0x00011010      0x3c6 CMakeFiles/lamp-setup.dir/home/daniel/.pico-sdk/sdk/2.1.1/src/rp2_common/pico_float/float_aeabi_rp2040.S.o
 .debug_line    0x000113d6      0x3b6 CMakeFiles/lamp-setup.dir/home/daniel/.pico-sdk/sdk/2.1.1/src/rp2_common/pico_float/float_init_rom_rp2040.c.o
 .debug_line    0x0001178c       0x94 CMakeFiles/lamp-setup.dir/home/daniel/.pico-sdk/sdk/2.1.1/src/rp2_common/pico_mem_ops/mem_ops_aeabi.S.o
 .debug_line    0x00011820      0x1eb CMakeFiles/lamp-setup.dir/home/daniel/.pico-sdk/sdk/2.1.1/src/rp2_common/pico_standard_binary_info/standard_binary_info.c.o
 .debug_line    0x00011a0b     0x1d0a CMakeFiles/lamp-setup.dir/home/daniel/.pico-sdk/sdk/2.1.1/src/rp2_common/pico_printf/printf.c.o
 .debug_line    0x00013715       0xa5 CMakeFiles/lamp-setup.dir/home/daniel/.pico-sdk/sdk/2.1.1/src/rp2_common/pico_crt0/crt0.S.o
 .debug_line    0x000137ba      0x858 CMakeFiles/lamp-setup.dir/home/daniel/.pico-sdk/sdk/2.1.1/src/rp2_common/pico_clib_interface/newlib_interface.c.o
 .debug_line    0x00014012     0x143a CMakeFiles/lamp-setup.dir/home/daniel/.pico-sdk/sdk/2.1.1/src/rp2_common/pico_stdio/stdio.c.o
 .debug_line    0x0001544c      0x3eb CMakeFiles/lamp-setup.dir/home/daniel/.pico-sdk/sdk/2.1.1/src/rp2_common/hardware_adc/adc.c.o

.debug_str      0x00000000     0x44f2
 .debug_str     0x00000000     0x44f2 CMakeFiles/lamp-setup.dir/lamp-setup.c.o
                                0xbab (size before relaxing)
 .debug_str     0x000044f2      0xc71 CMakeFiles/lamp-setup.dir/home/daniel/.pico-sdk/sdk/2.1.1/src/rp2_common/hardware_gpio/gpio.c.o
 .debug_str     0x000044f2      0x1fc CMakeFiles/lamp-setup.dir/home/daniel/.pico-sdk/sdk/2.1.1/src/rp2_common/pico_platform_panic/panic.c.o
 .debug_str     0x000044f2      0x37f CMakeFiles/lamp-setup.dir/home/daniel/.pico-sdk/sdk/2.1.1/src/common/hardware_claim/claim.c.o
 .debug_str     0x000044f2      0x328 CMakeFiles/lamp-setup.dir/home/daniel/.pico-sdk/sdk/2.1.1/src/rp2_common/hardware_sync/sync.c.o
 .debug_str     0x000044f2      0x23b CMakeFiles/lamp-setup.dir/home/daniel/.pico-sdk/sdk/2.1.1/src/rp2_common/hardware_sync_spin_lock/sync_spin_lock.c.o
 .debug_str     0x000044f2      0xa6f CMakeFiles/lamp-setup.dir/home/daniel/.pico-sdk/sdk/2.1.1/src/rp2_common/hardware_irq/irq.c.o
 .debug_str     0x000044f2      0x207 CMakeFiles/lamp-setup.dir/home/daniel/.pico-sdk/sdk/2.1.1/src/common/pico_sync/lock_core.c.o