Archive member included to satisfy reference by file (symbol)

/home/daniel/.pico-sdk/toolchain/14_2_Rel1/bin/../lib/gcc/arm-none-eabi/14.2.1/thumb/v6-m/nofp/libgcc.a(_dvmd_tls.o)
                              CMakeFiles/test-pwm.dir/home/daniel/.pico-sdk/sdk/2.1.1/src/rp2_common/pico_divider/divider_hardware.S.o (__aeabi_idiv0)
/home/daniel/.pico-sdk/toolchain/14_2_Rel1/bin/../lib/gcc/arm-none-eabi/14.2.1/../../../../arm-none-eabi/lib/thumb/v6-m/nofp/libg.a(libc_a-calloc.o)
                              CMakeFiles/test-pwm.dir/home/daniel/.pico-sdk/sdk/2.1.1/src/rp2_common/pico_malloc/malloc.c.o (calloc)
/home/daniel/.pico-sdk/toolchain/14_2_Rel1/bin/../lib/gcc/arm-none-eabi/14.2.1/../../../../arm-none-eabi/lib/thumb/v6-m/nofp/libg.a(libc_a-callocr.o)
                              /home/daniel/.pico-sdk/toolchain/14_2_Rel1/bin/../lib/gcc/arm-none-eabi/14.2.1/../../../../arm-none-eabi/lib/thumb/v6-m/nofp/libg.a(libc_a-calloc.o) (_calloc_r)
/home/daniel/.pico-sdk/toolchain/14_2_Rel1/bin/../lib/gcc/arm-none-eabi/14.2.1/../../../../arm-none-eabi/lib/thumb/v6-m/nofp/libg.a(libc_a-malloc.o)
                              CMakeFiles/test-pwm.dir/home/daniel/.pico-sdk/sdk/2.1.1/src/rp2_common/pico_malloc/malloc.c.o (malloc)
/home/daniel/.pico-sdk/toolchain/14_2_Rel1/bin/../lib/gcc/arm-none-eabi/14.2.1/../../../../arm-none-eabi/lib/thumb/v6-m/nofp/libg.a(libc_a-mallocr.o)
                              /home/daniel/.pico-sdk/toolchain/14_2_Rel1/bin/../lib/gcc/arm-none-eabi/14.2.1/../../../../arm-none-eabi/lib/thumb/v6-m/nofp/libg.a(libc_a-callocr.o) (_malloc_r)
/home/daniel/.pico-sdk/toolchain/14_2_Rel1/bin/../lib/gcc/arm-none-eabi/14.2.1/../../../../arm-none-eabi/lib/thumb/v6-m/nofp/libg.a(libc_a-mlock.o)
                              /home/daniel/.pico-sdk/toolchain/14_2_Rel1/bin/../lib/gcc/arm-none-eabi/14.2.1/../../../../arm-none-eabi/lib/thumb/v6-m/nofp/libg.a(libc_a-mallocr.o) (__malloc_lock)
/home/daniel/.pico-sdk/toolchain/14_2_Rel1/bin/../lib/gcc/arm-none-eabi/14.2.1/../../../../arm-none-eabi/lib/thumb/v6-m/nofp/libg.a(libc_a-realloc.o)
                              CMakeFiles/test-pwm.dir/home/daniel/.pico-sdk/sdk/2.1.1/src/rp2_common/pico_malloc/malloc.c.o (realloc)
/home/daniel/.pico-sdk/toolchain/14_2_Rel1/bin/../lib/gcc/arm-none-eabi/14.2.1/../../../../arm-none-eabi/lib/thumb/v6-m/nofp/libg.a(libc_a-reallocr.o)
                              /home/daniel/.pico-sdk/toolchain/14_2_Rel1/bin/../lib/gcc/arm-none-eabi/14.2.1/../../../../arm-none-eabi/lib/thumb/v6-m/nofp/libg.a(libc_a-realloc.o) (_realloc_r)
/home/daniel/.pico-sdk/toolchain/14_2_Rel1/bin/../lib/gcc/arm-none-eabi/14.2.1/../../../../arm-none-eabi/lib/thumb/v6-m/nofp/libg.a(libc_a-memcmp.o)
                              CMakeFiles/test-pwm.dir/home/daniel/.pico-sdk/sdk/2.1.1/src/rp2_common/pico_atomic/atomic.c.o (memcmp)
/home/daniel/.pico-sdk/toolchain/14_2_Rel1/bin/../lib/gcc/arm-none-eabi/14.2.1/../../../../arm-none-eabi/lib/thumb/v6-m/nofp/libg.a(libc_a-memmove.o)
                              /home/daniel/.pico-sdk/toolchain/14_2_Rel1/bin/../lib/gcc/arm-none-eabi/14.2.1/../../../../arm-none-eabi/lib/thumb/v6-m/nofp/libg.a(libc_a-reallocr.o) (memmove)
/home/daniel/.pico-sdk/toolchain/14_2_Rel1/bin/../lib/gcc/arm-none-eabi/14.2.1/../../../../arm-none-eabi/lib/thumb/v6-m/nofp/libg.a(libc_a-lcltime_r.o)
                              CMakeFiles/test-pwm.dir/home/daniel/.pico-sdk/sdk/2.1.1/src/common/pico_util/datetime.c.o (localtime_r)
/home/daniel/.pico-sdk/toolchain/14_2_Rel1/bin/../lib/gcc/arm-none-eabi/14.2.1/../../../../arm-none-eabi/lib/thumb/v6-m/nofp/libg.a(libc_a-mktime.o)
                              CMakeFiles/test-pwm.dir/home/daniel/.pico-sdk/sdk/2.1.1/src/common/pico_util/datetime.c.o (mktime)
/home/daniel/.pico-sdk/toolchain/14_2_Rel1/bin/../lib/gcc/arm-none-eabi/14.2.1/../../../../arm-none-eabi/lib/thumb/v6-m/nofp/libg.a(libc_a-month_lengths.o)
                              /home/daniel/.pico-sdk/toolchain/14_2_Rel1/bin/../lib/gcc/arm-none-eabi/14.2.1/../../../../arm-none-eabi/lib/thumb/v6-m/nofp/libg.a(libc_a-lcltime_r.o) (__month_lengths)
/home/daniel/.pico-sdk/toolchain/14_2_Rel1/bin/../lib/gcc/arm-none-eabi/14.2.1/../../../../arm-none-eabi/lib/thumb/v6-m/nofp/libg.a(libc_a-tzcalc_limits.o)
                              /home/daniel/.pico-sdk/toolchain/14_2_Rel1/bin/../lib/gcc/arm-none-eabi/14.2.1/../../../../arm-none-eabi/lib/thumb/v6-m/nofp/libg.a(libc_a-lcltime_r.o) (__tzcalc_limits)
/home/daniel/.pico-sdk/toolchain/14_2_Rel1/bin/../lib/gcc/arm-none-eabi/14.2.1/../../../../arm-none-eabi/lib/thumb/v6-m/nofp/libg.a(libc_a-tzlock.o)
                              /home/daniel/.pico-sdk/toolchain/14_2_Rel1/bin/../lib/gcc/arm-none-eabi/14.2.1/../../../../arm-none-eabi/lib/thumb/v6-m/nofp/libg.a(libc_a-lcltime_r.o) (__tz_lock)
/home/daniel/.pico-sdk/toolchain/14_2_Rel1/bin/../lib/gcc/arm-none-eabi/14.2.1/../../../../arm-none-eabi/lib/thumb/v6-m/nofp/libg.a(libc_a-tzset.o)
[...]
Memory Configuration

Name             Origin             Length             Attributes
FLASH            0x10000000         0x00800000         xr
RAM              0x20000000         0x00040000         xrw
SCRATCH_X        0x20040000         0x00001000         xrw
SCRATCH_Y        0x20041000         0x00001000         xrw
*default*        0x00000000         0xffffffff

Linker script and memory map

LOAD /home/daniel/.pico-sdk/toolchain/14_2_Rel1/bin/../lib/gcc/arm-none-eabi/14.2.1/thumb/v6-m/nofp/crti.o
LOAD /home/daniel/.pico-sdk/toolchain/14_2_Rel1/bin/../lib/gcc/arm-none-eabi/14.2.1/thumb/v6-m/nofp/crtbegin.o
LOAD /home/daniel/.pico-sdk/toolchain/14_2_Rel1/bin/../lib/gcc/arm-none-eabi/14.2.1/../../../../arm-none-eabi/lib/thumb/v6-m/nofp/crt0.o

.flash_begin    0x10000000        0x0
                0x10000000                        __flash_binary_start = .

.boot2          0x10000000      0x100
                0x10000000                        __boot2_start__ = .
 *(.boot2)
 .boot2         0x10000000      0x100 pico-sdk/src/rp2040/boot_stage2/CMakeFiles/bs2_default_library.dir/./bs2_default_padded_checksummed.S.o
                0x10000100                        __boot2_end__ = .
                0x00000001                        ASSERT (((__boot2_end__ - __boot2_start__) == 0x100), ERROR: Pico second stage bootloader must be 256 bytes in size)

.text           0x10000100     0x1540
                0x10000100                        __logical_binary_start = .
 *(.vectors)
 .vectors       0x10000100       0xd4 CMakeFiles/test-pwm.dir/home/daniel/.pico-sdk/sdk/2.1.1/src/rp2_common/pico_crt0/crt0.S.o
                0x10000100                __vectors
                0x10000100                __VECTOR_TABLE
                0x100001c0                isr_invalid
                0x100001c0                __default_isrs_start
                0x100001c2                isr_nmi
                0x100001c4                isr_hardfault
                0x100001c6                isr_svcall
                0x100001c8                isr_pendsv
                0x100001ca                isr_systick
                0x100001cc                isr_irq30
                0x100001cc                __unhandled_user_irq
                0x100001cc                isr_irq13
                0x100001cc                isr_irq27
                0x100001cc                isr_irq31
                0x100001cc                isr_irq5
                0x100001cc                isr_irq11
                0x100001cc                isr_irq23
                0x100001cc                isr_irq18
                0x100001cc                isr_irq28
                0x100001cc                isr_irq19
                0x100001cc                isr_irq0
                0x100001cc                isr_irq6
                0x100001cc                isr_irq22
                0x100001cc                isr_irq17
                0x100001cc                isr_irq14
                0x100001cc                isr_irq2
                0x100001cc                isr_irq10
                0x100001cc                isr_irq8
                0x100001cc                isr_irq24
                0x100001cc                isr_irq1
                0x100001cc                isr_irq7
                0x100001cc                isr_irq21
                0x100001cc                isr_irq20
                0x100001cc                isr_irq15
                0x100001cc                isr_irq25
                0x100001cc                isr_irq4
                0x100001cc                isr_irq16
                0x100001cc                isr_irq29
                0x100001cc                isr_irq26
                0x100001cc                __default_isrs_end
                0x100001cc                isr_irq3
                0x100001cc                isr_irq12
                0x100001cc                isr_irq9
                0x100001d2                unhandled_user_irq_num_in_r0
 *(.binary_info_header)
 .binary_info_header
                0x100001d4       0x14 CMakeFiles/test-pwm.dir/home/daniel/.pico-sdk/sdk/2.1.1/src/rp2_common/pico_crt0/crt0.S.o
                0x100001e8                        __binary_info_header_end = .
 *(.embedded_block)
                0x100001e8                        __embedded_block_end = .
 *(.reset)
 .reset         0x100001e8       0x9c CMakeFiles/test-pwm.dir/home/daniel/.pico-sdk/sdk/2.1.1/src/rp2_common/pico_crt0/crt0.S.o
                0x100001e8                _entry_point
 *(.init)
 .init          0x10000284        0x4 /home/daniel/.pico-sdk/toolchain/14_2_Rel1/bin/../lib/gcc/arm-none-eabi/14.2.1/thumb/v6-m/nofp/crti.o
                0x10000284                _init
 *(EXCLUDE_FILE(*libm.a: *libc.a:*lib_a-mem*.o *libgcc.a:) .text*)
 .text.register_tm_clones
                0x10000288       0x28 /home/daniel/.pico-sdk/toolchain/14_2_Rel1/bin/../lib/gcc/arm-none-eabi/14.2.1/thumb/v6-m/nofp/crtbegin.o
 .text.frame_dummy
                0x100002b0       0x24 /home/daniel/.pico-sdk/toolchain/14_2_Rel1/bin/../lib/gcc/arm-none-eabi/14.2.1/thumb/v6-m/nofp/crtbegin.o
 .text.on_pwm_wrap
                0x100002d4       0x64 CMakeFiles/test-pwm.dir/test-pwm.c.o
                0x100002d4                on_pwm_wrap
 .text.startup.main
                0x10000338       0x54 CMakeFiles/test-pwm.dir/test-pwm.c.o
                0x10000338                main
 .text.gpio_set_function
                0x1000038c       0x34 CMakeFiles/test-pwm.dir/home/daniel/.pico-sdk/sdk/2.1.1/src/rp2_common/hardware_gpio/gpio.c.o
                0x1000038c                gpio_set_function
 .text.panic    0x100003c0       0x30 CMakeFiles/test-pwm.dir/home/daniel/.pico-sdk/sdk/2.1.1/src/rp2_common/pico_platform_panic/panic.c.o
                0x100003c0                panic
 .text.hw_claim_or_assert
                0x100003f0       0x44 CMakeFiles/test-pwm.dir/home/daniel/.pico-sdk/sdk/2.1.1/src/common/hardware_claim/claim.c.o
                0x100003f0                hw_claim_or_assert
 .text.next_striped_spin_lock_num
                0x10000434       0x18 CMakeFiles/test-pwm.dir/home/daniel/.pico-sdk/sdk/2.1.1/src/rp2_common/hardware_sync/sync.c.o
                0x10000434                next_striped_spin_lock_num
 .text.spin_locks_reset
                0x1000044c       0x1c CMakeFiles/test-pwm.dir/home/daniel/.pico-sdk/sdk/2.1.1/src/rp2_common/hardware_sync_spin_lock/sync_spin_lock.c.o
                0x1000044c                spin_locks_reset
 .text.runtime_init_per_core_irq_priorities
                0x10000468       0x24 CMakeFiles/test-pwm.dir/home/daniel/.pico-sdk/sdk/2.1.1/src/rp2_common/hardware_irq/irq.c.o
                0x10000468                runtime_init_per_core_irq_priorities
 .text.irq_set_enabled
                0x1000048c       0x24 CMakeFiles/test-pwm.dir/home/daniel/.pico-sdk/sdk/2.1.1/src/rp2_common/hardware_irq/irq.c.o
                0x1000048c                irq_set_enabled
 .text.irq_set_exclusive_handler
                0x100004b0       0x54 CMakeFiles/test-pwm.dir/home/daniel/.pico-sdk/sdk/2.1.1/src/rp2_common/hardware_irq/irq.c.o
                0x100004b0                irq_set_exclusive_handler
 .text.lock_init
                0x10000504       0x10 CMakeFiles/test-pwm.dir/home/daniel/.pico-sdk/sdk/2.1.1/src/common/pico_sync/lock_core.c.o
                0x10000504                lock_init
 .text.runtime_init_mutex
                0x10000514       0x50 CMakeFiles/test-pwm.dir/home/daniel/.pico-sdk/sdk/2.1.1/src/common/pico_sync/mutex.c.o
                0x10000514                runtime_init_mutex
 .text.sleep_until_callback
                0x10000564       0x30 CMakeFiles/test-pwm.dir/home/daniel/.pico-sdk/sdk/2.1.1/src/common/pico_time/time.c.o
 .text.alarm_pool_irq_handler
                0x10000594      0x300 CMakeFiles/test-pwm.dir/home/daniel/.pico-sdk/sdk/2.1.1/src/common/pico_time/time.c.o
 .text.runtime_init_default_alarm_pool
                0x10000894       0xdc CMakeFiles/test-pwm.dir/home/daniel/.pico-sdk/sdk/2.1.1/src/common/pico_time/time.c.o
                0x10000894                runtime_init_default_alarm_pool
 .text.alarm_pool_add_alarm_at_force_in_context
                0x10000970       0xb0 CMakeFiles/test-pwm.dir/home/daniel/.pico-sdk/sdk/2.1.1/src/common/pico_time/time.c.o
                0x10000970                alarm_pool_add_alarm_at_force_in_context
 .text.alarm_pool_cancel_alarm
                0x10000a20       0x74 CMakeFiles/test-pwm.dir/home/daniel/.pico-sdk/sdk/2.1.1/src/common/pico_time/time.c.o
                0x10000a20                alarm_pool_cancel_alarm
 .text.best_effort_wfe_or_timeout
                0x10000a94      0x10c CMakeFiles/test-pwm.dir/home/daniel/.pico-sdk/sdk/2.1.1/src/common/pico_time/time.c.o
                0x10000a94                best_effort_wfe_or_timeout
 .text.timer_hardware_alarm_claim
                0x10000ba0       0x14 CMakeFiles/test-pwm.dir/home/daniel/.pico-sdk/sdk/2.1.1/src/rp2_common/hardware_timer/timer.c.o
                0x10000ba0                timer_hardware_alarm_claim
 .text.timer_time_us_64
                0x10000bb4       0x10 CMakeFiles/test-pwm.dir/home/daniel/.pico-sdk/sdk/2.1.1/src/rp2_common/hardware_timer/timer.c.o
                0x10000bb4                timer_time_us_64
 .text.time_us_64
                0x10000bc4       0x14 CMakeFiles/test-pwm.dir/home/daniel/.pico-sdk/sdk/2.1.1/src/rp2_common/hardware_timer/timer.c.o
                0x10000bc4                time_us_64
 .text.clock_configure_int_divider
                0x10000bd8       0xf4 CMakeFiles/test-pwm.dir/home/daniel/.pico-sdk/sdk/2.1.1/src/rp2_common/hardware_clocks/clocks.c.o
                0x10000bd8                clock_configure_int_divider
 .text.clock_configure_undivided
                0x10000ccc       0xe8 CMakeFiles/test-pwm.dir/home/daniel/.pico-sdk/sdk/2.1.1/src/rp2_common/hardware_clocks/clocks.c.o
                0x10000ccc                clock_configure_undivided
 .text.clock_get_hz
                0x10000db4        0xc CMakeFiles/test-pwm.dir/home/daniel/.pico-sdk/sdk/2.1.1/src/rp2_common/hardware_clocks/clocks.c.o
                0x10000db4                clock_get_hz
 .text.pll_init
                0x10000dc0       0xa4 CMakeFiles/test-pwm.dir/home/daniel/.pico-sdk/sdk/2.1.1/src/rp2_common/hardware_pll/pll.c.o
                0x10000dc0                pll_init
 .text.tick_start
                0x10000e64       0x10 CMakeFiles/test-pwm.dir/home/daniel/.pico-sdk/sdk/2.1.1/src/rp2_common/hardware_ticks/ticks.c.o
                0x10000e64                tick_start
 .text.rom_func_lookup
                0x10000e74       0x10 CMakeFiles/test-pwm.dir/home/daniel/.pico-sdk/sdk/2.1.1/src/rp2_common/pico_bootrom/bootrom.c.o
                0x10000e74                rom_func_lookup
 .text.rom_data_lookup
                0x10000e84       0x10 CMakeFiles/test-pwm.dir/home/daniel/.pico-sdk/sdk/2.1.1/src/rp2_common/pico_bootrom/bootrom.c.o
                0x10000e84                rom_data_lookup
 .text.rom_funcs_lookup
                0x10000e94       0x44 CMakeFiles/test-pwm.dir/home/daniel/.pico-sdk/sdk/2.1.1/src/rp2_common/pico_bootrom/bootrom.c.o
                0x10000e94                rom_funcs_lookup
 .text.xosc_init
                0x10000ed8       0x28 CMakeFiles/test-pwm.dir/home/daniel/.pico-sdk/sdk/2.1.1/src/rp2_common/hardware_xosc/xosc.c.o
                0x10000ed8                xosc_init
 .text.first_per_core_initializer
                0x10000f00        0x4 CMakeFiles/test-pwm.dir/home/daniel/.pico-sdk/sdk/2.1.1/src/rp2_common/pico_runtime/runtime.c.o
 .text.hard_assertion_failure
                0x10000f04        0xc CMakeFiles/test-pwm.dir/home/daniel/.pico-sdk/sdk/2.1.1/src/rp2_common/pico_runtime/runtime.c.o
                0x10000f04                hard_assertion_failure
 .text.runtime_run_initializers
                0x10000f10       0x28 CMakeFiles/test-pwm.dir/home/daniel/.pico-sdk/sdk/2.1.1/src/rp2_common/pico_runtime/runtime.c.o
                0x10000f10                runtime_run_initializers
 .text.runtime_init_early_resets
                0x10000f38       0x2c CMakeFiles/test-pwm.dir/home/daniel/.pico-sdk/sdk/2.1.1/src/rp2_common/pico_runtime_init/runtime_init.c.o
                0x10000f38                runtime_init_early_resets
 .text.runtime_init_usb_power_down
                0x10000f64       0x1c CMakeFiles/test-pwm.dir/home/daniel/.pico-sdk/sdk/2.1.1/src/rp2_common/pico_runtime_init/runtime_init.c.o
                0x10000f64                runtime_init_usb_power_down
 .text.runtime_init_post_clock_resets
                0x10000f80       0x20 CMakeFiles/test-pwm.dir/home/daniel/.pico-sdk/sdk/2.1.1/src/rp2_common/pico_runtime_init/runtime_init.c.o
                0x10000f80                runtime_init_post_clock_resets
 .text.runtime_init_rp2040_gpio_ie_disable
                0x10000fa0       0x14 CMakeFiles/test-pwm.dir/home/daniel/.pico-sdk/sdk/2.1.1/src/rp2_common/pico_runtime_init/runtime_init.c.o
                0x10000fa0                runtime_init_rp2040_gpio_ie_disable
 .text.runtime_init_spin_locks_reset
                0x10000fb4        0x8 CMakeFiles/test-pwm.dir/home/daniel/.pico-sdk/sdk/2.1.1/src/rp2_common/pico_runtime_init/runtime_init.c.o
                0x10000fb4                runtime_init_spin_locks_reset
 .text.runtime_init_install_ram_vector_table
                0x10000fbc       0x1c CMakeFiles/test-pwm.dir/home/daniel/.pico-sdk/sdk/2.1.1/src/rp2_common/pico_runtime_init/runtime_init.c.o
                0x10000fbc                runtime_init_install_ram_vector_table
 .text.runtime_init_clocks
                0x10000fd8       0xd8 CMakeFiles/test-pwm.dir/home/daniel/.pico-sdk/sdk/2.1.1/src/rp2_common/pico_runtime_init/runtime_init_clocks.c.o
                0x10000fd8                runtime_init_clocks
 .text          0x100010b0       0x10 CMakeFiles/test-pwm.dir/home/daniel/.pico-sdk/sdk/2.1.1/src/rp2_common/pico_bit_ops/bit_ops_aeabi.S.o
 .text.__wrap___aeabi_uidiv
                0x100010c0       0x4c CMakeFiles/test-pwm.dir/home/daniel/.pico-sdk/sdk/2.1.1/src/rp2_common/pico_divider/divider_hardware.S.o
                0x100010c0                __wrap___aeabi_uidiv
                0x100010c0                __wrap___aeabi_uidivmod
                0x100010c0                div_u32u32
                0x100010c0                divmod_u32u32
                0x100010c8                divmod_u32u32_unsafe
                0x100010f0                divmod_u32u32_savestate
 .text.missing_double_func_shim
                0x1000110c        0xc CMakeFiles/test-pwm.dir/home/daniel/.pico-sdk/sdk/2.1.1/src/rp2_common/pico_double/double_init_rom_rp2040.c.o
 .text.__aeabi_double_init
                0x10001118       0xa0 CMakeFiles/test-pwm.dir/home/daniel/.pico-sdk/sdk/2.1.1/src/rp2_common/pico_double/double_init_rom_rp2040.c.o
                0x10001118                __aeabi_double_init
 .text.double_table_shim_on_use_helper
                0x100011b8       0x2c CMakeFiles/test-pwm.dir/home/daniel/.pico-sdk/sdk/2.1.1/src/rp2_common/pico_double/double_v1_rom_shim_rp2040.S.o
                0x100011b8                double_table_shim_on_use_helper
 .text.missing_float_func_shim
                0x100011e4        0xc CMakeFiles/test-pwm.dir/home/daniel/.pico-sdk/sdk/2.1.1/src/rp2_common/pico_float/float_init_rom_rp2040.c.o
 .text.__aeabi_float_init
                0x100011f0       0x5c CMakeFiles/test-pwm.dir/home/daniel/.pico-sdk/sdk/2.1.1/src/rp2_common/pico_float/float_init_rom_rp2040.c.o
                0x100011f0                __aeabi_float_init
 .text          0x1000124c       0x10 CMakeFiles/test-pwm.dir/home/daniel/.pico-sdk/sdk/2.1.1/src/rp2_common/pico_mem_ops/mem_ops_aeabi.S.o
                0x1000124c                __aeabi_mem_init
 .text.memcpy   0x1000125c        0xc CMakeFiles/test-pwm.dir/home/daniel/.pico-sdk/sdk/2.1.1/src/rp2_common/pico_mem_ops/mem_ops_aeabi.S.o
                0x1000125c                __wrap___aeabi_memcpy
                0x1000125c                __wrap_memcpy
 .text._out_char
                0x10001268       0x10 CMakeFiles/test-pwm.dir/home/daniel/.pico-sdk/sdk/2.1.1/src/rp2_common/pico_printf/printf.c.o
 .text.weak_raw_vprintf
                0x10001278       0x30 CMakeFiles/test-pwm.dir/home/daniel/.pico-sdk/sdk/2.1.1/src/rp2_common/pico_printf/printf.c.o
                0x10001278                weak_raw_vprintf
 .text._exit    0x100012a8        0x4 CMakeFiles/test-pwm.dir/home/daniel/.pico-sdk/sdk/2.1.1/src/rp2_common/pico_clib_interface/newlib_interface.c.o
                0x100012a8                _exit
 .text.exit     0x100012ac        0x8 CMakeFiles/test-pwm.dir/home/daniel/.pico-sdk/sdk/2.1.1/src/rp2_common/pico_clib_interface/newlib_interface.c.o
                0x100012ac                exit
 .text.runtime_init
                0x100012b4       0x2c CMakeFiles/test-pwm.dir/home/daniel/.pico-sdk/sdk/2.1.1/src/rp2_common/pico_clib_interface/newlib_interface.c.o
                0x100012b4                runtime_init
 .text.stdio_out_chars_no_crlf
                0x100012e0       0x10 CMakeFiles/test-pwm.dir/home/daniel/.pico-sdk/sdk/2.1.1/src/rp2_common/pico_stdio/stdio.c.o
 .text.stdio_out_chars_crlf
                0x100012f0       0xb0 CMakeFiles/test-pwm.dir/home/daniel/.pico-sdk/sdk/2.1.1/src/rp2_common/pico_stdio/stdio.c.o
 .text.stdio_put_string
                0x100013a0       0xfc CMakeFiles/test-pwm.dir/home/daniel/.pico-sdk/sdk/2.1.1/src/rp2_common/pico_stdio/stdio.c.o
                0x100013a0                stdio_put_string
 .text.__wrap_putchar
                0x1000149c       0x94 CMakeFiles/test-pwm.dir/home/daniel/.pico-sdk/sdk/2.1.1/src/rp2_common/pico_stdio/stdio.c.o
                0x1000149c                stdio_putchar
                0x1000149c                __wrap_putchar
 .text.__wrap_puts
                0x10001530       0x3c CMakeFiles/test-pwm.dir/home/daniel/.pico-sdk/sdk/2.1.1/src/rp2_common/pico_stdio/stdio.c.o
                0x10001530                __wrap_puts
                0x10001530                stdio_puts
 .text.strlen   0x1000156c       0x5c /home/daniel/.pico-sdk/toolchain/14_2_Rel1/bin/../lib/gcc/arm-none-eabi/14.2.1/../../../../arm-none-eabi/lib/thumb/v6-m/nofp/libg.a(libc_a-strlen-stub.o)
                0x1000156c                strlen
 *(.fini)
 .fini          0x100015c8        0x4 /home/daniel/.pico-sdk/toolchain/14_2_Rel1/bin/../lib/gcc/arm-none-eabi/14.2.1/thumb/v6-m/nofp/crti.o
                0x100015c8                _fini
 *fill*         0x100015cc        0x4 
 .fini.__stub   0x100015d0       0x30 linker stubs
 *crtbegin.o(.ctors)
 *crtbegin?.o(.ctors)
 *(EXCLUDE_FILE(*crtend.o *crtend?.o) .ctors)
 *(SORT_BY_NAME(.ctors.*))
 *(.ctors)
 *crtbegin.o(.dtors)
 *crtbegin?.o(.dtors)
 *(EXCLUDE_FILE(*crtend.o *crtend?.o) .dtors)
 *(SORT_BY_NAME(.dtors.*))
 *(.dtors)
                0x10001600                        . = ALIGN (0x4)
                0x10001600                        PROVIDE (__preinit_array_start = .)
 *(SORT_BY_NAME(.preinit_array.*))
 .preinit_array.00100
                0x10001600        0x4 CMakeFiles/test-pwm.dir/home/daniel/.pico-sdk/sdk/2.1.1/src/rp2_common/pico_runtime_init/runtime_init.c.o
                0x10001600                __pre_init_runtime_init_early_resets
 .preinit_array.00101
                0x10001604        0x4 CMakeFiles/test-pwm.dir/home/daniel/.pico-sdk/sdk/2.1.1/src/rp2_common/pico_runtime_init/runtime_init.c.o
                0x10001604                __pre_init_runtime_init_usb_power_down
 .preinit_array.00275
                0x10001608        0x4 CMakeFiles/test-pwm.dir/home/daniel/.pico-sdk/sdk/2.1.1/src/rp2_common/pico_bit_ops/bit_ops_aeabi.S.o
 .preinit_array.00300
                0x1000160c        0x4 CMakeFiles/test-pwm.dir/home/daniel/.pico-sdk/sdk/2.1.1/src/rp2_common/pico_mem_ops/mem_ops_aeabi.S.o
 .preinit_array.00350
                0x10001610        0x4 CMakeFiles/test-pwm.dir/home/daniel/.pico-sdk/sdk/2.1.1/src/rp2_common/pico_double/double_aeabi_rp2040.S.o
 .preinit_array.00350
                0x10001614        0x4 CMakeFiles/test-pwm.dir/home/daniel/.pico-sdk/sdk/2.1.1/src/rp2_common/pico_float/float_aeabi_rp2040.S.o
 .preinit_array.00500
                0x10001618        0x4 CMakeFiles/test-pwm.dir/home/daniel/.pico-sdk/sdk/2.1.1/src/rp2_common/pico_runtime_init/runtime_init.c.o
                0x10001618                __pre_init_runtime_init_clocks
 .preinit_array.00600
                0x1000161c        0x4 CMakeFiles/test-pwm.dir/home/daniel/.pico-sdk/sdk/2.1.1/src/rp2_common/pico_runtime_init/runtime_init.c.o
                0x1000161c                __pre_init_runtime_init_post_clock_resets
 .preinit_array.00700
                0x10001620        0x4 CMakeFiles/test-pwm.dir/home/daniel/.pico-sdk/sdk/2.1.1/src/rp2_common/pico_runtime_init/runtime_init.c.o
                0x10001620                __pre_init_runtime_init_rp2040_gpio_ie_disable
 .preinit_array.01000
                0x10001624        0x4 CMakeFiles/test-pwm.dir/home/daniel/.pico-sdk/sdk/2.1.1/src/rp2_common/pico_runtime_init/runtime_init.c.o
                0x10001624                __pre_init_runtime_init_spin_locks_reset
 .preinit_array.01100
                0x10001628        0x4 CMakeFiles/test-pwm.dir/home/daniel/.pico-sdk/sdk/2.1.1/src/common/pico_sync/mutex.c.o
                0x10001628                __pre_init_runtime_init_mutex
 .preinit_array.10080
                0x1000162c        0x4 CMakeFiles/test-pwm.dir/home/daniel/.pico-sdk/sdk/2.1.1/src/rp2_common/pico_runtime_init/runtime_init.c.o
                0x1000162c                __pre_init_runtime_init_install_ram_vector_table
 .preinit_array.11000
                0x10001630        0x4 CMakeFiles/test-pwm.dir/home/daniel/.pico-sdk/sdk/2.1.1/src/common/pico_time/time.c.o
                0x10001630                __pre_init_runtime_init_default_alarm_pool
 .preinit_array.YYYYY
                0x10001634        0x4 CMakeFiles/test-pwm.dir/home/daniel/.pico-sdk/sdk/2.1.1/src/rp2_common/pico_runtime/runtime.c.o
                0x10001634                __pre_init_first_per_core_initializer
 .preinit_array.ZZZZZ.01200
                0x10001638        0x4 CMakeFiles/test-pwm.dir/home/daniel/.pico-sdk/sdk/2.1.1/src/rp2_common/hardware_irq/irq.c.o
                0x10001638                __pre_init_runtime_init_per_core_irq_priorities
 *(.preinit_array)
                0x1000163c                        PROVIDE (__preinit_array_end = .)
                0x1000163c                        . = ALIGN (0x4)
                0x1000163c                        PROVIDE (__init_array_start = .)
 *(SORT_BY_NAME(.init_array.*))
 *(.init_array)
 .init_array    0x1000163c        0x4 /home/daniel/.pico-sdk/toolchain/14_2_Rel1/bin/../lib/gcc/arm-none-eabi/14.2.1/thumb/v6-m/nofp/crtbegin.o
                0x10001640                        PROVIDE (__init_array_end = .)
                0x10001640                        . = ALIGN (0x4)
                [!provide]                        PROVIDE (__fini_array_start = .)
 *(SORT_BY_NAME(.fini_array.*))
 *(.fini_array)
                [!provide]                        PROVIDE (__fini_array_end = .)
 *(.eh_frame*)
 .eh_frame      0x10001640        0x0 /home/daniel/.pico-sdk/toolchain/14_2_Rel1/bin/../lib/gcc/arm-none-eabi/14.2.1/thumb/v6-m/nofp/crtbegin.o
                0x10001640                        . = ALIGN (0x4)

.glue_7         0x10001640        0x0
 .glue_7        0x10001640        0x0 linker stubs

.glue_7t        0x10001640        0x0
 .glue_7t       0x10001640        0x0 linker stubs

.vfp11_veneer   0x10001640        0x0
 .vfp11_veneer  0x10001640        0x0 linker stubs

.v4_bx          0x10001640        0x0
 .v4_bx         0x10001640        0x0 linker stubs

.iplt           0x10001640        0x0
 .iplt          0x10001640        0x0 /home/daniel/.pico-sdk/toolchain/14_2_Rel1/bin/../lib/gcc/arm-none-eabi/14.2.1/thumb/v6-m/nofp/crtbegin.o

.rodata         0x10001640      0x118
 *(EXCLUDE_FILE(*libm.a: *libc.a:*lib_a-mem*.o *libgcc.a:) .rodata*)
 .rodata.panic.str1.4
                0x10001640       0xb4 CMakeFiles/test-pwm.dir/home/daniel/.pico-sdk/sdk/2.1.1/src/rp2_common/pico_platform_panic/panic.c.o
                                 0x12 (size before relaxing)
 .rodata.timer_hardware_alarm_claim.str1.4
                0x100016f4       0x22 CMakeFiles/test-pwm.dir/home/daniel/.pico-sdk/sdk/2.1.1/src/rp2_common/hardware_timer/timer.c.o
 .rodata.hard_assertion_failure.str1.4
                0x100016f4        0xc CMakeFiles/test-pwm.dir/home/daniel/.pico-sdk/sdk/2.1.1/src/rp2_common/pico_runtime/runtime.c.o
 .rodata.missing_double_func_shim.str1.4
                0x100016f4       0x18 CMakeFiles/test-pwm.dir/home/daniel/.pico-sdk/sdk/2.1.1/src/rp2_common/pico_double/double_init_rom_rp2040.c.o
 .rodata.missing_float_func_shim.str1.4
                0x100016f4        0x1 CMakeFiles/test-pwm.dir/home/daniel/.pico-sdk/sdk/2.1.1/src/rp2_common/pico_float/float_init_rom_rp2040.c.o
 .rodata.str1.4
                0x100016f4       0x58 CMakeFiles/test-pwm.dir/home/daniel/.pico-sdk/sdk/2.1.1/src/rp2_common/pico_standard_binary_info/standard_binary_info.c.o
 .rodata.__bi_84
                0x100016f4        0xc CMakeFiles/test-pwm.dir/home/daniel/.pico-sdk/sdk/2.1.1/src/rp2_common/pico_standard_binary_info/standard_binary_info.c.o
 .rodata.__bi_78
                0x10001700        0xc CMakeFiles/test-pwm.dir/home/daniel/.pico-sdk/sdk/2.1.1/src/rp2_common/pico_standard_binary_info/standard_binary_info.c.o
 .rodata.__bi_60
                0x1000170c        0xc CMakeFiles/test-pwm.dir/home/daniel/.pico-sdk/sdk/2.1.1/src/rp2_common/pico_standard_binary_info/standard_binary_info.c.o
 .rodata.__bi_54
                0x10001718        0xc CMakeFiles/test-pwm.dir/home/daniel/.pico-sdk/sdk/2.1.1/src/rp2_common/pico_standard_binary_info/standard_binary_info.c.o
 .rodata.__bi_48
                0x10001724        0xc CMakeFiles/test-pwm.dir/home/daniel/.pico-sdk/sdk/2.1.1/src/rp2_common/pico_standard_binary_info/standard_binary_info.c.o
 .rodata.__bi_42
                0x10001730        0xc CMakeFiles/test-pwm.dir/home/daniel/.pico-sdk/sdk/2.1.1/src/rp2_common/pico_standard_binary_info/standard_binary_info.c.o
 .rodata.__bi_34
                0x1000173c        0xc CMakeFiles/test-pwm.dir/home/daniel/.pico-sdk/sdk/2.1.1/src/rp2_common/pico_standard_binary_info/standard_binary_info.c.o
 .rodata.__bi_26
                0x10001748        0xc CMakeFiles/test-pwm.dir/home/daniel/.pico-sdk/sdk/2.1.1/src/rp2_common/pico_standard_binary_info/standard_binary_info.c.o
 .rodata.crlf_str.0
                0x10001754        0x2 CMakeFiles/test-pwm.dir/home/daniel/.pico-sdk/sdk/2.1.1/src/rp2_common/pico_stdio/stdio.c.o
                0x10001758                        . = ALIGN (0x4)
 *fill*         0x10001756        0x2 
 *(SORT_BY_ALIGNMENT(SORT_BY_NAME(.flashdata*)))
                0x10001758                        . = ALIGN (0x4)

.ARM.extab
 *(.ARM.extab* .gnu.linkonce.armextab.*)
                0x10001758                        __exidx_start = .

.ARM.exidx
 *(.ARM.exidx* .gnu.linkonce.armexidx.*)
                0x10001758                        __exidx_end = .
                0x10001758                        . = ALIGN (0x4)
                0x10001758                        __binary_info_start = .

.binary_info    0x10001758       0x20
 *(.binary_info.keep.*)
 .binary_info.keep.__bi_ptr84
                0x10001758        0x4 CMakeFiles/test-pwm.dir/home/daniel/.pico-sdk/sdk/2.1.1/src/rp2_common/pico_standard_binary_info/standard_binary_info.c.o
 .binary_info.keep.__bi_ptr78
                0x1000175c        0x4 CMakeFiles/test-pwm.dir/home/daniel/.pico-sdk/sdk/2.1.1/src/rp2_common/pico_standard_binary_info/standard_binary_info.c.o
 .binary_info.keep.__bi_ptr60
                0x10001760        0x4 CMakeFiles/test-pwm.dir/home/daniel/.pico-sdk/sdk/2.1.1/src/rp2_common/pico_standard_binary_info/standard_binary_info.c.o
 .binary_info.keep.__bi_ptr54
                0x10001764        0x4 CMakeFiles/test-pwm.dir/home/daniel/.pico-sdk/sdk/2.1.1/src/rp2_common/pico_standard_binary_info/standard_binary_info.c.o
 .binary_info.keep.__bi_ptr48
                0x10001768        0x4 CMakeFiles/test-pwm.dir/home/daniel/.pico-sdk/sdk/2.1.1/src/rp2_common/pico_standard_binary_info/standard_binary_info.c.o
 .binary_info.keep.__bi_ptr42
                0x1000176c        0x4 CMakeFiles/test-pwm.dir/home/daniel/.pico-sdk/sdk/2.1.1/src/rp2_common/pico_standard_binary_info/standard_binary_info.c.o
 .binary_info.keep.__bi_ptr34
                0x10001770        0x4 CMakeFiles/test-pwm.dir/home/daniel/.pico-sdk/sdk/2.1.1/src/rp2_common/pico_standard_binary_info/standard_binary_info.c.o
 .binary_info.keep.__bi_ptr26
                0x10001774        0x4 CMakeFiles/test-pwm.dir/home/daniel/.pico-sdk/sdk/2.1.1/src/rp2_common/pico_standard_binary_info/standard_binary_info.c.o
 *(.binary_info.*)
                0x10001778                        __binary_info_end = .

.rel.dyn        0x10001778        0x0
 .rel.iplt      0x10001778        0x0 /home/daniel/.pico-sdk/toolchain/14_2_Rel1/bin/../lib/gcc/arm-none-eabi/14.2.1/thumb/v6-m/nofp/crtbegin.o
                0x10001778                        . = ALIGN (0x4)

.ram_vector_table
                0x20000000       0xc0
 *(.ram_vector_table)
 .ram_vector_table
                0x20000000       0xc0 CMakeFiles/test-pwm.dir/home/daniel/.pico-sdk/sdk/2.1.1/src/rp2_common/pico_runtime_init/runtime_init.c.o
                0x20000000                ram_vector_table

.uninitialized_data
                0x200000c0        0x0
                0x200000c0                        . = ALIGN (0x4)
 *(.uninitialized_data*)

.data           0x200000c0      0x128 load address 0x10001778
                0x200000c0                        __data_start__ = .
 *(vtable)
 *(.time_critical*)
 .time_critical.mutex_try_enter_block_until
                0x200000c0       0x98 CMakeFiles/test-pwm.dir/home/daniel/.pico-sdk/sdk/2.1.1/src/common/pico_sync/mutex.c.o
                0x200000c0                mutex_try_enter_block_until
 .time_critical.mutex_exit
                0x20000158       0x28 CMakeFiles/test-pwm.dir/home/daniel/.pico-sdk/sdk/2.1.1/src/common/pico_sync/mutex.c.o
                0x20000158                mutex_exit
 *(.text*)
 .text          0x20000180        0x4 /home/daniel/.pico-sdk/toolchain/14_2_Rel1/bin/../lib/gcc/arm-none-eabi/14.2.1/thumb/v6-m/nofp/libgcc.a(_dvmd_tls.o)
                0x20000180                __aeabi_ldiv0
                0x20000180                __aeabi_idiv0
 *fill*         0x20000184        0x4 
 .text.__stub   0x20000188       0x10 linker stubs
                0x20000198                        . = ALIGN (0x4)
 *(.rodata*)
                0x20000198                        . = ALIGN (0x4)
 *(.data*)
 .data.going_up.1
                0x20000198        0x1 CMakeFiles/test-pwm.dir/test-pwm.c.o
 .data.striped_spin_lock_num
                0x20000199        0x1 CMakeFiles/test-pwm.dir/home/daniel/.pico-sdk/sdk/2.1.1/src/rp2_common/hardware_sync/sync.c.o
 *fill*         0x2000019a        0x2 
 .data.default_alarm_pool
                0x2000019c       0x18 CMakeFiles/test-pwm.dir/home/daniel/.pico-sdk/sdk/2.1.1/src/common/pico_time/time.c.o
 *fill*         0x200001b4        0xc 
 .data.aeabi_bits_funcs
                0x200001c0       0x10 CMakeFiles/test-pwm.dir/home/daniel/.pico-sdk/sdk/2.1.1/src/rp2_common/pico_bit_ops/bit_ops_aeabi.S.o
                0x200001c0                aeabi_bits_funcs
                0x200001d0                aeabi_bits_funcs_end
 .data.aeabi_mem_funcs
                0x200001d0       0x10 CMakeFiles/test-pwm.dir/home/daniel/.pico-sdk/sdk/2.1.1/src/rp2_common/pico_mem_ops/mem_ops_aeabi.S.o
                0x200001d0                aeabi_mem_funcs
                0x200001e0                aeabi_mem_funcs_end
                0x200001e0                        . = ALIGN (0x4)
 *(.after_data.*)
                0x200001e0                        . = ALIGN (0x4)
                0x200001e0                        PROVIDE (__mutex_array_start = .)
 *(SORT_BY_NAME(.mutex_array.*))
 *(.mutex_array)
 .mutex_array   0x200001e0        0x8 CMakeFiles/test-pwm.dir/home/daniel/.pico-sdk/sdk/2.1.1/src/rp2_common/pico_stdio/stdio.c.o
                0x200001e8                        PROVIDE (__mutex_array_end = .)
                0x200001e8                        . = ALIGN (0x4)
 *(.jcr)
                0x200001e8                        . = ALIGN (0x4)

.tm_clone_table
                0x200001e8        0x0 load address 0x100018a0
 .tm_clone_table
                0x200001e8        0x0 /home/daniel/.pico-sdk/toolchain/14_2_Rel1/bin/../lib/gcc/arm-none-eabi/14.2.1/thumb/v6-m/nofp/crtbegin.o
 .tm_clone_table
                0x200001e8        0x0 /home/daniel/.pico-sdk/toolchain/14_2_Rel1/bin/../lib/gcc/arm-none-eabi/14.2.1/thumb/v6-m/nofp/crtend.o

.igot.plt       0x200001e8        0x0 load address 0x100018a0
 .igot.plt      0x200001e8        0x0 /home/daniel/.pico-sdk/toolchain/14_2_Rel1/bin/../lib/gcc/arm-none-eabi/14.2.1/thumb/v6-m/nofp/crtbegin.o

.tdata          0x200001e8        0x0 load address 0x100018a0
                0x200001e8                        . = ALIGN (0x4)
 *(.tdata .tdata.* .gnu.linkonce.td.*)
                0x200001e8                        __tdata_end = .
                0x200001e8                        PROVIDE (__data_end__ = .)
                0x10001778                        __etext = LOADADDR (.data)

.tbss           0x200001e8        0x0 load address 0x100018a0
                0x200001e8                        . = ALIGN (0x4)
                0x200001e8                        __bss_start__ = .
                0x200001e8                        __tls_base = .
 *(.tbss .tbss.* .gnu.linkonce.tb.*)
 *(.tcommon)
                0x200001e8                        __tls_end = .

.bss            0x200001e8      0x3ec load address 0x100018a0
                0x200001e8                        . = ALIGN (0x4)
                0x200001e8                        __tbss_end = .
 *(SORT_BY_ALIGNMENT(SORT_BY_NAME(.bss*)))
 .bss.default_alarm_pool_entries
                0x200001e8      0x180 CMakeFiles/test-pwm.dir/home/daniel/.pico-sdk/sdk/2.1.1/src/common/pico_time/time.c.o
 .bss.sd_table  0x20000368      0x100 CMakeFiles/test-pwm.dir/home/daniel/.pico-sdk/sdk/2.1.1/src/rp2_common/pico_double/double_init_rom_rp2040.c.o
                0x20000368                sd_table
 .bss.claimed   0x20000468        0x1 CMakeFiles/test-pwm.dir/home/daniel/.pico-sdk/sdk/2.1.1/src/rp2_common/hardware_timer/timer.c.o
 *fill*         0x20000469        0x3 
 .bss.configured_freq
                0x2000046c       0x28 CMakeFiles/test-pwm.dir/home/daniel/.pico-sdk/sdk/2.1.1/src/rp2_common/hardware_clocks/clocks.c.o
 .bss.drivers   0x20000494        0x4 CMakeFiles/test-pwm.dir/home/daniel/.pico-sdk/sdk/2.1.1/src/rp2_common/pico_stdio/stdio.c.o
 .bss.fade.0    0x20000498        0x4 CMakeFiles/test-pwm.dir/test-pwm.c.o
 .bss.filter    0x2000049c        0x4 CMakeFiles/test-pwm.dir/home/daniel/.pico-sdk/sdk/2.1.1/src/rp2_common/pico_stdio/stdio.c.o
 .bss.lazy_vsnprintf
                0x200004a0        0x4 CMakeFiles/test-pwm.dir/home/daniel/.pico-sdk/sdk/2.1.1/src/rp2_common/pico_printf/printf.c.o
 .bss.object.0  0x200004a4       0x18 /home/daniel/.pico-sdk/toolchain/14_2_Rel1/bin/../lib/gcc/arm-none-eabi/14.2.1/thumb/v6-m/nofp/crtbegin.o
 .bss.pools     0x200004bc       0x10 CMakeFiles/test-pwm.dir/home/daniel/.pico-sdk/sdk/2.1.1/src/common/pico_time/time.c.o
 .bss.sf_clz_func
                0x200004cc        0x4 CMakeFiles/test-pwm.dir/home/daniel/.pico-sdk/sdk/2.1.1/src/rp2_common/pico_double/double_init_rom_rp2040.c.o
                0x200004cc                sf_clz_func
 .bss.sf_table  0x200004d0      0x100 CMakeFiles/test-pwm.dir/home/daniel/.pico-sdk/sdk/2.1.1/src/rp2_common/pico_float/float_init_rom_rp2040.c.o
                0x200004d0                sf_table
 .bss.sleep_notifier
                0x200005d0        0x4 CMakeFiles/test-pwm.dir/home/daniel/.pico-sdk/sdk/2.1.1/src/common/pico_time/time.c.o
 *(COMMON)
                0x200005d4                        . = ALIGN (0x4)
                0x200005d4                        __bss_end__ = .

.heap           0x200005d4      0x800 load address 0x100018a0
                0x200005d4                        __end__ = .
                0x200005d4                        end = __end__
 *(.heap*)
 .heap          0x200005d4      0x800 CMakeFiles/test-pwm.dir/home/daniel/.pico-sdk/sdk/2.1.1/src/rp2_common/pico_crt0/crt0.S.o
                0x20040000                        __HeapLimit = (ORIGIN (RAM) + LENGTH (RAM))

.scratch_x      0x20040000        0x0 load address 0x100018a0
                0x20040000                        __scratch_x_start__ = .
 *(.scratch_x.*)
                0x20040000                        . = ALIGN (0x4)
                0x20040000                        __scratch_x_end__ = .
                0x100018a0                        __scratch_x_source__ = LOADADDR (.scratch_x)

.scratch_y      0x20041000        0x0 load address 0x100018a0
                0x20041000                        __scratch_y_start__ = .
 *(.scratch_y.*)
                0x20041000                        . = ALIGN (0x4)
                0x20041000                        __scratch_y_end__ = .
                0x100018a0                        __scratch_y_source__ = LOADADDR (.scratch_y)

.stack1_dummy
 *(.stack1*)

.stack_dummy    0x20041000      0x800
 *(.stack*)
 .stack         0x20041000      0x800 CMakeFiles/test-pwm.dir/home/daniel/.pico-sdk/sdk/2.1.1/src/rp2_common/pico_crt0/crt0.S.o

.flash_end      0x100018a0        0x0
 *(.embedded_end_block*)
                0x100018a0                        PROVIDE (__flash_binary_end = .)
                0x20040000                        __StackLimit = (ORIGIN (RAM) + LENGTH (RAM))
                0x20041000                        __StackOneTop = (ORIGIN (SCRATCH_X) + LENGTH (SCRATCH_X))
                0x20042000                        __StackTop = (ORIGIN (SCRATCH_Y) + LENGTH (SCRATCH_Y))
                0x20041000                        __StackOneBottom = (__StackOneTop - SIZEOF (.stack1_dummy))
                0x20041800                        __StackBottom = (__StackTop - SIZEOF (.stack_dummy))
                0x20042000                        PROVIDE (__stack = __StackTop)
                [!provide]                        PROVIDE (__heap_start = __end__)
                [!provide]                        PROVIDE (__heap_end = __HeapLimit)
                [!provide]                        PROVIDE (__tls_align = MAX (ALIGNOF (.tdata), ALIGNOF (.tbss)))
                [!provide]                        PROVIDE (__tls_size_align = (((__tls_size + __tls_align) - 0x1) & ~ ((__tls_align - 0x1))))
                [!provide]                        PROVIDE (__arm32_tls_tcb_offset = MAX (0x8, __tls_align))
                [!provide]                        PROVIDE (_end = __end__)
                [!provide]                        PROVIDE (__llvm_libc_heap_limit = __HeapLimit)
                0x00000001                        ASSERT ((__StackLimit >= __HeapLimit), region RAM overflowed)
                0x00000001                        ASSERT (((__binary_info_header_end - __logical_binary_start) <= 0x100), Binary info must be in first 256 bytes of the binary)
LOAD CMakeFiles/test-pwm.dir/test-pwm.c.o
LOAD CMakeFiles/test-pwm.dir/home/daniel/.pico-sdk/sdk/2.1.1/src/rp2_common/pico_stdlib/stdlib.c.o
LOAD CMakeFiles/test-pwm.dir/home/daniel/.pico-sdk/sdk/2.1.1/src/rp2_common/hardware_gpio/gpio.c.o
LOAD CMakeFiles/test-pwm.dir/home/daniel/.pico-sdk/sdk/2.1.1/src/rp2040/pico_platform/platform.c.o
LOAD CMakeFiles/test-pwm.dir/home/daniel/.pico-sdk/sdk/2.1.1/src/rp2_common/pico_platform_panic/panic.c.o
LOAD CMakeFiles/test-pwm.dir/home/daniel/.pico-sdk/sdk/2.1.1/src/common/hardware_claim/claim.c.o
LOAD CMakeFiles/test-pwm.dir/home/daniel/.pico-sdk/sdk/2.1.1/src/rp2_common/hardware_sync/sync.c.o
LOAD CMakeFiles/test-pwm.dir/home/daniel/.pico-sdk/sdk/2.1.1/src/rp2_common/hardware_sync_spin_lock/sync_spin_lock.c.o
LOAD CMakeFiles/test-pwm.dir/home/daniel/.pico-sdk/sdk/2.1.1/src/rp2_common/hardware_irq/irq.c.o
LOAD CMakeFiles/test-pwm.dir/home/daniel/.pico-sdk/sdk/2.1.1/src/rp2_common/hardware_irq/irq_handler_chain.S.o
LOAD CMakeFiles/test-pwm.dir/home/daniel/.pico-sdk/sdk/2.1.1/src/common/pico_sync/sem.c.o
LOAD CMakeFiles/test-pwm.dir/home/daniel/.pico-sdk/sdk/2.1.1/src/common/pico_sync/lock_core.c.o
LOAD CMakeFiles/test-pwm.dir/home/daniel/.pico-sdk/sdk/2.1.1/src/common/pico_sync/mutex.c.o
LOAD CMakeFiles/test-pwm.dir/home/daniel/.pico-sdk/sdk/2.1.1/src/common/pico_sync/critical_section.c.o
LOAD CMakeFiles/test-pwm.dir/home/daniel/.pico-sdk/sdk/2.1.1/src/common/pico_time/time.c.o
LOAD CMakeFiles/test-pwm.dir/home/daniel/.pico-sdk/sdk/2.1.1/src/common/pico_time/timeout_helper.c.o
LOAD CMakeFiles/test-pwm.dir/home/daniel/.pico-sdk/sdk/2.1.1/src/rp2_common/hardware_timer/timer.c.o
LOAD CMakeFiles/test-pwm.dir/home/daniel/.pico-sdk/sdk/2.1.1/src/common/pico_util/datetime.c.o
LOAD CMakeFiles/test-pwm.dir/home/daniel/.pico-sdk/sdk/2.1.1/src/common/pico_util/pheap.c.o
LOAD CMakeFiles/test-pwm.dir/home/daniel/.pico-sdk/sdk/2.1.1/src/common/pico_util/queue.c.o
LOAD CMakeFiles/test-pwm.dir/home/daniel/.pico-sdk/sdk/2.1.1/src/rp2_common/hardware_uart/uart.c.o
LOAD CMakeFiles/test-pwm.dir/home/daniel/.pico-sdk/sdk/2.1.1/src/rp2_common/hardware_clocks/clocks.c.o
LOAD CMakeFiles/test-pwm.dir/home/daniel/.pico-sdk/sdk/2.1.1/src/rp2_common/hardware_pll/pll.c.o
LOAD CMakeFiles/test-pwm.dir/home/daniel/.pico-sdk/sdk/2.1.1/src/rp2_common/hardware_vreg/vreg.c.o
LOAD CMakeFiles/test-pwm.dir/home/daniel/.pico-sdk/sdk/2.1.1/src/rp2_common/hardware_watchdog/watchdog.c.o
LOAD CMakeFiles/test-pwm.dir/home/daniel/.pico-sdk/sdk/2.1.1/src/rp2_common/hardware_ticks/ticks.c.o
LOAD CMakeFiles/test-pwm.dir/home/daniel/.pico-sdk/sdk/2.1.1/src/rp2_common/pico_bootrom/bootrom.c.o
LOAD CMakeFiles/test-pwm.dir/home/daniel/.pico-sdk/sdk/2.1.1/src/rp2_common/pico_bootrom/bootrom_lock.c.o
LOAD CMakeFiles/test-pwm.dir/home/daniel/.pico-sdk/sdk/2.1.1/src/rp2_common/hardware_boot_lock/boot_lock.c.o
LOAD CMakeFiles/test-pwm.dir/home/daniel/.pico-sdk/sdk/2.1.1/src/rp2_common/pico_flash/flash.c.o
LOAD CMakeFiles/test-pwm.dir/home/daniel/.pico-sdk/sdk/2.1.1/src/rp2_common/hardware_xosc/xosc.c.o
LOAD CMakeFiles/test-pwm.dir/home/daniel/.pico-sdk/sdk/2.1.1/src/rp2_common/hardware_divider/divider.S.o
LOAD CMakeFiles/test-pwm.dir/home/daniel/.pico-sdk/sdk/2.1.1/src/rp2_common/pico_runtime/runtime.c.o
LOAD CMakeFiles/test-pwm.dir/home/daniel/.pico-sdk/sdk/2.1.1/src/rp2_common/pico_runtime_init/runtime_init.c.o
LOAD CMakeFiles/test-pwm.dir/home/daniel/.pico-sdk/sdk/2.1.1/src/rp2_common/pico_runtime_init/runtime_init_clocks.c.o
LOAD CMakeFiles/test-pwm.dir/home/daniel/.pico-sdk/sdk/2.1.1/src/rp2_common/pico_runtime_init/runtime_init_stack_guard.c.o
LOAD CMakeFiles/test-pwm.dir/home/daniel/.pico-sdk/sdk/2.1.1/src/rp2_common/pico_bit_ops/bit_ops_aeabi.S.o
LOAD CMakeFiles/test-pwm.dir/home/daniel/.pico-sdk/sdk/2.1.1/src/rp2_common/pico_divider/divider_hardware.S.o
LOAD CMakeFiles/test-pwm.dir/home/daniel/.pico-sdk/sdk/2.1.1/src/rp2_common/pico_double/double_aeabi_rp2040.S.o
LOAD CMakeFiles/test-pwm.dir/home/daniel/.pico-sdk/sdk/2.1.1/src/rp2_common/pico_double/double_init_rom_rp2040.c.o
LOAD CMakeFiles/test-pwm.dir/home/daniel/.pico-sdk/sdk/2.1.1/src/rp2_common/pico_double/double_math.c.o
LOAD CMakeFiles/test-pwm.dir/home/daniel/.pico-sdk/sdk/2.1.1/src/rp2_common/pico_double/double_v1_rom_shim_rp2040.S.o
LOAD CMakeFiles/test-pwm.dir/home/daniel/.pico-sdk/sdk/2.1.1/src/rp2_common/pico_int64_ops/pico_int64_ops_aeabi.S.o
LOAD CMakeFiles/test-pwm.dir/home/daniel/.pico-sdk/sdk/2.1.1/src/rp2_common/pico_float/float_aeabi_rp2040.S.o
LOAD CMakeFiles/test-pwm.dir/home/daniel/.pico-sdk/sdk/2.1.1/src/rp2_common/pico_float/float_init_rom_rp2040.c.o
LOAD CMakeFiles/test-pwm.dir/home/daniel/.pico-sdk/sdk/2.1.1/src/rp2_common/pico_float/float_math.c.o
LOAD CMakeFiles/test-pwm.dir/home/daniel/.pico-sdk/sdk/2.1.1/src/rp2_common/pico_float/float_v1_rom_shim_rp2040.S.o
LOAD CMakeFiles/test-pwm.dir/home/daniel/.pico-sdk/sdk/2.1.1/src/rp2_common/pico_malloc/malloc.c.o
LOAD CMakeFiles/test-pwm.dir/home/daniel/.pico-sdk/sdk/2.1.1/src/rp2_common/pico_mem_ops/mem_ops_aeabi.S.o
LOAD CMakeFiles/test-pwm.dir/home/daniel/.pico-sdk/sdk/2.1.1/src/rp2_common/pico_atomic/atomic.c.o
LOAD CMakeFiles/test-pwm.dir/home/daniel/.pico-sdk/sdk/2.1.1/src/rp2_common/pico_cxx_options/new_delete.cpp.o
LOAD CMakeFiles/test-pwm.dir/home/daniel/.pico-sdk/sdk/2.1.1/src/rp2_common/pico_standard_binary_info/standard_binary_info.c.o
LOAD CMakeFiles/test-pwm.dir/home/daniel/.pico-sdk/sdk/2.1.1/src/rp2_common/pico_printf/printf.c.o
LOAD CMakeFiles/test-pwm.dir/home/daniel/.pico-sdk/sdk/2.1.1/src/rp2_common/pico_crt0/crt0.S.o
LOAD CMakeFiles/test-pwm.dir/home/daniel/.pico-sdk/sdk/2.1.1/src/rp2_common/pico_clib_interface/newlib_interface.c.o
LOAD CMakeFiles/test-pwm.dir/home/daniel/.pico-sdk/sdk/2.1.1/src/rp2_common/pico_stdio/stdio.c.o
LOAD CMakeFiles/test-pwm.dir/home/daniel/.pico-sdk/sdk/2.1.1/src/rp2_common/hardware_i2c/i2c.c.o
LOAD pico-sdk/src/rp2040/boot_stage2/CMakeFiles/bs2_default_library.dir/./bs2_default_padded_checksummed.S.o
LOAD /home/daniel/.pico-sdk/toolchain/14_2_Rel1/bin/../lib/gcc/arm-none-eabi/14.2.1/../../../../arm-none-eabi/lib/thumb/v6-m/nofp/libstdc++.a
LOAD /home/daniel/.pico-sdk/toolchain/14_2_Rel1/bin/../lib/gcc/arm-none-eabi/14.2.1/../../../../arm-none-eabi/lib/thumb/v6-m/nofp/libm.a
START GROUP
LOAD /home/daniel/.pico-sdk/toolchain/14_2_Rel1/bin/../lib/gcc/arm-none-eabi/14.2.1/thumb/v6-m/nofp/libgcc.a
LOAD /home/daniel/.pico-sdk/toolchain/14_2_Rel1/bin/../lib/gcc/arm-none-eabi/14.2.1/../../../../arm-none-eabi/lib/thumb/v6-m/nofp/libg.a
LOAD /home/daniel/.pico-sdk/toolchain/14_2_Rel1/bin/../lib/gcc/arm-none-eabi/14.2.1/../../../../arm-none-eabi/lib/thumb/v6-m/nofp/libc.a
END GROUP
START GROUP
LOAD /home/daniel/.pico-sdk/toolchain/14_2_Rel1/bin/../lib/gcc/arm-none-eabi/14.2.1/thumb/v6-m/nofp/libgcc.a
LOAD /home/daniel/.pico-sdk/toolchain/14_2_Rel1/bin/../lib/gcc/arm-none-eabi/14.2.1/../../../../arm-none-eabi/lib/thumb/v6-m/nofp/libc.a
LOAD /home/daniel/.pico-sdk/toolchain/14_2_Rel1/bin/../lib/gcc/arm-none-eabi/14.2.1/../../../../arm-none-eabi/lib/thumb/v6-m/nofp/libnosys.a
END GROUP
LOAD /home/daniel/.pico-sdk/toolchain/14_2_Rel1/bin/../lib/gcc/arm-none-eabi/14.2.1/thumb/v6-m/nofp/crtend.o
LOAD /home/daniel/.pico-sdk/toolchain/14_2_Rel1/bin/../lib/gcc/arm-none-eabi/14.2.1/thumb/v6-m/nofp/crtn.o
OUTPUT(test-pwm.elf elf32-littlearm)
LOAD linker stubs

.ARM.attributes
                0x00000000       0x28
 .ARM.attributes
                0x00000000       0x1e /home/daniel/.pico-sdk/toolchain/14_2_Rel1/bin/../lib/gcc/arm-none-eabi/14.2.1/thumb/v6-m/nofp/crti.o
 .ARM.attributes
                0x0000001e       0x2c /home/daniel/.pico-sdk/toolchain/14_2_Rel1/bin/../lib/gcc/arm-none-eabi/14.2.1/thumb/v6-m/nofp/crtbegin.o
 .ARM.attributes
                0x0000004a       0x2c CMakeFiles/test-pwm.dir/test-pwm.c.o
 .ARM.attributes
                0x00000076       0x2c CMakeFiles/test-pwm.dir/home/daniel/.pico-sdk/sdk/2.1.1/src/rp2_common/hardware_gpio/gpio.c.o
 .ARM.attributes
                0x000000a2       0x2c CMakeFiles/test-pwm.dir/home/daniel/.pico-sdk/sdk/2.1.1/src/rp2_common/pico_platform_panic/panic.c.o
 .ARM.attributes
                0x000000ce       0x2c CMakeFiles/test-pwm.dir/home/daniel/.pico-sdk/sdk/2.1.1/src/common/hardware_claim/claim.c.o
 .ARM.attributes
                0x000000fa       0x2c CMakeFiles/test-pwm.dir/home/daniel/.pico-sdk/sdk/2.1.1/src/rp2_common/hardware_sync/sync.c.o
 .ARM.attributes
                0x00000126       0x2c CMakeFiles/test-pwm.dir/home/daniel/.pico-sdk/sdk/2.1.1/src/rp2_common/hardware_sync_spin_lock/sync_spin_lock.c.o
 .ARM.attributes
                0x00000152       0x2c CMakeFiles/test-pwm.dir/home/daniel/.pico-sdk/sdk/2.1.1/src/rp2_common/hardware_irq/irq.c.o
 .ARM.attributes
                0x0000017e       0x2c CMakeFiles/test-pwm.dir/home/daniel/.pico-sdk/sdk/2.1.1/src/common/pico_sync/lock_core.c.o
 .ARM.attributes
                0x000001aa       0x2c CMakeFiles/test-pwm.dir/home/daniel/.pico-sdk/sdk/2.1.1/src/common/pico_sync/mutex.c.o
 .ARM.attributes
                0x000001d6       0x2c CMakeFiles/test-pwm.dir/home/daniel/.pico-sdk/sdk/2.1.1/src/common/pico_time/time.c.o
 .ARM.attributes
                0x00000202       0x2c CMakeFiles/test-pwm.dir/home/daniel/.pico-sdk/sdk/2.1.1/src/rp2_common/hardware_timer/timer.c.o
 .ARM.attributes
                0x0000022e       0x2c CMakeFiles/test-pwm.dir/home/daniel/.pico-sdk/sdk/2.1.1/src/rp2_common/hardware_clocks/clocks.c.o
 .ARM.attributes
                0x0000025a       0x2c CMakeFiles/test-pwm.dir/home/daniel/.pico-sdk/sdk/2.1.1/src/rp2_common/hardware_pll/pll.c.o
 .ARM.attributes
                0x00000286       0x2c CMakeFiles/test-pwm.dir/home/daniel/.pico-sdk/sdk/2.1.1/src/rp2_common/hardware_ticks/ticks.c.o
 .ARM.attributes
                0x000002b2       0x2c CMakeFiles/test-pwm.dir/home/daniel/.pico-sdk/sdk/2.1.1/src/rp2_common/pico_bootrom/bootrom.c.o
 .ARM.attributes
                0x000002de       0x2c CMakeFiles/test-pwm.dir/home/daniel/.pico-sdk/sdk/2.1.1/src/rp2_common/hardware_xosc/xosc.c.o
 .ARM.attributes
                0x0000030a       0x2c CMakeFiles/test-pwm.dir/home/daniel/.pico-sdk/sdk/2.1.1/src/rp2_common/pico_runtime/runtime.c.o
 .ARM.attributes
                0x00000336       0x2c CMakeFiles/test-pwm.dir/home/daniel/.pico-sdk/sdk/2.1.1/src/rp2_common/pico_runtime_init/runtime_init.c.o
 .ARM.attributes
                0x00000362       0x2c CMakeFiles/test-pwm.dir/home/daniel/.pico-sdk/sdk/2.1.1/src/rp2_common/pico_runtime_init/runtime_init_clocks.c.o
 .ARM.attributes
                0x0000038e       0x22 CMakeFiles/test-pwm.dir/home/daniel/.pico-sdk/sdk/2.1.1/src/rp2_common/pico_bit_ops/bit_ops_aeabi.S.o
 .ARM.attributes
                0x000003b0       0x22 CMakeFiles/test-pwm.dir/home/daniel/.pico-sdk/sdk/2.1.1/src/rp2_common/pico_divider/divider_hardware.S.o
 .ARM.attributes
                0x000003d2       0x22 CMakeFiles/test-pwm.dir/home/daniel/.pico-sdk/sdk/2.1.1/src/rp2_common/pico_double/double_aeabi_rp2040.S.o
 .ARM.attributes
                0x000003f4       0x2c CMakeFiles/test-pwm.dir/home/daniel/.pico-sdk/sdk/2.1.1/src/rp2_common/pico_double/double_init_rom_rp2040.c.o
 .ARM.attributes
                0x00000420       0x22 CMakeFiles/test-pwm.dir/home/daniel/.pico-sdk/sdk/2.1.1/src/rp2_common/pico_double/double_v1_rom_shim_rp2040.S.o
 .ARM.attributes
                0x00000442       0x22 CMakeFiles/test-pwm.dir/home/daniel/.pico-sdk/sdk/2.1.1/src/rp2_common/pico_float/float_aeabi_rp2040.S.o
 .ARM.attributes
                0x00000464       0x2c CMakeFiles/test-pwm.dir/home/daniel/.pico-sdk/sdk/2.1.1/src/rp2_common/pico_float/float_init_rom_rp2040.c.o
 .ARM.attributes
                0x00000490       0x22 CMakeFiles/test-pwm.dir/home/daniel/.pico-sdk/sdk/2.1.1/src/rp2_common/pico_mem_ops/mem_ops_aeabi.S.o
 .ARM.attributes
                0x000004b2       0x2c CMakeFiles/test-pwm.dir/home/daniel/.pico-sdk/sdk/2.1.1/src/rp2_common/pico_standard_binary_info/standard_binary_info.c.o
 .ARM.attributes
                0x000004de       0x2c CMakeFiles/test-pwm.dir/home/daniel/.pico-sdk/sdk/2.1.1/src/rp2_common/pico_printf/printf.c.o
 .ARM.attributes
                0x0000050a       0x22 CMakeFiles/test-pwm.dir/home/daniel/.pico-sdk/sdk/2.1.1/src/rp2_common/pico_crt0/crt0.S.o
 .ARM.attributes
                0x0000052c       0x2c CMakeFiles/test-pwm.dir/home/daniel/.pico-sdk/sdk/2.1.1/src/rp2_common/pico_clib_interface/newlib_interface.c.o
 .ARM.attributes
                0x00000558       0x2c CMakeFiles/test-pwm.dir/home/daniel/.pico-sdk/sdk/2.1.1/src/rp2_common/pico_stdio/stdio.c.o
 .ARM.attributes
                0x00000584       0x22 pico-sdk/src/rp2040/boot_stage2/CMakeFiles/bs2_default_library.dir/./bs2_default_padded_checksummed.S.o
 .ARM.attributes
                0x000005a6       0x1e /home/daniel/.pico-sdk/toolchain/14_2_Rel1/bin/../lib/gcc/arm-none-eabi/14.2.1/thumb/v6-m/nofp/libgcc.a(_dvmd_tls.o)
 .ARM.attributes
                0x000005c4       0x2c /home/daniel/.pico-sdk/toolchain/14_2_Rel1/bin/../lib/gcc/arm-none-eabi/14.2.1/../../../../arm-none-eabi/lib/thumb/v6-m/nofp/libg.a(libc_a-strlen-stub.o)
 .ARM.attributes
                0x000005f0       0x2c /home/daniel/.pico-sdk/toolchain/14_2_Rel1/bin/../lib/gcc/arm-none-eabi/14.2.1/thumb/v6-m/nofp/crtend.o

.comment        0x00000000       0x45
 .comment       0x00000000       0x45 CMakeFiles/test-pwm.dir/test-pwm.c.o
                                 0x46 (size before relaxing)
 .comment       0x00000045       0x46 CMakeFiles/test-pwm.dir/home/daniel/.pico-sdk/sdk/2.1.1/src/rp2_common/hardware_gpio/gpio.c.o
 .comment       0x00000045       0x46 CMakeFiles/test-pwm.dir/home/daniel/.pico-sdk/sdk/2.1.1/src/rp2_common/pico_platform_panic/panic.c.o
 .comment       0x00000045       0x46 CMakeFiles/test-pwm.dir/home/daniel/.pico-sdk/sdk/2.1.1/src/common/hardware_claim/claim.c.o
 .comment       0x00000045       0x46 CMakeFiles/test-pwm.dir/home/daniel/.pico-sdk/sdk/2.1.1/src/rp2_common/hardware_sync/sync.c.o
 .comment       0x00000045       0x46 CMakeFiles/test-pwm.dir/home/daniel/.pico-sdk/sdk/2.1.1/src/rp2_common/hardware_sync_spin_lock/sync_spin_lock.c.o
 .comment       0x00000045       0x46 CMakeFiles/test-pwm.dir/home/daniel/.pico-sdk/sdk/2.1.1/src/rp2_common/hardware_irq/irq.c.o
 .comment       0x00000045       0x46 CMakeFiles/test-pwm.dir/home/daniel/.pico-sdk/sdk/2.1.1/src/common/pico_sync/lock_core.c.o
 .comment       0x00000045       0x46 CMakeFiles/test-pwm.dir/home/daniel/.pico-sdk/sdk/2.1.1/src/common/pico_sync/mutex.c.o
 .comment       0x00000045       0x46 CMakeFiles/test-pwm.dir/home/daniel/.pico-sdk/sdk/2.1.1/src/common/pico_time/time.c.o
 .comment       0x00000045       0x46 CMakeFiles/test-pwm.dir/home/daniel/.pico-sdk/sdk/2.1.1/src/rp2_common/hardware_timer/timer.c.o
 .comment       0x00000045       0x46 CMakeFiles/test-pwm.dir/home/daniel/.pico-sdk/sdk/2.1.1/src/rp2_common/hardware_clocks/clocks.c.o
 .comment       0x00000045       0x46 CMakeFiles/test-pwm.dir/home/daniel/.pico-sdk/sdk/2.1.1/src/rp2_common/hardware_pll/pll.c.o
 .comment       0x00000045       0x46 CMakeFiles/test-pwm.dir/home/daniel/.pico-sdk/sdk/2.1.1/src/rp2_common/hardware_ticks/ticks.c.o
 .comment       0x00000045       0x46 CMakeFiles/test-pwm.dir/home/daniel/.pico-sdk/sdk/2.1.1/src/rp2_common/pico_bootrom/bootrom.c.o
 .comment       0x00000045       0x46 CMakeFiles/test-pwm.dir/home/daniel/.pico-sdk/sdk/2.1.1/src/rp2_common/hardware_xosc/xosc.c.o
 .comment       0x00000045       0x46 CMakeFiles/test-pwm.dir/home/daniel/.pico-sdk/sdk/2.1.1/src/rp2_common/pico_runtime/runtime.c.o
 .comment       0x00000045       0x46 CMakeFiles/test-pwm.dir/home/daniel/.pico-sdk/sdk/2.1.1/src/rp2_common/pico_runtime_init/runtime_init.c.o
 .comment       0x00000045       0x46 CMakeFiles/test-pwm.dir/home/daniel/.pico-sdk/sdk/2.1.1/src/rp2_common/pico_runtime_init/runtime_init_clocks.c.o
 .comment       0x00000045       0x46 CMakeFiles/test-pwm.dir/home/daniel/.pico-sdk/sdk/2.1.1/src/rp2_common/pico_double/double_init_rom_rp2040.c.o
 .comment       0x00000045       0x46 CMakeFiles/test-pwm.dir/home/daniel/.pico-sdk/sdk/2.1.1/src/rp2_common/pico_float/float_init_rom_rp2040.c.o
 .comment       0x00000045       0x46 CMakeFiles/test-pwm.dir/home/daniel/.pico-sdk/sdk/2.1.1/src/rp2_common/pico_standard_binary_info/standard_binary_info.c.o
 .comment       0x00000045       0x46 CMakeFiles/test-pwm.dir/home/daniel/.pico-sdk/sdk/2.1.1/src/rp2_common/pico_printf/printf.c.o
 .comment       0x00000045       0x46 CMakeFiles/test-pwm.dir/home/daniel/.pico-sdk/sdk/2.1.1/src/rp2_common/pico_clib_interface/newlib_interface.c.o
 .comment       0x00000045       0x46 CMakeFiles/test-pwm.dir/home/daniel/.pico-sdk/sdk/2.1.1/src/rp2_common/pico_stdio/stdio.c.o

.debug_info     0x00000000    0x1a42c
 .debug_info    0x00000000      0x970 CMakeFiles/test-pwm.dir/test-pwm.c.o
 .debug_info    0x00000970     0x242d CMakeFiles/test-pwm.dir/home/daniel/.pico-sdk/sdk/2.1.1/src/rp2_common/hardware_gpio/gpio.c.o
 .debug_info    0x00002d9d      0x1bf CMakeFiles/test-pwm.dir/home/daniel/.pico-sdk/sdk/2.1.1/src/rp2_common/pico_platform_panic/panic.c.o
 .debug_info    0x00002f5c      0x9a1 CMakeFiles/test-pwm.dir/home/daniel/.pico-sdk/sdk/2.1.1/src/common/hardware_claim/claim.c.o
 .debug_info    0x000038fd      0x45c CMakeFiles/test-pwm.dir/home/daniel/.pico-sdk/sdk/2.1.1/src/rp2_common/hardware_sync/sync.c.o
 .debug_info    0x00003d59      0x245 CMakeFiles/test-pwm.dir/home/daniel/.pico-sdk/sdk/2.1.1/src/rp2_common/hardware_sync_spin_lock/sync_spin_lock.c.o
 .debug_info    0x00003f9e     0x220f CMakeFiles/test-pwm.dir/home/daniel/.pico-sdk/sdk/2.1.1/src/rp2_common/hardware_irq/irq.c.o
 .debug_info    0x000061ad      0x15f CMakeFiles/test-pwm.dir/home/daniel/.pico-sdk/sdk/2.1.1/src/common/pico_sync/lock_core.c.o
 .debug_info    0x0000630c     0x27f1 CMakeFiles/test-pwm.dir/home/daniel/.pico-sdk/sdk/2.1.1/src/common/pico_sync/mutex.c.o
 .debug_info    0x00008afd     0x5036 CMakeFiles/test-pwm.dir/home/daniel/.pico-sdk/sdk/2.1.1/src/common/pico_time/time.c.o
 .debug_info    0x0000db33     0x2b13 CMakeFiles/test-pwm.dir/home/daniel/.pico-sdk/sdk/2.1.1/src/rp2_common/hardware_timer/timer.c.o
 .debug_info    0x00010646     0x2991 CMakeFiles/test-pwm.dir/home/daniel/.pico-sdk/sdk/2.1.1/src/rp2_common/hardware_clocks/clocks.c.o
 .debug_info    0x00012fd7      0x4e5 CMakeFiles/test-pwm.dir/home/daniel/.pico-sdk/sdk/2.1.1/src/rp2_common/hardware_pll/pll.c.o
 .debug_info    0x000134bc      0x248 CMakeFiles/test-pwm.dir/home/daniel/.pico-sdk/sdk/2.1.1/src/rp2_common/hardware_ticks/ticks.c.o
 .debug_info    0x00013704      0x678 CMakeFiles/test-pwm.dir/home/daniel/.pico-sdk/sdk/2.1.1/src/rp2_common/pico_bootrom/bootrom.c.o
 .debug_info    0x00013d7c      0x1d0 CMakeFiles/test-pwm.dir/home/daniel/.pico-sdk/sdk/2.1.1/src/rp2_common/hardware_xosc/xosc.c.o
 .debug_info    0x00013f4c      0x21a CMakeFiles/test-pwm.dir/home/daniel/.pico-sdk/sdk/2.1.1/src/rp2_common/pico_runtime/runtime.c.o
 .debug_info    0x00014166      0x795 CMakeFiles/test-pwm.dir/home/daniel/.pico-sdk/sdk/2.1.1/src/rp2_common/pico_runtime_init/runtime_init.c.o
 .debug_info    0x000148fb      0x781 CMakeFiles/test-pwm.dir/home/daniel/.pico-sdk/sdk/2.1.1/src/rp2_common/pico_runtime_init/runtime_init_clocks.c.o
 .debug_info    0x0001507c       0x23 CMakeFiles/test-pwm.dir/home/daniel/.pico-sdk/sdk/2.1.1/src/rp2_common/pico_bit_ops/bit_ops_aeabi.S.o
 .debug_info    0x0001509f       0x23 CMakeFiles/test-pwm.dir/home/daniel/.pico-sdk/sdk/2.1.1/src/rp2_common/pico_divider/divider_hardware.S.o
 .debug_info    0x000150c2       0x23 CMakeFiles/test-pwm.dir/home/daniel/.pico-sdk/sdk/2.1.1/src/rp2_common/pico_double/double_aeabi_rp2040.S.o
 .debug_info    0x000150e5      0x2c4 CMakeFiles/test-pwm.dir/home/daniel/.pico-sdk/sdk/2.1.1/src/rp2_common/pico_double/double_init_rom_rp2040.c.o
 .debug_info    0x000153a9       0x24 CMakeFiles/test-pwm.dir/home/daniel/.pico-sdk/sdk/2.1.1/src/rp2_common/pico_double/double_v1_rom_shim_rp2040.S.o
 .debug_info    0x000153cd       0x23 CMakeFiles/test-pwm.dir/home/daniel/.pico-sdk/sdk/2.1.1/src/rp2_common/pico_float/float_aeabi_rp2040.S.o
 .debug_info    0x000153f0      0x2b0 CMakeFiles/test-pwm.dir/home/daniel/.pico-sdk/sdk/2.1.1/src/rp2_common/pico_float/float_init_rom_rp2040.c.o
 .debug_info    0x000156a0       0x23 CMakeFiles/test-pwm.dir/home/daniel/.pico-sdk/sdk/2.1.1/src/rp2_common/pico_mem_ops/mem_ops_aeabi.S.o
 .debug_info    0x000156c3      0x2e2 CMakeFiles/test-pwm.dir/home/daniel/.pico-sdk/sdk/2.1.1/src/rp2_common/pico_standard_binary_info/standard_binary_info.c.o
 .debug_info    0x000159a5     0x22f2 CMakeFiles/test-pwm.dir/home/daniel/.pico-sdk/sdk/2.1.1/src/rp2_common/pico_printf/printf.c.o
 .debug_info    0x00017c97       0x23 CMakeFiles/test-pwm.dir/home/daniel/.pico-sdk/sdk/2.1.1/src/rp2_common/pico_crt0/crt0.S.o
 .debug_info    0x00017cba      0xb54 CMakeFiles/test-pwm.dir/home/daniel/.pico-sdk/sdk/2.1.1/src/rp2_common/pico_clib_interface/newlib_interface.c.o
 .debug_info    0x0001880e     0x1c1e CMakeFiles/test-pwm.dir/home/daniel/.pico-sdk/sdk/2.1.1/src/rp2_common/pico_stdio/stdio.c.o

.debug_abbrev   0x00000000     0x4ae3
 .debug_abbrev  0x00000000      0x2ed CMakeFiles/test-pwm.dir/test-pwm.c.o
 .debug_abbrev  0x000002ed      0x50e CMakeFiles/test-pwm.dir/home/daniel/.pico-sdk/sdk/2.1.1/src/rp2_common/hardware_gpio/gpio.c.o
 .debug_abbrev  0x000007fb      0x12b CMakeFiles/test-pwm.dir/home/daniel/.pico-sdk/sdk/2.1.1/src/rp2_common/pico_platform_panic/panic.c.o
 .debug_abbrev  0x00000926      0x328 CMakeFiles/test-pwm.dir/home/daniel/.pico-sdk/sdk/2.1.1/src/common/hardware_claim/claim.c.o
 .debug_abbrev  0x00000c4e      0x20f CMakeFiles/test-pwm.dir/home/daniel/.pico-sdk/sdk/2.1.1/src/rp2_common/hardware_sync/sync.c.o
 .debug_abbrev  0x00000e5d      0x1bb CMakeFiles/test-pwm.dir/home/daniel/.pico-sdk/sdk/2.1.1/src/rp2_common/hardware_sync_spin_lock/sync_spin_lock.c.o
 .debug_abbrev  0x00001018      0x614 CMakeFiles/test-pwm.dir/home/daniel/.pico-sdk/sdk/2.1.1/src/rp2_common/hardware_irq/irq.c.o
 .debug_abbrev  0x0000162c       0xee CMakeFiles/test-pwm.dir/home/daniel/.pico-sdk/sdk/2.1.1/src/common/pico_sync/lock_core.c.o
 .debug_abbrev  0x0000171a      0x48c CMakeFiles/test-pwm.dir/home/daniel/.pico-sdk/sdk/2.1.1/src/common/pico_sync/mutex.c.o
 .debug_abbrev  0x00001ba6      0x659 CMakeFiles/test-pwm.dir/home/daniel/.pico-sdk/sdk/2.1.1/src/common/pico_time/time.c.o
 .debug_abbrev  0x000021ff      0x4f2 CMakeFiles/test-pwm.dir/home/daniel/.pico-sdk/sdk/2.1.1/src/rp2_common/hardware_timer/timer.c.o
 .debug_abbrev  0x000026f1      0x4eb CMakeFiles/test-pwm.dir/home/daniel/.pico-sdk/sdk/2.1.1/src/rp2_common/hardware_clocks/clocks.c.o
 .debug_abbrev  0x00002bdc      0x1d2 CMakeFiles/test-pwm.dir/home/daniel/.pico-sdk/sdk/2.1.1/src/rp2_common/hardware_pll/pll.c.o
 .debug_abbrev  0x00002dae      0x145 CMakeFiles/test-pwm.dir/home/daniel/.pico-sdk/sdk/2.1.1/src/rp2_common/hardware_ticks/ticks.c.o
 .debug_abbrev  0x00002ef3      0x1bc CMakeFiles/test-pwm.dir/home/daniel/.pico-sdk/sdk/2.1.1/src/rp2_common/pico_bootrom/bootrom.c.o
 .debug_abbrev  0x000030af      0x11d CMakeFiles/test-pwm.dir/home/daniel/.pico-sdk/sdk/2.1.1/src/rp2_common/hardware_xosc/xosc.c.o
 .debug_abbrev  0x000031cc      0x182 CMakeFiles/test-pwm.dir/home/daniel/.pico-sdk/sdk/2.1.1/src/rp2_common/pico_runtime/runtime.c.o
 .debug_abbrev  0x0000334e      0x222 CMakeFiles/test-pwm.dir/home/daniel/.pico-sdk/sdk/2.1.1/src/rp2_common/pico_runtime_init/runtime_init.c.o
 .debug_abbrev  0x00003570      0x2af CMakeFiles/test-pwm.dir/home/daniel/.pico-sdk/sdk/2.1.1/src/rp2_common/pico_runtime_init/runtime_init_clocks.c.o
 .debug_abbrev  0x0000381f       0x12 CMakeFiles/test-pwm.dir/home/daniel/.pico-sdk/sdk/2.1.1/src/rp2_common/pico_bit_ops/bit_ops_aeabi.S.o
 .debug_abbrev  0x00003831       0x12 CMakeFiles/test-pwm.dir/home/daniel/.pico-sdk/sdk/2.1.1/src/rp2_common/pico_divider/divider_hardware.S.o
 .debug_abbrev  0x00003843       0x12 CMakeFiles/test-pwm.dir/home/daniel/.pico-sdk/sdk/2.1.1/src/rp2_common/pico_double/double_aeabi_rp2040.S.o
 .debug_abbrev  0x00003855      0x1bb CMakeFiles/test-pwm.dir/home/daniel/.pico-sdk/sdk/2.1.1/src/rp2_common/pico_double/double_init_rom_rp2040.c.o
 .debug_abbrev  0x00003a10       0x14 CMakeFiles/test-pwm.dir/home/daniel/.pico-sdk/sdk/2.1.1/src/rp2_common/pico_double/double_v1_rom_shim_rp2040.S.o
 .debug_abbrev  0x00003a24       0x12 CMakeFiles/test-pwm.dir/home/daniel/.pico-sdk/sdk/2.1.1/src/rp2_common/pico_float/float_aeabi_rp2040.S.o
 .debug_abbrev  0x00003a36      0x19e CMakeFiles/test-pwm.dir/home/daniel/.pico-sdk/sdk/2.1.1/src/rp2_common/pico_float/float_init_rom_rp2040.c.o
 .debug_abbrev  0x00003bd4       0x12 CMakeFiles/test-pwm.dir/home/daniel/.pico-sdk/sdk/2.1.1/src/rp2_common/pico_mem_ops/mem_ops_aeabi.S.o
 .debug_abbrev  0x00003be6       0xb8 CMakeFiles/test-pwm.dir/home/daniel/.pico-sdk/sdk/2.1.1/src/rp2_common/pico_standard_binary_info/standard_binary_info.c.o
 .debug_abbrev  0x00003c9e      0x50c CMakeFiles/test-pwm.dir/home/daniel/.pico-sdk/sdk/2.1.1/src/rp2_common/pico_printf/printf.c.o
 .debug_abbrev  0x000041aa       0x12 CMakeFiles/test-pwm.dir/home/daniel/.pico-sdk/sdk/2.1.1/src/rp2_common/pico_crt0/crt0.S.o
 .debug_abbrev  0x000041bc      0x352 CMakeFiles/test-pwm.dir/home/daniel/.pico-sdk/sdk/2.1.1/src/rp2_common/pico_clib_interface/newlib_interface.c.o
 .debug_abbrev  0x0000450e      0x5d5 CMakeFiles/test-pwm.dir/home/daniel/.pico-sdk/sdk/2.1.1/src/rp2_common/pico_stdio/stdio.c.o

.debug_loclists
                0x00000000     0xfc09
 .debug_loclists
                0x00000000      0x175 CMakeFiles/test-pwm.dir/test-pwm.c.o
 .debug_loclists
                0x00000175     0x1ac0 CMakeFiles/test-pwm.dir/home/daniel/.pico-sdk/sdk/2.1.1/src/rp2_common/hardware_gpio/gpio.c.o
 .debug_loclists
                0x00001c35      0x349 CMakeFiles/test-pwm.dir/home/daniel/.pico-sdk/sdk/2.1.1/src/common/hardware_claim/claim.c.o
 .debug_loclists
                0x00001f7e      0x108 CMakeFiles/test-pwm.dir/home/daniel/.pico-sdk/sdk/2.1.1/src/rp2_common/hardware_sync/sync.c.o
 .debug_loclists
                0x00002086       0x7d CMakeFiles/test-pwm.dir/home/daniel/.pico-sdk/sdk/2.1.1/src/rp2_common/hardware_sync_spin_lock/sync_spin_lock.c.o
 .debug_loclists
                0x00002103     0x11ed CMakeFiles/test-pwm.dir/home/daniel/.pico-sdk/sdk/2.1.1/src/rp2_common/hardware_irq/irq.c.o
 .debug_loclists
                0x000032f0       0x41 CMakeFiles/test-pwm.dir/home/daniel/.pico-sdk/sdk/2.1.1/src/common/pico_sync/lock_core.c.o
 .debug_loclists
                0x00003331      0xaec CMakeFiles/test-pwm.dir/home/daniel/.pico-sdk/sdk/2.1.1/src/common/pico_sync/mutex.c.o
 .debug_loclists
                0x00003e1d     0x27d7 CMakeFiles/test-pwm.dir/home/daniel/.pico-sdk/sdk/2.1.1/src/common/pico_time/time.c.o
 .debug_loclists
                0x000065f4     0x19f6 CMakeFiles/test-pwm.dir/home/daniel/.pico-sdk/sdk/2.1.1/src/rp2_common/hardware_timer/timer.c.o
 .debug_loclists
                0x00007fea     0x2b6f CMakeFiles/test-pwm.dir/home/daniel/.pico-sdk/sdk/2.1.1/src/rp2_common/hardware_clocks/clocks.c.o
 .debug_loclists
                0x0000ab59      0x1e0 CMakeFiles/test-pwm.dir/home/daniel/.pico-sdk/sdk/2.1.1/src/rp2_common/hardware_pll/pll.c.o
 .debug_loclists
                0x0000ad39       0x47 CMakeFiles/test-pwm.dir/home/daniel/.pico-sdk/sdk/2.1.1/src/rp2_common/hardware_ticks/ticks.c.o
 .debug_loclists
                0x0000ad80      0x351 CMakeFiles/test-pwm.dir/home/daniel/.pico-sdk/sdk/2.1.1/src/rp2_common/pico_bootrom/bootrom.c.o
 .debug_loclists
                0x0000b0d1       0x48 CMakeFiles/test-pwm.dir/home/daniel/.pico-sdk/sdk/2.1.1/src/rp2_common/hardware_xosc/xosc.c.o
 .debug_loclists
                0x0000b119       0x7e CMakeFiles/test-pwm.dir/home/daniel/.pico-sdk/sdk/2.1.1/src/rp2_common/pico_runtime/runtime.c.o
 .debug_loclists
                0x0000b197       0xba CMakeFiles/test-pwm.dir/home/daniel/.pico-sdk/sdk/2.1.1/src/rp2_common/pico_runtime_init/runtime_init.c.o
 .debug_loclists
                0x0000b251       0x74 CMakeFiles/test-pwm.dir/home/daniel/.pico-sdk/sdk/2.1.1/src/rp2_common/pico_runtime_init/runtime_init_clocks.c.o
 .debug_loclists
                0x0000b2c5       0x35 CMakeFiles/test-pwm.dir/home/daniel/.pico-sdk/sdk/2.1.1/src/rp2_common/pico_double/double_init_rom_rp2040.c.o
 .debug_loclists
                0x0000b2fa       0x4e CMakeFiles/test-pwm.dir/home/daniel/.pico-sdk/sdk/2.1.1/src/rp2_common/pico_float/float_init_rom_rp2040.c.o
 .debug_loclists
                0x0000b348     0x355f CMakeFiles/test-pwm.dir/home/daniel/.pico-sdk/sdk/2.1.1/src/rp2_common/pico_printf/printf.c.o
 .debug_loclists
                0x0000e8a7      0x431 CMakeFiles/test-pwm.dir/home/daniel/.pico-sdk/sdk/2.1.1/src/rp2_common/pico_clib_interface/newlib_interface.c.o
 .debug_loclists
                0x0000ecd8      0xf31 CMakeFiles/test-pwm.dir/home/daniel/.pico-sdk/sdk/2.1.1/src/rp2_common/pico_stdio/stdio.c.o

.debug_aranges  0x00000000      0xd68
 .debug_aranges
                0x00000000       0x28 CMakeFiles/test-pwm.dir/test-pwm.c.o
 .debug_aranges
                0x00000028      0x120 CMakeFiles/test-pwm.dir/home/daniel/.pico-sdk/sdk/2.1.1/src/rp2_common/hardware_gpio/gpio.c.o
 .debug_aranges
                0x00000148       0x28 CMakeFiles/test-pwm.dir/home/daniel/.pico-sdk/sdk/2.1.1/src/rp2_common/pico_platform_panic/panic.c.o
 .debug_aranges
                0x00000170       0x48 CMakeFiles/test-pwm.dir/home/daniel/.pico-sdk/sdk/2.1.1/src/common/hardware_claim/claim.c.o
 .debug_aranges
                0x000001b8       0x48 CMakeFiles/test-pwm.dir/home/daniel/.pico-sdk/sdk/2.1.1/src/rp2_common/hardware_sync/sync.c.o
 .debug_aranges
                0x00000200       0x28 CMakeFiles/test-pwm.dir/home/daniel/.pico-sdk/sdk/2.1.1/src/rp2_common/hardware_sync_spin_lock/sync_spin_lock.c.o
 .debug_aranges
                0x00000228       0xb8 CMakeFiles/test-pwm.dir/home/daniel/.pico-sdk/sdk/2.1.1/src/rp2_common/hardware_irq/irq.c.o
 .debug_aranges
                0x000002e0       0x20 CMakeFiles/test-pwm.dir/home/daniel/.pico-sdk/sdk/2.1.1/src/common/pico_sync/lock_core.c.o
 .debug_aranges
                0x00000300       0x98 CMakeFiles/test-pwm.dir/home/daniel/.pico-sdk/sdk/2.1.1/src/common/pico_sync/mutex.c.o
 .debug_aranges
                0x00000398       0xe0 CMakeFiles/test-pwm.dir/home/daniel/.pico-sdk/sdk/2.1.1/src/common/pico_time/time.c.o
 .debug_aranges
                0x00000478       0xf0 CMakeFiles/test-pwm.dir/home/daniel/.pico-sdk/sdk/2.1.1/src/rp2_common/hardware_timer/timer.c.o
 .debug_aranges
                0x00000568       0x90 CMakeFiles/test-pwm.dir/home/daniel/.pico-sdk/sdk/2.1.1/src/rp2_common/hardware_clocks/clocks.c.o
 .debug_aranges
                0x000005f8       0x28 CMakeFiles/test-pwm.dir/home/daniel/.pico-sdk/sdk/2.1.1/src/rp2_common/hardware_pll/pll.c.o
 .debug_aranges
                0x00000620       0x30 CMakeFiles/test-pwm.dir/home/daniel/.pico-sdk/sdk/2.1.1/src/rp2_common/hardware_ticks/ticks.c.o
 .debug_aranges
                0x00000650       0x40 CMakeFiles/test-pwm.dir/home/daniel/.pico-sdk/sdk/2.1.1/src/rp2_common/pico_bootrom/bootrom.c.o
 .debug_aranges
                0x00000690       0x30 CMakeFiles/test-pwm.dir/home/daniel/.pico-sdk/sdk/2.1.1/src/rp2_common/hardware_xosc/xosc.c.o
 .debug_aranges
                0x000006c0       0x38 CMakeFiles/test-pwm.dir/home/daniel/.pico-sdk/sdk/2.1.1/src/rp2_common/pico_runtime/runtime.c.o
 .debug_aranges
                0x000006f8       0x48 CMakeFiles/test-pwm.dir/home/daniel/.pico-sdk/sdk/2.1.1/src/rp2_common/pico_runtime_init/runtime_init.c.o
 .debug_aranges
                0x00000740       0x20 CMakeFiles/test-pwm.dir/home/daniel/.pico-sdk/sdk/2.1.1/src/rp2_common/pico_runtime_init/runtime_init_clocks.c.o
 .debug_aranges
                0x00000760       0x60 CMakeFiles/test-pwm.dir/home/daniel/.pico-sdk/sdk/2.1.1/src/rp2_common/pico_bit_ops/bit_ops_aeabi.S.o
 .debug_aranges
                0x000007c0       0x40 CMakeFiles/test-pwm.dir/home/daniel/.pico-sdk/sdk/2.1.1/src/rp2_common/pico_divider/divider_hardware.S.o
 .debug_aranges
                0x00000800      0x150 CMakeFiles/test-pwm.dir/home/daniel/.pico-sdk/sdk/2.1.1/src/rp2_common/pico_double/double_aeabi_rp2040.S.o
 .debug_aranges
                0x00000950       0x28 CMakeFiles/test-pwm.dir/home/daniel/.pico-sdk/sdk/2.1.1/src/rp2_common/pico_double/double_init_rom_rp2040.c.o
 .debug_aranges
                0x00000978       0x20 CMakeFiles/test-pwm.dir/home/daniel/.pico-sdk/sdk/2.1.1/src/rp2_common/pico_double/double_v1_rom_shim_rp2040.S.o
 .debug_aranges
                0x00000998      0x138 CMakeFiles/test-pwm.dir/home/daniel/.pico-sdk/sdk/2.1.1/src/rp2_common/pico_float/float_aeabi_rp2040.S.o
 .debug_aranges
                0x00000ad0       0x28 CMakeFiles/test-pwm.dir/home/daniel/.pico-sdk/sdk/2.1.1/src/rp2_common/pico_float/float_init_rom_rp2040.c.o
 .debug_aranges
                0x00000af8       0x38 CMakeFiles/test-pwm.dir/home/daniel/.pico-sdk/sdk/2.1.1/src/rp2_common/pico_mem_ops/mem_ops_aeabi.S.o
 .debug_aranges
                0x00000b30       0x18 CMakeFiles/test-pwm.dir/home/daniel/.pico-sdk/sdk/2.1.1/src/rp2_common/pico_standard_binary_info/standard_binary_info.c.o
 .debug_aranges
                0x00000b48       0x90 CMakeFiles/test-pwm.dir/home/daniel/.pico-sdk/sdk/2.1.1/src/rp2_common/pico_printf/printf.c.o
 .debug_aranges
                0x00000bd8       0x28 CMakeFiles/test-pwm.dir/home/daniel/.pico-sdk/sdk/2.1.1/src/rp2_common/pico_crt0/crt0.S.o
 .debug_aranges
                0x00000c00       0xa0 CMakeFiles/test-pwm.dir/home/daniel/.pico-sdk/sdk/2.1.1/src/rp2_common/pico_clib_interface/newlib_interface.c.o
 .debug_aranges
                0x00000ca0       0xc8 CMakeFiles/test-pwm.dir/home/daniel/.pico-sdk/sdk/2.1.1/src/rp2_common/pico_stdio/stdio.c.o

.debug_rnglists
                0x00000000     0x299d
 .debug_rnglists
                0x00000000       0x58 CMakeFiles/test-pwm.dir/test-pwm.c.o
 .debug_rnglists
                0x00000058      0x5d0 CMakeFiles/test-pwm.dir/home/daniel/.pico-sdk/sdk/2.1.1/src/rp2_common/hardware_gpio/gpio.c.o
 .debug_rnglists
                0x00000628       0x19 CMakeFiles/test-pwm.dir/home/daniel/.pico-sdk/sdk/2.1.1/src/rp2_common/pico_platform_panic/panic.c.o
 .debug_rnglists
                0x00000641       0xb6 CMakeFiles/test-pwm.dir/home/daniel/.pico-sdk/sdk/2.1.1/src/common/hardware_claim/claim.c.o
 .debug_rnglists
                0x000006f7       0x58 CMakeFiles/test-pwm.dir/home/daniel/.pico-sdk/sdk/2.1.1/src/rp2_common/hardware_sync/sync.c.o
 .debug_rnglists
                0x0000074f       0x3d CMakeFiles/test-pwm.dir/home/daniel/.pico-sdk/sdk/2.1.1/src/rp2_common/hardware_sync_spin_lock/sync_spin_lock.c.o
 .debug_rnglists
                0x0000078c      0x37d CMakeFiles/test-pwm.dir/home/daniel/.pico-sdk/sdk/2.1.1/src/rp2_common/hardware_irq/irq.c.o
 .debug_rnglists
                0x00000b09       0x1f CMakeFiles/test-pwm.dir/home/daniel/.pico-sdk/sdk/2.1.1/src/common/pico_sync/lock_core.c.o
 .debug_rnglists
                0x00000b28      0x325 CMakeFiles/test-pwm.dir/home/daniel/.pico-sdk/sdk/2.1.1/src/common/pico_sync/mutex.c.o
 .debug_rnglists
                0x00000e4d      0x7e2 CMakeFiles/test-pwm.dir/home/daniel/.pico-sdk/sdk/2.1.1/src/common/pico_time/time.c.o
 .debug_rnglists
                0x0000162f      0x2c6 CMakeFiles/test-pwm.dir/home/daniel/.pico-sdk/sdk/2.1.1/src/rp2_common/hardware_timer/timer.c.o
 .debug_rnglists
                0x000018f5      0x5af CMakeFiles/test-pwm.dir/home/daniel/.pico-sdk/sdk/2.1.1/src/rp2_common/hardware_clocks/clocks.c.o
 .debug_rnglists
                0x00001ea4       0x5c CMakeFiles/test-pwm.dir/home/daniel/.pico-sdk/sdk/2.1.1/src/rp2_common/hardware_pll/pll.c.o
 .debug_rnglists
                0x00001f00       0x2b CMakeFiles/test-pwm.dir/home/daniel/.pico-sdk/sdk/2.1.1/src/rp2_common/hardware_ticks/ticks.c.o
 .debug_rnglists
                0x00001f2b      0x112 CMakeFiles/test-pwm.dir/home/daniel/.pico-sdk/sdk/2.1.1/src/rp2_common/pico_bootrom/bootrom.c.o
 .debug_rnglists
                0x0000203d       0x1f CMakeFiles/test-pwm.dir/home/daniel/.pico-sdk/sdk/2.1.1/src/rp2_common/hardware_xosc/xosc.c.o
 .debug_rnglists
                0x0000205c       0x3d CMakeFiles/test-pwm.dir/home/daniel/.pico-sdk/sdk/2.1.1/src/rp2_common/pico_runtime/runtime.c.o
 .debug_rnglists
                0x00002099       0x49 CMakeFiles/test-pwm.dir/home/daniel/.pico-sdk/sdk/2.1.1/src/rp2_common/pico_runtime_init/runtime_init.c.o
 .debug_rnglists
                0x000020e2       0x20 CMakeFiles/test-pwm.dir/home/daniel/.pico-sdk/sdk/2.1.1/src/rp2_common/pico_runtime_init/runtime_init_clocks.c.o
 .debug_rnglists
                0x00002102       0x43 CMakeFiles/test-pwm.dir/home/daniel/.pico-sdk/sdk/2.1.1/src/rp2_common/pico_bit_ops/bit_ops_aeabi.S.o
 .debug_rnglists
                0x00002145       0x2c CMakeFiles/test-pwm.dir/home/daniel/.pico-sdk/sdk/2.1.1/src/rp2_common/pico_divider/divider_hardware.S.o
 .debug_rnglists
                0x00002171       0xf8 CMakeFiles/test-pwm.dir/home/daniel/.pico-sdk/sdk/2.1.1/src/rp2_common/pico_double/double_aeabi_rp2040.S.o
 .debug_rnglists
                0x00002269       0x1a CMakeFiles/test-pwm.dir/home/daniel/.pico-sdk/sdk/2.1.1/src/rp2_common/pico_double/double_init_rom_rp2040.c.o
 .debug_rnglists
                0x00002283       0xe5 CMakeFiles/test-pwm.dir/home/daniel/.pico-sdk/sdk/2.1.1/src/rp2_common/pico_float/float_aeabi_rp2040.S.o
 .debug_rnglists
                0x00002368       0x19 CMakeFiles/test-pwm.dir/home/daniel/.pico-sdk/sdk/2.1.1/src/rp2_common/pico_float/float_init_rom_rp2040.c.o
 .debug_rnglists
                0x00002381       0x25 CMakeFiles/test-pwm.dir/home/daniel/.pico-sdk/sdk/2.1.1/src/rp2_common/pico_mem_ops/mem_ops_aeabi.S.o
 .debug_rnglists
                0x000023a6      0x2a2 CMakeFiles/test-pwm.dir/home/daniel/.pico-sdk/sdk/2.1.1/src/rp2_common/pico_printf/printf.c.o
 .debug_rnglists
                0x00002648       0x1b CMakeFiles/test-pwm.dir/home/daniel/.pico-sdk/sdk/2.1.1/src/rp2_common/pico_crt0/crt0.S.o
 .debug_rnglists
                0x00002663       0x7f CMakeFiles/test-pwm.dir/home/daniel/.pico-sdk/sdk/2.1.1/src/rp2_common/pico_clib_interface/newlib_interface.c.o
 .debug_rnglists
                0x000026e2      0x2bb CMakeFiles/test-pwm.dir/home/daniel/.pico-sdk/sdk/2.1.1/src/rp2_common/pico_stdio/stdio.c.o

.debug_line     0x00000000    0x14d6c
 .debug_line    0x00000000      0x5ac CMakeFiles/test-pwm.dir/test-pwm.c.o
 .debug_line    0x000005ac     0x1c90 CMakeFiles/test-pwm.dir/home/daniel/.pico-sdk/sdk/2.1.1/src/rp2_common/hardware_gpio/gpio.c.o
 .debug_line    0x0000223c      0x27e CMakeFiles/test-pwm.dir/home/daniel/.pico-sdk/sdk/2.1.1/src/rp2_common/pico_platform_panic/panic.c.o
 .debug_line    0x000024ba      0x8e0 CMakeFiles/test-pwm.dir/home/daniel/.pico-sdk/sdk/2.1.1/src/common/hardware_claim/claim.c.o
 .debug_line    0x00002d9a      0x4c8 CMakeFiles/test-pwm.dir/home/daniel/.pico-sdk/sdk/2.1.1/src/rp2_common/hardware_sync/sync.c.o
 .debug_line    0x00003262      0x3ac CMakeFiles/test-pwm.dir/home/daniel/.pico-sdk/sdk/2.1.1/src/rp2_common/hardware_sync_spin_lock/sync_spin_lock.c.o
 .debug_line    0x0000360e     0x175d CMakeFiles/test-pwm.dir/home/daniel/.pico-sdk/sdk/2.1.1/src/rp2_common/hardware_irq/irq.c.o
 .debug_line    0x00004d6b      0x2d7 CMakeFiles/test-pwm.dir/home/daniel/.pico-sdk/sdk/2.1.1/src/common/pico_sync/lock_core.c.o
 .debug_line    0x00005042     0x1b2d CMakeFiles/test-pwm.dir/home/daniel/.pico-sdk/sdk/2.1.1/src/common/pico_sync/mutex.c.o
 .debug_line    0x00006b6f     0x3534 CMakeFiles/test-pwm.dir/home/daniel/.pico-sdk/sdk/2.1.1/src/common/pico_time/time.c.o
 .debug_line    0x0000a0a3     0x1cfc CMakeFiles/test-pwm.dir/home/daniel/.pico-sdk/sdk/2.1.1/src/rp2_common/hardware_timer/timer.c.o
 .debug_line    0x0000bd9f     0x20f4 CMakeFiles/test-pwm.dir/home/daniel/.pico-sdk/sdk/2.1.1/src/rp2_common/hardware_clocks/clocks.c.o
 .debug_line    0x0000de93      0x4ee CMakeFiles/test-pwm.dir/home/daniel/.pico-sdk/sdk/2.1.1/src/rp2_common/hardware_pll/pll.c.o
 .debug_line    0x0000e381      0x336 CMakeFiles/test-pwm.dir/home/daniel/.pico-sdk/sdk/2.1.1/src/rp2_common/hardware_ticks/ticks.c.o
 .debug_line    0x0000e6b7      0x458 CMakeFiles/test-pwm.dir/home/daniel/.pico-sdk/sdk/2.1.1/src/rp2_common/pico_bootrom/bootrom.c.o
 .debug_line    0x0000eb0f      0x33f CMakeFiles/test-pwm.dir/home/daniel/.pico-sdk/sdk/2.1.1/src/rp2_common/hardware_xosc/xosc.c.o
 .debug_line    0x0000ee4e      0x30d CMakeFiles/test-pwm.dir/home/daniel/.pico-sdk/sdk/2.1.1/src/rp2_common/pico_runtime/runtime.c.o
 .debug_line    0x0000f15b      0x530 CMakeFiles/test-pwm.dir/home/daniel/.pico-sdk/sdk/2.1.1/src/rp2_common/pico_runtime_init/runtime_init.c.o
 .debug_line    0x0000f68b      0x551 CMakeFiles/test-pwm.dir/home/daniel/.pico-sdk/sdk/2.1.1/src/rp2_common/pico_runtime_init/runtime_init_clocks.c.o
 .debug_line    0x0000fbdc      0x107 CMakeFiles/test-pwm.dir/home/daniel/.pico-sdk/sdk/2.1.1/src/rp2_common/pico_bit_ops/bit_ops_aeabi.S.o
 .debug_line    0x0000fce3      0x2a9 CMakeFiles/test-pwm.dir/home/daniel/.pico-sdk/sdk/2.1.1/src/rp2_common/pico_divider/divider_hardware.S.o
 .debug_line    0x0000ff8c      0x44d CMakeFiles/test-pwm.dir/home/daniel/.pico-sdk/sdk/2.1.1/src/rp2_common/pico_double/double_aeabi_rp2040.S.o
 .debug_line    0x000103d9      0x4fa CMakeFiles/test-pwm.dir/home/daniel/.pico-sdk/sdk/2.1.1/src/rp2_common/pico_double/double_init_rom_rp2040.c.o
 .debug_line    0x000108d3       0x5d CMakeFiles/test-pwm.dir/home/daniel/.pico-sdk/sdk/2.1.1/src/rp2_common/pico_double/double_v1_rom_shim_rp2040.S.o
 .debug_line    0x00010930      0x3c6 CMakeFiles/test-pwm.dir/home/daniel/.pico-sdk/sdk/2.1.1/src/rp2_common/pico_float/float_aeabi_rp2040.S.o
 .debug_line    0x00010cf6      0x3b6 CMakeFiles/test-pwm.dir/home/daniel/.pico-sdk/sdk/2.1.1/src/rp2_common/pico_float/float_init_rom_rp2040.c.o
 .debug_line    0x000110ac       0x94 CMakeFiles/test-pwm.dir/home/daniel/.pico-sdk/sdk/2.1.1/src/rp2_common/pico_mem_ops/mem_ops_aeabi.S.o
 .debug_line    0x00011140      0x1eb CMakeFiles/test-pwm.dir/home/daniel/.pico-sdk/sdk/2.1.1/src/rp2_common/pico_standard_binary_info/standard_binary_info.c.o
 .debug_line    0x0001132b     0x1d0a CMakeFiles/test-pwm.dir/home/daniel/.pico-sdk/sdk/2.1.1/src/rp2_common/pico_printf/printf.c.o
 .debug_line    0x00013035       0xa5 CMakeFiles/test-pwm.dir/home/daniel/.pico-sdk/sdk/2.1.1/src/rp2_common/pico_crt0/crt0.S.o
 .debug_line    0x000130da      0x858 CMakeFiles/test-pwm.dir/home/daniel/.pico-sdk/sdk/2.1.1/src/rp2_common/pico_clib_interface/newlib_interface.c.o
 .debug_line    0x00013932     0x143a CMakeFiles/test-pwm.dir/home/daniel/.pico-sdk/sdk/2.1.1/src/rp2_common/pico_stdio/stdio.c.o

.debug_str      0x00000000     0x4222
 .debug_str     0x00000000     0x4222 CMakeFiles/test-pwm.dir/test-pwm.c.o
                                0x732 (size before relaxing)
 .debug_str     0x00004222      0xc71 CMakeFiles/test-pwm.dir/home/daniel/.pico-sdk/sdk/2.1.1/src/rp2_common/hardware_gpio/gpio.c.o
 .debug_str     0x00004222      0x1fc CMakeFiles/test-pwm.dir/home/daniel/.pico-sdk/sdk/2.1.1/src/rp2_common/pico_platform_panic/panic.c.o
 .debug_str     0x00004222      0x37f CMakeFiles/test-pwm.dir/home/daniel/.pico-sdk/sdk/2.1.1/src/common/hardware_claim/claim.c.o
 .debug_str     0x00004222      0x328 CMakeFiles/test-pwm.dir/home/daniel/.pico-sdk/sdk/2.1.1/src/rp2_common/hardware_sync/sync.c.o
 .debug_str     0x00004222      0x23b CMakeFiles/test-pwm.dir/home/daniel/.pico-sdk/sdk/2.1.1/src/rp2_common/hardware_sync_spin_lock/sync_spin_lock.c.o
 .debug_str     0x00004222      0xa6f CMakeFiles/test-pwm.dir/home/daniel/.pico-sdk/sdk/2.1.1/src/rp2_common/hardware_irq/irq.c.o
 .debug_str     0x00004222      0x207 CMakeFiles/test-pwm.dir/home/daniel/.pico-sdk/sdk/2.1.1/src/common/pico_sync/lock_core.c.o
 .debug_str     0x00004222      0x79a CMakeFiles/test-pwm.dir/home/daniel/.pico-sdk/sdk/2.1.1/src/common/pico_sync/mutex.c.o
 .debug_str     0x00004222     0x1190 CMakeFiles/test-pwm.dir/home/daniel/.pico-sdk/sdk/2.1.1/src/common/pico_time/time.c.o
 .debug_str     0x00004222      0x9e2 CMakeFiles/test-pwm.dir/home/daniel/.pico-sdk/sdk/2.1.1/src/rp2_common/hardware_timer/timer.c.o
 .debug_str     0x00004222      0x997 CMakeFiles/test-pwm.dir/home/daniel/.pico-sdk/sdk/2.1.1/src/rp2_common/hardware_clocks/clocks.c.o
 .debug_str     0x00004222      0x45a CMakeFiles/test-pwm.dir/home/daniel/.pico-sdk/sdk/2.1.1/src/rp2_common/hardware_pll/pll.c.o
 .debug_str     0x00004222      0x289 CMakeFiles/test-pwm.dir/home/daniel/.pico-sdk/sdk/2.1.1/src/rp2_common/hardware_ticks/ticks.c.o
 .debug_str     0x00004222      0x34e CMakeFiles/test-pwm.dir/home/daniel/.pico-sdk/sdk/2.1.1/src/rp2_common/pico_bootrom/bootrom.c.o
 .debug_str     0x00004222      0x23e CMakeFiles/test-pwm.dir/home/daniel/.pico-sdk/sdk/2.1.1/src/rp2_common/hardware_xosc/xosc.c.o
 .debug_str     0x00004222      0x28e CMakeFiles/test-pwm.dir/home/daniel/.pico-sdk/sdk/2.1.1/src/rp2_common/pico_runtime/runtime.c.o
 .debug_str     0x00004222      0x782 CMakeFiles/test-pwm.dir/home/daniel/.pico-sdk/sdk/2.1.1/src/rp2_common/pico_runtime_init/runtime_init.c.o
 .debug_str     0x00004222      0x496 CMakeFiles/test-pwm.dir/home/daniel/.pico-sdk/sdk/2.1.1/src/rp2_common/pico_runtime_init/runtime_init_clocks.c.o
 .debug_str     0x00004222       0x86 CMakeFiles/test-pwm.dir/home/daniel/.pico-sdk/sdk/2.1.1/src/rp2_common/pico_bit_ops/bit_ops_aeabi.S.o
 .debug_str     0x00004222       0x89 CMakeFiles/test-pwm.dir/home/daniel/.pico-sdk/sdk/2.1.1/src/rp2_common/pico_divider/divider_hardware.S.o
 .debug_str     0x00004222       0x8b CMakeFiles/test-pwm.dir/home/daniel/.pico-sdk/sdk/2.1.1/src/rp2_common/pico_double/double_aeabi_rp2040.S.o
 .debug_str     0x00004222      0x2d6 CMakeFiles/test-pwm.dir/home/daniel/.pico-sdk/sdk/2.1.1/src/rp2_common/pico_double/double_init_rom_rp2040.c.o
 .debug_str     0x00004222       0x91 CMakeFiles/test-pwm.dir/home/daniel/.pico-sdk/sdk/2.1.1/src/rp2_common/pico_double/double_v1_rom_shim_rp2040.S.o
 .debug_str     0x00004222       0x89 CMakeFiles/test-pwm.dir/home/daniel/.pico-sdk/sdk/2.1.1/src/rp2_common/pico_float/float_aeabi_rp2040.S.o
 .debug_str     0x00004222      0x29b CMakeFiles/test-pwm.dir/home/daniel/.pico-sdk/sdk/2.1.1/src/rp2_common/pico_float/float_init_rom_rp2040.c.o
 .debug_str     0x00004222       0x86 CMakeFiles/test-pwm.dir/home/daniel/.pico-sdk/sdk/2.1.1/src/rp2_common/pico_mem_ops/mem_ops_aeabi.S.o
 .debug_str     0x00004222      0x437 CMakeFiles/test-pwm.dir/home/daniel/.pico-sdk/sdk/2.1.1/src/rp2_common/pico_standard_binary_info/standard_binary_info.c.o
 .debug_str     0x00004222      0x4e0 CMakeFiles/test-pwm.dir/home/daniel/.pico-sdk/sdk/2.1.1/src/rp2_common/pico_printf/printf.c.o
 .debug_str     0x00004222       0x7a CMakeFiles/test-pwm.dir/home/daniel/.pico-sdk/sdk/2.1.1/src/rp2_common/pico_crt0/crt0.S.o
 .debug_str     0x00004222      0x71c CMakeFiles/test-pwm.dir/home/daniel/.pico-sdk/sdk/2.1.1/src/rp2_common/pico_clib_interface/newlib_interface.c.o
 .debug_str     0x00004222      0xac0 CMakeFiles/test-pwm.dir/home/daniel/.pico-sdk/sdk/2.1.1/src/rp2_common/pico_stdio/stdio.c.o

.debug_frame    0x00000000     0x19cc
 .debug_frame   0x00000000       0x38 CMakeFiles/test-pwm.dir/test-pwm.c.o
 .debug_frame   0x00000038      0x330 CMakeFiles/test-pwm.dir/home/daniel/.pico-sdk/sdk/2.1.1/src/rp2_common/hardware_gpio/gpio.c.o
 .debug_frame   0x00000368       0x44 CMakeFiles/test-pwm.dir/home/daniel/.pico-sdk/sdk/2.1.1/src/rp2_common/pico_platform_panic/panic.c.o
 .debug_frame   0x000003ac       0xa0 CMakeFiles/test-pwm.dir/home/daniel/.pico-sdk/sdk/2.1.1/src/common/hardware_claim/claim.c.o
 .debug_frame   0x0000044c       0xa8 CMakeFiles/test-pwm.dir/home/daniel/.pico-sdk/sdk/2.1.1/src/rp2_common/hardware_sync/sync.c.o
 .debug_frame   0x000004f4       0x30 CMakeFiles/test-pwm.dir/home/daniel/.pico-sdk/sdk/2.1.1/src/rp2_common/hardware_sync_spin_lock/sync_spin_lock.c.o
 .debug_frame   0x00000524      0x1cc CMakeFiles/test-pwm.dir/home/daniel/.pico-sdk/sdk/2.1.1/src/rp2_common/hardware_irq/irq.c.o
 .debug_frame   0x000006f0       0x20 CMakeFiles/test-pwm.dir/home/daniel/.pico-sdk/sdk/2.1.1/src/common/pico_sync/lock_core.c.o
 .debug_frame   0x00000710      0x1e8 CMakeFiles/test-pwm.dir/home/daniel/.pico-sdk/sdk/2.1.1/src/common/pico_sync/mutex.c.o
 .debug_frame   0x000008f8      0x2ec CMakeFiles/test-pwm.dir/home/daniel/.pico-sdk/sdk/2.1.1/src/common/pico_time/time.c.o
 .debug_frame   0x00000be4      0x2c4 CMakeFiles/test-pwm.dir/home/daniel/.pico-sdk/sdk/2.1.1/src/rp2_common/hardware_timer/timer.c.o
 .debug_frame   0x00000ea8      0x1f4 CMakeFiles/test-pwm.dir/home/daniel/.pico-sdk/sdk/2.1.1/src/rp2_common/hardware_clocks/clocks.c.o
 .debug_frame   0x0000109c       0x40 CMakeFiles/test-pwm.dir/home/daniel/.pico-sdk/sdk/2.1.1/src/rp2_common/hardware_pll/pll.c.o
 .debug_frame   0x000010dc       0x40 CMakeFiles/test-pwm.dir/home/daniel/.pico-sdk/sdk/2.1.1/src/rp2_common/hardware_ticks/ticks.c.o
 .debug_frame   0x0000111c       0xa0 CMakeFiles/test-pwm.dir/home/daniel/.pico-sdk/sdk/2.1.1/src/rp2_common/pico_bootrom/bootrom.c.o
 .debug_frame   0x000011bc       0x40 CMakeFiles/test-pwm.dir/home/daniel/.pico-sdk/sdk/2.1.1/src/rp2_common/hardware_xosc/xosc.c.o
 .debug_frame   0x000011fc       0x70 CMakeFiles/test-pwm.dir/home/daniel/.pico-sdk/sdk/2.1.1/src/rp2_common/pico_runtime/runtime.c.o
 .debug_frame   0x0000126c       0x84 CMakeFiles/test-pwm.dir/home/daniel/.pico-sdk/sdk/2.1.1/src/rp2_common/pico_runtime_init/runtime_init.c.o
 .debug_frame   0x000012f0       0x2c CMakeFiles/test-pwm.dir/home/daniel/.pico-sdk/sdk/2.1.1/src/rp2_common/pico_runtime_init/runtime_init_clocks.c.o
 .debug_frame   0x0000131c       0x44 CMakeFiles/test-pwm.dir/home/daniel/.pico-sdk/sdk/2.1.1/src/rp2_common/pico_double/double_init_rom_rp2040.c.o
 .debug_frame   0x00001360       0x40 CMakeFiles/test-pwm.dir/home/daniel/.pico-sdk/sdk/2.1.1/src/rp2_common/pico_float/float_init_rom_rp2040.c.o
 .debug_frame   0x000013a0      0x1f0 CMakeFiles/test-pwm.dir/home/daniel/.pico-sdk/sdk/2.1.1/src/rp2_common/pico_printf/printf.c.o
 .debug_frame   0x00001590      0x174 CMakeFiles/test-pwm.dir/home/daniel/.pico-sdk/sdk/2.1.1/src/rp2_common/pico_clib_interface/newlib_interface.c.o
 .debug_frame   0x00001704      0x2a0 CMakeFiles/test-pwm.dir/home/daniel/.pico-sdk/sdk/2.1.1/src/rp2_common/pico_stdio/stdio.c.o
 .debug_frame   0x000019a4       0x28 /home/daniel/.pico-sdk/toolchain/14_2_Rel1/bin/../lib/gcc/arm-none-eabi/14.2.1/../../../../arm-none-eabi/lib/thumb/v6-m/nofp/libg.a(libc_a-strlen-stub.o)

.debug_line_str
                0x00000000      0x2d6
 .debug_line_str
                0x00000000      0x2d6 CMakeFiles/test-pwm.dir/home/daniel/.pico-sdk/sdk/2.1.1/src/rp2_common/pico_bit_ops/bit_ops_aeabi.S.o
                                 0x78 (size before relaxing)
 .debug_line_str
                0x000002d6       0x7b CMakeFiles/test-pwm.dir/home/daniel/.pico-sdk/sdk/2.1.1/src/rp2_common/pico_divider/divider_hardware.S.o
 .debug_line_str
                0x000002d6       0x7d CMakeFiles/test-pwm.dir/home/daniel/.pico-sdk/sdk/2.1.1/src/rp2_common/pico_double/double_aeabi_rp2040.S.o
 .debug_line_str
                0x000002d6       0x83 CMakeFiles/test-pwm.dir/home/daniel/.pico-sdk/sdk/2.1.1/src/rp2_common/pico_double/double_v1_rom_shim_rp2040.S.o
 .debug_line_str
                0x000002d6       0x7b CMakeFiles/test-pwm.dir/home/daniel/.pico-sdk/sdk/2.1.1/src/rp2_common/pico_float/float_aeabi_rp2040.S.o
 .debug_line_str
                0x000002d6       0x78 CMakeFiles/test-pwm.dir/home/daniel/.pico-sdk/sdk/2.1.1/src/rp2_common/pico_mem_ops/mem_ops_aeabi.S.o
 .debug_line_str
                0x000002d6       0x6c CMakeFiles/test-pwm.dir/home/daniel/.pico-sdk/sdk/2.1.1/src/rp2_common/pico_crt0/crt0.S.o
 .debug_line_str
                0x000002d6       0xc2 /home/daniel/.pico-sdk/toolchain/14_2_Rel1/bin/../lib/gcc/arm-none-eabi/14.2.1/thumb/v6-m/nofp/libgcc.a(_dvmd_tls.o)
